Archive member included to satisfy reference by file (symbol)

/home/yul/toolchain/arm-gnu-toolchain-12.2.rel1-x86_64-arm-none-eabi/bin/../lib/gcc/arm-none-eabi/12.2.1/../../../../arm-none-eabi/lib/thumb/v8-m.main+fp/hard/libc_nano.a(libc_a-exit.o)
                              /home/yul/toolchain/arm-gnu-toolchain-12.2.rel1-x86_64-arm-none-eabi/bin/../lib/gcc/arm-none-eabi/12.2.1/../../../../arm-none-eabi/lib/thumb/v8-m.main+fp/hard/crt0.o (exit)
/home/yul/toolchain/arm-gnu-toolchain-12.2.rel1-x86_64-arm-none-eabi/bin/../lib/gcc/arm-none-eabi/12.2.1/../../../../arm-none-eabi/lib/thumb/v8-m.main+fp/hard/libc_nano.a(libc_a-init.o)
                              /home/yul/toolchain/arm-gnu-toolchain-12.2.rel1-x86_64-arm-none-eabi/bin/../lib/gcc/arm-none-eabi/12.2.1/../../../../arm-none-eabi/lib/thumb/v8-m.main+fp/hard/crt0.o (__libc_init_array)
/home/yul/toolchain/arm-gnu-toolchain-12.2.rel1-x86_64-arm-none-eabi/bin/../lib/gcc/arm-none-eabi/12.2.1/../../../../arm-none-eabi/lib/thumb/v8-m.main+fp/hard/libc_nano.a(libc_a-strcmp.o)
                              build/shell.o (strcmp)
/home/yul/toolchain/arm-gnu-toolchain-12.2.rel1-x86_64-arm-none-eabi/bin/../lib/gcc/arm-none-eabi/12.2.1/../../../../arm-none-eabi/lib/thumb/v8-m.main+fp/hard/libc_nano.a(libc_a-printf.o)
                              build/shell.o (printf)
/home/yul/toolchain/arm-gnu-toolchain-12.2.rel1-x86_64-arm-none-eabi/bin/../lib/gcc/arm-none-eabi/12.2.1/../../../../arm-none-eabi/lib/thumb/v8-m.main+fp/hard/libc_nano.a(libc_a-nano-vfprintf.o)
                              /home/yul/toolchain/arm-gnu-toolchain-12.2.rel1-x86_64-arm-none-eabi/bin/../lib/gcc/arm-none-eabi/12.2.1/../../../../arm-none-eabi/lib/thumb/v8-m.main+fp/hard/libc_nano.a(libc_a-printf.o) (_vfprintf_r)
/home/yul/toolchain/arm-gnu-toolchain-12.2.rel1-x86_64-arm-none-eabi/bin/../lib/gcc/arm-none-eabi/12.2.1/../../../../arm-none-eabi/lib/thumb/v8-m.main+fp/hard/libc_nano.a(libc_a-wbuf.o)
                              /home/yul/toolchain/arm-gnu-toolchain-12.2.rel1-x86_64-arm-none-eabi/bin/../lib/gcc/arm-none-eabi/12.2.1/../../../../arm-none-eabi/lib/thumb/v8-m.main+fp/hard/libc_nano.a(libc_a-nano-vfprintf.o) (__swbuf_r)
/home/yul/toolchain/arm-gnu-toolchain-12.2.rel1-x86_64-arm-none-eabi/bin/../lib/gcc/arm-none-eabi/12.2.1/../../../../arm-none-eabi/lib/thumb/v8-m.main+fp/hard/libc_nano.a(libc_a-wsetup.o)
                              /home/yul/toolchain/arm-gnu-toolchain-12.2.rel1-x86_64-arm-none-eabi/bin/../lib/gcc/arm-none-eabi/12.2.1/../../../../arm-none-eabi/lib/thumb/v8-m.main+fp/hard/libc_nano.a(libc_a-nano-vfprintf.o) (__swsetup_r)
/home/yul/toolchain/arm-gnu-toolchain-12.2.rel1-x86_64-arm-none-eabi/bin/../lib/gcc/arm-none-eabi/12.2.1/../../../../arm-none-eabi/lib/thumb/v8-m.main+fp/hard/libc_nano.a(libc_a-putchar.o)
                              build/shell.o (putchar)
/home/yul/toolchain/arm-gnu-toolchain-12.2.rel1-x86_64-arm-none-eabi/bin/../lib/gcc/arm-none-eabi/12.2.1/../../../../arm-none-eabi/lib/thumb/v8-m.main+fp/hard/libc_nano.a(libc_a-nano-vfprintf_i.o)
                              /home/yul/toolchain/arm-gnu-toolchain-12.2.rel1-x86_64-arm-none-eabi/bin/../lib/gcc/arm-none-eabi/12.2.1/../../../../arm-none-eabi/lib/thumb/v8-m.main+fp/hard/libc_nano.a(libc_a-nano-vfprintf.o) (_printf_i)
/home/yul/toolchain/arm-gnu-toolchain-12.2.rel1-x86_64-arm-none-eabi/bin/../lib/gcc/arm-none-eabi/12.2.1/../../../../arm-none-eabi/lib/thumb/v8-m.main+fp/hard/libc_nano.a(libc_a-puts.o)
                              build/main.o (puts)
/home/yul/toolchain/arm-gnu-toolchain-12.2.rel1-x86_64-arm-none-eabi/bin/../lib/gcc/arm-none-eabi/12.2.1/../../../../arm-none-eabi/lib/thumb/v8-m.main+fp/hard/libc_nano.a(libc_a-impure.o)
                              build/shell.o (_impure_ptr)
/home/yul/toolchain/arm-gnu-toolchain-12.2.rel1-x86_64-arm-none-eabi/bin/../lib/gcc/arm-none-eabi/12.2.1/../../../../arm-none-eabi/lib/thumb/v8-m.main+fp/hard/libc_nano.a(libc_a-fflush.o)
                              /home/yul/toolchain/arm-gnu-toolchain-12.2.rel1-x86_64-arm-none-eabi/bin/../lib/gcc/arm-none-eabi/12.2.1/../../../../arm-none-eabi/lib/thumb/v8-m.main+fp/hard/libc_nano.a(libc_a-wbuf.o) (_fflush_r)
/home/yul/toolchain/arm-gnu-toolchain-12.2.rel1-x86_64-arm-none-eabi/bin/../lib/gcc/arm-none-eabi/12.2.1/../../../../arm-none-eabi/lib/thumb/v8-m.main+fp/hard/libc_nano.a(libc_a-memchr-stub.o)
                              /home/yul/toolchain/arm-gnu-toolchain-12.2.rel1-x86_64-arm-none-eabi/bin/../lib/gcc/arm-none-eabi/12.2.1/../../../../arm-none-eabi/lib/thumb/v8-m.main+fp/hard/libc_nano.a(libc_a-nano-vfprintf.o) (memchr)
/home/yul/toolchain/arm-gnu-toolchain-12.2.rel1-x86_64-arm-none-eabi/bin/../lib/gcc/arm-none-eabi/12.2.1/../../../../arm-none-eabi/lib/thumb/v8-m.main+fp/hard/libc_nano.a(libc_a-memcpy-stub.o)
                              build/shell.o (memcpy)
[...]
Memory Configuration

Name             Origin             Length             Attributes
RAM              0x0000000020000000 0x0000000000030000 xrw
RAM2             0x0000000020030000 0x0000000000010000 xrw
ROM              0x0000000008000000 0x0000000000080000 xr
*default*        0x0000000000000000 0xffffffffffffffff

Linker script and memory map

LOAD /home/yul/toolchain/arm-gnu-toolchain-12.2.rel1-x86_64-arm-none-eabi/bin/../lib/gcc/arm-none-eabi/12.2.1/thumb/v8-m.main+fp/hard/crti.o
LOAD /home/yul/toolchain/arm-gnu-toolchain-12.2.rel1-x86_64-arm-none-eabi/bin/../lib/gcc/arm-none-eabi/12.2.1/thumb/v8-m.main+fp/hard/crtbegin.o
LOAD /home/yul/toolchain/arm-gnu-toolchain-12.2.rel1-x86_64-arm-none-eabi/bin/../lib/gcc/arm-none-eabi/12.2.1/../../../../arm-none-eabi/lib/thumb/v8-m.main+fp/hard/crt0.o
LOAD build/main.o
LOAD build/shell.o
LOAD build/is31fl3737.o
LOAD build/keyboard.o
LOAD build/stm32l5xx_it.o
LOAD build/stm32l5xx_hal_msp.o
LOAD build/usbd_conf.o
LOAD build/usb_device.o
LOAD build/usbd_desc.o
LOAD build/usbd_cdc_if.o
LOAD build/stm32l5xx_hal_pcd.o
LOAD build/stm32l5xx_hal_pcd_ex.o
LOAD build/stm32l5xx_ll_usb.o
LOAD build/stm32l5xx_hal.o
LOAD build/stm32l5xx_hal_i2c.o
LOAD build/stm32l5xx_hal_i2c_ex.o
LOAD build/stm32l5xx_hal_rcc.o
LOAD build/stm32l5xx_hal_rcc_ex.o
LOAD build/stm32l5xx_hal_flash.o
LOAD build/stm32l5xx_hal_flash_ex.o
LOAD build/stm32l5xx_hal_flash_ramfunc.o
LOAD build/stm32l5xx_hal_gpio.o
LOAD build/stm32l5xx_hal_dma.o
LOAD build/stm32l5xx_hal_dma_ex.o
LOAD build/stm32l5xx_hal_exti.o
LOAD build/stm32l5xx_hal_pwr.o
LOAD build/stm32l5xx_hal_pwr_ex.o
LOAD build/stm32l5xx_hal_cortex.o
LOAD build/stm32l5xx_hal_icache.o
LOAD build/stm32l5xx_hal_tim.o
LOAD build/stm32l5xx_hal_tim_ex.o
LOAD build/stm32l5xx_hal_uart.o
LOAD build/stm32l5xx_hal_uart_ex.o
LOAD build/system_stm32l5xx.o
LOAD build/usbd_core.o
LOAD build/usbd_ctlreq.o
LOAD build/usbd_ioreq.o
LOAD build/usbd_cdc.o
LOAD build/startup_stm32l562xx.o
LOAD /home/yul/toolchain/arm-gnu-toolchain-12.2.rel1-x86_64-arm-none-eabi/bin/../lib/gcc/arm-none-eabi/12.2.1/../../../../arm-none-eabi/lib/thumb/v8-m.main+fp/hard/libc_nano.a
LOAD /home/yul/toolchain/arm-gnu-toolchain-12.2.rel1-x86_64-arm-none-eabi/bin/../lib/gcc/arm-none-eabi/12.2.1/../../../../arm-none-eabi/lib/thumb/v8-m.main+fp/hard/libm.a
LOAD /home/yul/toolchain/arm-gnu-toolchain-12.2.rel1-x86_64-arm-none-eabi/bin/../lib/gcc/arm-none-eabi/12.2.1/../../../../arm-none-eabi/lib/thumb/v8-m.main+fp/hard/libnosys.a
START GROUP
LOAD /home/yul/toolchain/arm-gnu-toolchain-12.2.rel1-x86_64-arm-none-eabi/bin/../lib/gcc/arm-none-eabi/12.2.1/thumb/v8-m.main+fp/hard/libgcc.a
LOAD /home/yul/toolchain/arm-gnu-toolchain-12.2.rel1-x86_64-arm-none-eabi/bin/../lib/gcc/arm-none-eabi/12.2.1/../../../../arm-none-eabi/lib/thumb/v8-m.main+fp/hard/libc_nano.a
END GROUP
START GROUP
LOAD /home/yul/toolchain/arm-gnu-toolchain-12.2.rel1-x86_64-arm-none-eabi/bin/../lib/gcc/arm-none-eabi/12.2.1/thumb/v8-m.main+fp/hard/libgcc.a
LOAD /home/yul/toolchain/arm-gnu-toolchain-12.2.rel1-x86_64-arm-none-eabi/bin/../lib/gcc/arm-none-eabi/12.2.1/../../../../arm-none-eabi/lib/thumb/v8-m.main+fp/hard/libc_nano.a
END GROUP
LOAD /home/yul/toolchain/arm-gnu-toolchain-12.2.rel1-x86_64-arm-none-eabi/bin/../lib/gcc/arm-none-eabi/12.2.1/thumb/v8-m.main+fp/hard/crtend.o
LOAD /home/yul/toolchain/arm-gnu-toolchain-12.2.rel1-x86_64-arm-none-eabi/bin/../lib/gcc/arm-none-eabi/12.2.1/thumb/v8-m.main+fp/hard/crtn.o
                0x0000000020030000                _estack = (ORIGIN (RAM) + LENGTH (RAM))
                0x0000000000000200                _Min_Heap_Size = 0x200
                0x0000000000004000                _Min_Stack_Size = 0x4000

.isr_vector     0x0000000008000000      0x1f8
                0x0000000008000000                . = ALIGN (0x8)
 *(.isr_vector)
 .isr_vector    0x0000000008000000      0x1f4 build/startup_stm32l562xx.o
                0x0000000008000000                g_pfnVectors
                0x00000000080001f8                . = ALIGN (0x8)
 *fill*         0x00000000080001f4        0x4 

.text           0x00000000080001f8     0x7c98
                0x00000000080001f8                . = ALIGN (0x8)
 *(.text)
 .text          0x00000000080001f8       0x14 /home/yul/toolchain/arm-gnu-toolchain-12.2.rel1-x86_64-arm-none-eabi/bin/../lib/gcc/arm-none-eabi/12.2.1/../../../../arm-none-eabi/lib/thumb/v8-m.main+fp/hard/libc_nano.a(libc_a-strcmp.o)
                0x00000000080001f8                strcmp
 .text          0x000000000800020c       0x30 /home/yul/toolchain/arm-gnu-toolchain-12.2.rel1-x86_64-arm-none-eabi/bin/../lib/gcc/arm-none-eabi/12.2.1/thumb/v8-m.main+fp/hard/libgcc.a(_aeabi_uldivmod.o)
                0x000000000800020c                __aeabi_uldivmod
 .text          0x000000000800023c        0x4 /home/yul/toolchain/arm-gnu-toolchain-12.2.rel1-x86_64-arm-none-eabi/bin/../lib/gcc/arm-none-eabi/12.2.1/thumb/v8-m.main+fp/hard/libgcc.a(_dvmd_tls.o)
                0x000000000800023c                __aeabi_ldiv0
                0x000000000800023c                __aeabi_idiv0
 *(.text*)
 .text.deregister_tm_clones
                0x0000000008000240       0x1c /home/yul/toolchain/arm-gnu-toolchain-12.2.rel1-x86_64-arm-none-eabi/bin/../lib/gcc/arm-none-eabi/12.2.1/thumb/v8-m.main+fp/hard/crtbegin.o
 .text.register_tm_clones
                0x000000000800025c       0x28 /home/yul/toolchain/arm-gnu-toolchain-12.2.rel1-x86_64-arm-none-eabi/bin/../lib/gcc/arm-none-eabi/12.2.1/thumb/v8-m.main+fp/hard/crtbegin.o
 .text.__do_global_dtors_aux
                0x0000000008000284       0x28 /home/yul/toolchain/arm-gnu-toolchain-12.2.rel1-x86_64-arm-none-eabi/bin/../lib/gcc/arm-none-eabi/12.2.1/thumb/v8-m.main+fp/hard/crtbegin.o
 .text.frame_dummy
                0x00000000080002ac       0x24 /home/yul/toolchain/arm-gnu-toolchain-12.2.rel1-x86_64-arm-none-eabi/bin/../lib/gcc/arm-none-eabi/12.2.1/thumb/v8-m.main+fp/hard/crtbegin.o
 .text.MX_GPIO_Init
                0x00000000080002d0       0xe0 build/main.o
 .text._write   0x00000000080003b0       0x28 build/main.o
                0x00000000080003b0                _write
 .text.Error_Handler
                0x00000000080003d8        0x4 build/main.o
                0x00000000080003d8                Error_Handler
 .text.MX_I2C1_Init
                0x00000000080003dc       0x54 build/main.o
 .text.MX_I2C2_Init
                0x0000000008000430       0x54 build/main.o
 .text.MX_USART3_UART_Init
                0x0000000008000484       0x60 build/main.o
 .text.MX_ICACHE_Init
                0x00000000080004e4       0x1a build/main.o
 .text.SystemClock_Config
                0x00000000080004fe       0x7e build/main.o
                0x00000000080004fe                SystemClock_Config
 .text.main     0x000000000800057c       0x58 build/main.o
                0x000000000800057c                main
 .text.__NVIC_SystemReset
                0x00000000080005d4       0x24 build/shell.o
 .text.shell_check_cmd
                0x00000000080005f8        0xe build/shell.o
                0x00000000080005f8                shell_check_cmd
 .text.shell_reset
                0x0000000008000606        0x6 build/shell.o
                0x0000000008000606                shell_reset
 .text.gpio_handler
                0x000000000800060c       0x20 build/shell.o
                0x000000000800060c                gpio_handler
 .text.i2c_handler
                0x000000000800062c       0xa4 build/shell.o
                0x000000000800062c                i2c_handler
 .text.leds_handler
                0x00000000080006d0      0x104 build/shell.o
                0x00000000080006d0                leds_handler
 .text.shell_process_cmd
                0x00000000080007d4       0xe0 build/shell.o
                0x00000000080007d4                shell_process_cmd
 .text.shell_start
                0x00000000080008b4       0xd4 build/shell.o
                0x00000000080008b4                shell_start
 .text.IS31FL3737_write_register
                0x0000000008000988       0x44 build/is31fl3737.o
                0x0000000008000988                IS31FL3737_write_register
 .text.IS31FL3737_init
                0x00000000080009cc       0x90 build/is31fl3737.o
                0x00000000080009cc                IS31FL3737_init
 .text.get_bit_position
                0x0000000008000a5c       0x16 build/keyboard.o
                0x0000000008000a5c                get_bit_position
 *fill*         0x0000000008000a72        0x2 
 .text.scan_matrix
                0x0000000008000a74       0x70 build/keyboard.o
                0x0000000008000a74                scan_matrix
 .text.process_matrix
                0x0000000008000ae4       0x40 build/keyboard.o
                0x0000000008000ae4                process_matrix
 .text.NMI_Handler
                0x0000000008000b24        0x2 build/stm32l5xx_it.o
                0x0000000008000b24                NMI_Handler
 .text.HardFault_Handler
                0x0000000008000b26        0x2 build/stm32l5xx_it.o
                0x0000000008000b26                HardFault_Handler
 .text.MemManage_Handler
                0x0000000008000b28        0x2 build/stm32l5xx_it.o
                0x0000000008000b28                MemManage_Handler
 .text.BusFault_Handler
                0x0000000008000b2a        0x2 build/stm32l5xx_it.o
                0x0000000008000b2a                BusFault_Handler
 .text.UsageFault_Handler
                0x0000000008000b2c        0x2 build/stm32l5xx_it.o
                0x0000000008000b2c                UsageFault_Handler
 .text.SVC_Handler
                0x0000000008000b2e        0x2 build/stm32l5xx_it.o
                0x0000000008000b2e                SVC_Handler
 .text.DebugMon_Handler
                0x0000000008000b30        0x2 build/stm32l5xx_it.o
                0x0000000008000b30                DebugMon_Handler
 .text.PendSV_Handler
                0x0000000008000b32        0x2 build/stm32l5xx_it.o
                0x0000000008000b32                PendSV_Handler
 .text.SysTick_Handler
                0x0000000008000b34        0x8 build/stm32l5xx_it.o
                0x0000000008000b34                SysTick_Handler
 .text.USB_FS_IRQHandler
                0x0000000008000b3c       0x10 build/stm32l5xx_it.o
                0x0000000008000b3c                USB_FS_IRQHandler
 .text.HAL_MspInit
                0x0000000008000b4c       0x38 build/stm32l5xx_hal_msp.o
                0x0000000008000b4c                HAL_MspInit
 .text.HAL_I2C_MspInit
                0x0000000008000b84       0xf4 build/stm32l5xx_hal_msp.o
                0x0000000008000b84                HAL_I2C_MspInit
 .text.HAL_UART_MspInit
                0x0000000008000c78       0x8c build/stm32l5xx_hal_msp.o
                0x0000000008000c78                HAL_UART_MspInit
 .text.USBD_Get_USB_Status
                0x0000000008000d04       0x14 build/usbd_conf.o
 .text.SystemClockConfig_Resume
                0x0000000008000d18        0x8 build/usbd_conf.o
 .text.HAL_PCD_MspInit
                0x0000000008000d20       0xbc build/usbd_conf.o
                0x0000000008000d20                HAL_PCD_MspInit
 .text.HAL_PCD_SetupStageCallback
                0x0000000008000ddc       0x10 build/usbd_conf.o
                0x0000000008000ddc                HAL_PCD_SetupStageCallback
 .text.HAL_PCD_DataOutStageCallback
                0x0000000008000dec       0x18 build/usbd_conf.o
                0x0000000008000dec                HAL_PCD_DataOutStageCallback
 .text.HAL_PCD_DataInStageCallback
                0x0000000008000e04       0x16 build/usbd_conf.o
                0x0000000008000e04                HAL_PCD_DataInStageCallback
 .text.HAL_PCD_SOFCallback
                0x0000000008000e1a        0xc build/usbd_conf.o
                0x0000000008000e1a                HAL_PCD_SOFCallback
 .text.HAL_PCD_ResetCallback
                0x0000000008000e26       0x24 build/usbd_conf.o
                0x0000000008000e26                HAL_PCD_ResetCallback
 *fill*         0x0000000008000e4a        0x2 
 .text.HAL_PCD_SuspendCallback
                0x0000000008000e4c       0x20 build/usbd_conf.o
                0x0000000008000e4c                HAL_PCD_SuspendCallback
 .text.HAL_PCD_ResumeCallback
                0x0000000008000e6c       0x28 build/usbd_conf.o
                0x0000000008000e6c                HAL_PCD_ResumeCallback
 .text.USBD_LL_Init
                0x0000000008000e94       0x90 build/usbd_conf.o
                0x0000000008000e94                USBD_LL_Init
 .text.USBD_LL_Start
                0x0000000008000f24       0x10 build/usbd_conf.o
                0x0000000008000f24                USBD_LL_Start
 .text.USBD_LL_OpenEP
                0x0000000008000f34       0x16 build/usbd_conf.o
                0x0000000008000f34                USBD_LL_OpenEP
 .text.USBD_LL_CloseEP
                0x0000000008000f4a       0x10 build/usbd_conf.o
                0x0000000008000f4a                USBD_LL_CloseEP
 .text.USBD_LL_StallEP
                0x0000000008000f5a       0x10 build/usbd_conf.o
                0x0000000008000f5a                USBD_LL_StallEP
 .text.USBD_LL_ClearStallEP
                0x0000000008000f6a       0x10 build/usbd_conf.o
                0x0000000008000f6a                USBD_LL_ClearStallEP
 .text.USBD_LL_IsStallEP
                0x0000000008000f7a       0x2e build/usbd_conf.o
                0x0000000008000f7a                USBD_LL_IsStallEP
 .text.USBD_LL_SetUSBAddress
                0x0000000008000fa8       0x10 build/usbd_conf.o
                0x0000000008000fa8                USBD_LL_SetUSBAddress
 .text.USBD_LL_Transmit
                0x0000000008000fb8       0x10 build/usbd_conf.o
                0x0000000008000fb8                USBD_LL_Transmit
 .text.USBD_LL_PrepareReceive
                0x0000000008000fc8       0x10 build/usbd_conf.o
                0x0000000008000fc8                USBD_LL_PrepareReceive
 .text.USBD_LL_GetRxDataSize
                0x0000000008000fd8        0xc build/usbd_conf.o
                0x0000000008000fd8                USBD_LL_GetRxDataSize
 .text.HAL_PCDEx_LPM_Callback
                0x0000000008000fe4       0x48 build/usbd_conf.o
                0x0000000008000fe4                HAL_PCDEx_LPM_Callback
 .text.USBD_static_malloc
                0x000000000800102c        0x8 build/usbd_conf.o
                0x000000000800102c                USBD_static_malloc
 .text.USBD_static_free
                0x0000000008001034        0x2 build/usbd_conf.o
                0x0000000008001034                USBD_static_free
 *fill*         0x0000000008001036        0x2 
 .text.MX_USB_Device_Init
                0x0000000008001038       0x54 build/usb_device.o
                0x0000000008001038                MX_USB_Device_Init
 .text.USBD_CDC_DeviceDescriptor
                0x000000000800108c        0xc build/usbd_desc.o
                0x000000000800108c                USBD_CDC_DeviceDescriptor
 .text.USBD_CDC_LangIDStrDescriptor
                0x0000000008001098        0xc build/usbd_desc.o
                0x0000000008001098                USBD_CDC_LangIDStrDescriptor
 .text.IntToUnicode
                0x00000000080010a4       0x46 build/usbd_desc.o
 *fill*         0x00000000080010ea        0x2 
 .text.Get_SerialNum
                0x00000000080010ec       0x38 build/usbd_desc.o
 .text.USBD_CDC_SerialStrDescriptor
                0x0000000008001124       0x14 build/usbd_desc.o
                0x0000000008001124                USBD_CDC_SerialStrDescriptor
 .text.USBD_CDC_ProductStrDescriptor
                0x0000000008001138       0x24 build/usbd_desc.o
                0x0000000008001138                USBD_CDC_ProductStrDescriptor
 .text.USBD_CDC_ManufacturerStrDescriptor
                0x000000000800115c       0x1c build/usbd_desc.o
                0x000000000800115c                USBD_CDC_ManufacturerStrDescriptor
 .text.USBD_CDC_ConfigStrDescriptor
                0x0000000008001178       0x24 build/usbd_desc.o
                0x0000000008001178                USBD_CDC_ConfigStrDescriptor
 .text.USBD_CDC_InterfaceStrDescriptor
                0x000000000800119c       0x24 build/usbd_desc.o
                0x000000000800119c                USBD_CDC_InterfaceStrDescriptor
 .text.CDC_DeInit_FS
                0x00000000080011c0        0x4 build/usbd_cdc_if.o
 .text.CDC_Control_FS
                0x00000000080011c4        0x4 build/usbd_cdc_if.o
 .text.CDC_TransmitCplt_FS
                0x00000000080011c8        0x4 build/usbd_cdc_if.o
 .text.CDC_Receive_FS
                0x00000000080011cc       0x38 build/usbd_cdc_if.o
 .text.CDC_Init_FS
                0x0000000008001204       0x28 build/usbd_cdc_if.o
 .text.CDC_Transmit_FS
                0x000000000800122c       0x2c build/usbd_cdc_if.o
                0x000000000800122c                CDC_Transmit_FS
 .text.VCP_retrieveInputData
                0x0000000008001258       0x38 build/usbd_cdc_if.o
                0x0000000008001258                VCP_retrieveInputData
 .text.HAL_PCD_EP_DB_Receive
                0x0000000008001290      0x118 build/stm32l5xx_hal_pcd.o
 .text.HAL_PCD_Init
                0x00000000080013a8       0xdc build/stm32l5xx_hal_pcd.o
                0x00000000080013a8                HAL_PCD_Init
 .text.HAL_PCD_Start
                0x0000000008001484       0x2a build/stm32l5xx_hal_pcd.o
                0x0000000008001484                HAL_PCD_Start
 .text.HAL_PCD_EP_DB_Transmit
                0x00000000080014ae      0x414 build/stm32l5xx_hal_pcd.o
 .text.PCD_EP_ISR_Handler
                0x00000000080018c2      0x520 build/stm32l5xx_hal_pcd.o
 .text.HAL_PCD_SetAddress
                0x0000000008001de2       0x28 build/stm32l5xx_hal_pcd.o
                0x0000000008001de2                HAL_PCD_SetAddress
 .text.HAL_PCD_IRQHandler
                0x0000000008001e0a      0x1b2 build/stm32l5xx_hal_pcd.o
                0x0000000008001e0a                HAL_PCD_IRQHandler
 .text.HAL_PCD_EP_Open
                0x0000000008001fbc       0x7c build/stm32l5xx_hal_pcd.o
                0x0000000008001fbc                HAL_PCD_EP_Open
 .text.HAL_PCD_EP_Close
                0x0000000008002038       0x64 build/stm32l5xx_hal_pcd.o
                0x0000000008002038                HAL_PCD_EP_Close
 .text.HAL_PCD_EP_Receive
                0x000000000800209c       0x3a build/stm32l5xx_hal_pcd.o
                0x000000000800209c                HAL_PCD_EP_Receive
 .text.HAL_PCD_EP_GetRxCount
                0x00000000080020d6       0x12 build/stm32l5xx_hal_pcd.o
                0x00000000080020d6                HAL_PCD_EP_GetRxCount
 .text.HAL_PCD_EP_Transmit
                0x00000000080020e8       0x44 build/stm32l5xx_hal_pcd.o
                0x00000000080020e8                HAL_PCD_EP_Transmit
 .text.HAL_PCD_EP_SetStall
                0x000000000800212c       0x6a build/stm32l5xx_hal_pcd.o
                0x000000000800212c                HAL_PCD_EP_SetStall
 .text.HAL_PCD_EP_ClrStall
                0x0000000008002196       0x76 build/stm32l5xx_hal_pcd.o
                0x0000000008002196                HAL_PCD_EP_ClrStall
 .text.HAL_PCDEx_PMAConfig
                0x000000000800220c       0x38 build/stm32l5xx_hal_pcd_ex.o
                0x000000000800220c                HAL_PCDEx_PMAConfig
 .text.HAL_PCDEx_ActivateLPM
                0x0000000008002244       0x2c build/stm32l5xx_hal_pcd_ex.o
                0x0000000008002244                HAL_PCDEx_ActivateLPM
 .text.USB_EnableGlobalInt
                0x0000000008002270       0x12 build/stm32l5xx_ll_usb.o
                0x0000000008002270                USB_EnableGlobalInt
 .text.USB_DisableGlobalInt
                0x0000000008002282       0x14 build/stm32l5xx_ll_usb.o
                0x0000000008002282                USB_DisableGlobalInt
 .text.USB_DevInit
                0x0000000008002296       0x22 build/stm32l5xx_ll_usb.o
                0x0000000008002296                USB_DevInit
 .text.USB_ActivateEndpoint
                0x00000000080022b8      0x3ca build/stm32l5xx_ll_usb.o
                0x00000000080022b8                USB_ActivateEndpoint
 .text.USB_DeactivateEndpoint
                0x0000000008002682      0x1d6 build/stm32l5xx_ll_usb.o
                0x0000000008002682                USB_DeactivateEndpoint
 .text.USB_EPSetStall
                0x0000000008002858       0x4a build/stm32l5xx_ll_usb.o
                0x0000000008002858                USB_EPSetStall
 .text.USB_EPClearStall
                0x00000000080028a2       0xa2 build/stm32l5xx_ll_usb.o
                0x00000000080028a2                USB_EPClearStall
 .text.USB_SetDevAddress
                0x0000000008002944        0xc build/stm32l5xx_ll_usb.o
                0x0000000008002944                USB_SetDevAddress
 .text.USB_DevConnect
                0x0000000008002950       0x16 build/stm32l5xx_ll_usb.o
                0x0000000008002950                USB_DevConnect
 .text.USB_ReadInterrupts
                0x0000000008002966        0x8 build/stm32l5xx_ll_usb.o
                0x0000000008002966                USB_ReadInterrupts
 .text.USB_WritePMA
                0x000000000800296e       0x24 build/stm32l5xx_ll_usb.o
                0x000000000800296e                USB_WritePMA
 .text.USB_EPStartXfer
                0x0000000008002992      0x7ce build/stm32l5xx_ll_usb.o
                0x0000000008002992                USB_EPStartXfer
 .text.USB_ReadPMA
                0x0000000008003160       0x30 build/stm32l5xx_ll_usb.o
                0x0000000008003160                USB_ReadPMA
 .text.HAL_InitTick
                0x0000000008003190       0x50 build/stm32l5xx_hal.o
                0x0000000008003190                HAL_InitTick
 .text.HAL_Init
                0x00000000080031e0       0x22 build/stm32l5xx_hal.o
                0x00000000080031e0                HAL_Init
 *fill*         0x0000000008003202        0x2 
 .text.HAL_IncTick
                0x0000000008003204       0x18 build/stm32l5xx_hal.o
                0x0000000008003204                HAL_IncTick
 .text.HAL_GetTick
                0x000000000800321c        0xc build/stm32l5xx_hal.o
                0x000000000800321c                HAL_GetTick
 .text.HAL_Delay
                0x0000000008003228       0x28 build/stm32l5xx_hal.o
                0x0000000008003228                HAL_Delay
 .text.I2C_Flush_TXDR
                0x0000000008003250       0x22 build/stm32l5xx_hal_i2c.o
 .text.I2C_TransferConfig
                0x0000000008003272       0x3c build/stm32l5xx_hal_i2c.o
 .text.I2C_IsErrorOccurred
                0x00000000080032ae      0x114 build/stm32l5xx_hal_i2c.o
 .text.I2C_WaitOnTXISFlagUntilTimeout
                0x00000000080033c2       0x60 build/stm32l5xx_hal_i2c.o
 .text.I2C_WaitOnFlagUntilTimeout
                0x0000000008003422       0x6a build/stm32l5xx_hal_i2c.o
 .text.I2C_WaitOnSTOPFlagUntilTimeout
                0x000000000800348c       0x5e build/stm32l5xx_hal_i2c.o
 .text.HAL_I2C_Init
                0x00000000080034ea       0xbc build/stm32l5xx_hal_i2c.o
                0x00000000080034ea                HAL_I2C_Init
 *fill*         0x00000000080035a6        0x2 
 .text.HAL_I2C_Master_Transmit
                0x00000000080035a8      0x17c build/stm32l5xx_hal_i2c.o
                0x00000000080035a8                HAL_I2C_Master_Transmit
 .text.HAL_I2C_IsDeviceReady
                0x0000000008003724      0x16c build/stm32l5xx_hal_i2c.o
                0x0000000008003724                HAL_I2C_IsDeviceReady
 .text.HAL_I2CEx_ConfigAnalogFilter
                0x0000000008003890       0x5c build/stm32l5xx_hal_i2c_ex.o
                0x0000000008003890                HAL_I2CEx_ConfigAnalogFilter
 .text.HAL_I2CEx_ConfigDigitalFilter
                0x00000000080038ec       0x58 build/stm32l5xx_hal_i2c_ex.o
                0x00000000080038ec                HAL_I2CEx_ConfigDigitalFilter
 .text.RCC_GetSysClockFreqFromPLLSource
                0x0000000008003944       0x90 build/stm32l5xx_hal_rcc.o
 .text.RCC_SetFlashLatencyFromMSIRange
                0x00000000080039d4       0x94 build/stm32l5xx_hal_rcc.o
 .text.HAL_RCC_GetSysClockFreq
                0x0000000008003a68       0xd8 build/stm32l5xx_hal_rcc.o
                0x0000000008003a68                HAL_RCC_GetSysClockFreq
 .text.HAL_RCC_GetHCLKFreq
                0x0000000008003b40       0x20 build/stm32l5xx_hal_rcc.o
                0x0000000008003b40                HAL_RCC_GetHCLKFreq
 .text.HAL_RCC_OscConfig
                0x0000000008003b60      0x7b4 build/stm32l5xx_hal_rcc.o
                0x0000000008003b60                HAL_RCC_OscConfig
 .text.HAL_RCC_ClockConfig
                0x0000000008004314      0x1fc build/stm32l5xx_hal_rcc.o
                0x0000000008004314                HAL_RCC_ClockConfig
 .text.HAL_RCC_GetPCLK1Freq
                0x0000000008004510       0x20 build/stm32l5xx_hal_rcc.o
                0x0000000008004510                HAL_RCC_GetPCLK1Freq
 .text.HAL_RCC_GetPCLK2Freq
                0x0000000008004530       0x20 build/stm32l5xx_hal_rcc.o
                0x0000000008004530                HAL_RCC_GetPCLK2Freq
 .text.RCCEx_PLLSAI2_Config
                0x0000000008004550       0xe0 build/stm32l5xx_hal_rcc_ex.o
 .text.RCCEx_PLLSAI1_Config
                0x0000000008004630      0x140 build/stm32l5xx_hal_rcc_ex.o
 .text.HAL_RCCEx_PeriphCLKConfig
                0x0000000008004770      0x568 build/stm32l5xx_hal_rcc_ex.o
                0x0000000008004770                HAL_RCCEx_PeriphCLKConfig
 .text.HAL_GPIO_Init
                0x0000000008004cd8      0x1c8 build/stm32l5xx_hal_gpio.o
                0x0000000008004cd8                HAL_GPIO_Init
 .text.HAL_GPIO_ReadPin
                0x0000000008004ea0        0xe build/stm32l5xx_hal_gpio.o
                0x0000000008004ea0                HAL_GPIO_ReadPin
 .text.HAL_GPIO_WritePin
                0x0000000008004eae        0xa build/stm32l5xx_hal_gpio.o
                0x0000000008004eae                HAL_GPIO_WritePin
 .text.HAL_PWREx_GetVoltageRange
                0x0000000008004eb8       0x10 build/stm32l5xx_hal_pwr_ex.o
                0x0000000008004eb8                HAL_PWREx_GetVoltageRange
 .text.HAL_PWREx_EnableVddUSB
                0x0000000008004ec8       0x10 build/stm32l5xx_hal_pwr_ex.o
                0x0000000008004ec8                HAL_PWREx_EnableVddUSB
 .text.HAL_PWREx_DisableUCPDDeadBattery
                0x0000000008004ed8       0x10 build/stm32l5xx_hal_pwr_ex.o
                0x0000000008004ed8                HAL_PWREx_DisableUCPDDeadBattery
 .text.HAL_PWREx_SMPS_GetEffectiveMode
                0x0000000008004ee8       0x24 build/stm32l5xx_hal_pwr_ex.o
                0x0000000008004ee8                HAL_PWREx_SMPS_GetEffectiveMode
 .text.HAL_PWREx_ControlVoltageScaling
                0x0000000008004f0c       0x90 build/stm32l5xx_hal_pwr_ex.o
                0x0000000008004f0c                HAL_PWREx_ControlVoltageScaling
 .text.__NVIC_EnableIRQ
                0x0000000008004f9c       0x1c build/stm32l5xx_hal_cortex.o
 .text.__NVIC_SetPriority
                0x0000000008004fb8       0x28 build/stm32l5xx_hal_cortex.o
 .text.NVIC_EncodePriority
                0x0000000008004fe0       0x3e build/stm32l5xx_hal_cortex.o
 *fill*         0x000000000800501e        0x2 
 .text.HAL_NVIC_SetPriorityGrouping
                0x0000000008005020       0x24 build/stm32l5xx_hal_cortex.o
                0x0000000008005020                HAL_NVIC_SetPriorityGrouping
 .text.HAL_NVIC_SetPriority
                0x0000000008005044       0x20 build/stm32l5xx_hal_cortex.o
                0x0000000008005044                HAL_NVIC_SetPriority
 .text.HAL_NVIC_EnableIRQ
                0x0000000008005064        0x8 build/stm32l5xx_hal_cortex.o
                0x0000000008005064                HAL_NVIC_EnableIRQ
 .text.HAL_SYSTICK_Config
                0x000000000800506c       0x28 build/stm32l5xx_hal_cortex.o
                0x000000000800506c                HAL_SYSTICK_Config
 .text.HAL_ICACHE_ConfigAssociativityMode
                0x0000000008005094       0x24 build/stm32l5xx_hal_icache.o
                0x0000000008005094                HAL_ICACHE_ConfigAssociativityMode
 .text.HAL_ICACHE_Enable
                0x00000000080050b8       0x14 build/stm32l5xx_hal_icache.o
                0x00000000080050b8                HAL_ICACHE_Enable
 .text.UART_EndRxTransfer
                0x00000000080050cc       0x56 build/stm32l5xx_hal_uart.o
 *fill*         0x0000000008005122        0x2 
 .text.UART_SetConfig
                0x0000000008005124      0x38c build/stm32l5xx_hal_uart.o
                0x0000000008005124                UART_SetConfig
 .text.UART_AdvFeatureConfig
                0x00000000080054b0       0xca build/stm32l5xx_hal_uart.o
                0x00000000080054b0                UART_AdvFeatureConfig
 .text.UART_WaitOnFlagUntilTimeout
                0x000000000800557a       0x96 build/stm32l5xx_hal_uart.o
                0x000000000800557a                UART_WaitOnFlagUntilTimeout
 .text.UART_CheckIdleState
                0x0000000008005610       0xca build/stm32l5xx_hal_uart.o
                0x0000000008005610                UART_CheckIdleState
 .text.HAL_UART_Init
                0x00000000080056da       0x66 build/stm32l5xx_hal_uart.o
                0x00000000080056da                HAL_UART_Init
 .text.UARTEx_SetNbDataToProcess
                0x0000000008005740       0x4c build/stm32l5xx_hal_uart_ex.o
 .text.HAL_UARTEx_DisableFifoMode
                0x000000000800578c       0x3e build/stm32l5xx_hal_uart_ex.o
                0x000000000800578c                HAL_UARTEx_DisableFifoMode
 .text.HAL_UARTEx_SetTxFifoThreshold
                0x00000000080057ca       0x4a build/stm32l5xx_hal_uart_ex.o
                0x00000000080057ca                HAL_UARTEx_SetTxFifoThreshold
 .text.HAL_UARTEx_SetRxFifoThreshold
                0x0000000008005814       0x4a build/stm32l5xx_hal_uart_ex.o
                0x0000000008005814                HAL_UARTEx_SetRxFifoThreshold
 *fill*         0x000000000800585e        0x2 
 .text.SystemInit
                0x0000000008005860       0x14 build/system_stm32l5xx.o
                0x0000000008005860                SystemInit
 .text.SystemCoreClockUpdate
                0x0000000008005874       0xd8 build/system_stm32l5xx.o
                0x0000000008005874                SystemCoreClockUpdate
 .text.USBD_Init
                0x000000000800594c       0x2e build/usbd_core.o
                0x000000000800594c                USBD_Init
 .text.USBD_RegisterClass
                0x000000000800597a       0x34 build/usbd_core.o
                0x000000000800597a                USBD_RegisterClass
 .text.USBD_Start
                0x00000000080059ae        0x8 build/usbd_core.o
                0x00000000080059ae                USBD_Start
 .text.USBD_SetClassConfig
                0x00000000080059b6       0x12 build/usbd_core.o
                0x00000000080059b6                USBD_SetClassConfig
 .text.USBD_ClrClassConfig
                0x00000000080059c8       0x12 build/usbd_core.o
                0x00000000080059c8                USBD_ClrClassConfig
 .text.USBD_LL_SetupStage
                0x00000000080059da       0x58 build/usbd_core.o
                0x00000000080059da                USBD_LL_SetupStage
 .text.USBD_LL_Reset
                0x0000000008005a32       0x64 build/usbd_core.o
                0x0000000008005a32                USBD_LL_Reset
 .text.USBD_LL_SetSpeed
                0x0000000008005a96        0x6 build/usbd_core.o
                0x0000000008005a96                USBD_LL_SetSpeed
 .text.USBD_LL_Suspend
                0x0000000008005a9c       0x1e build/usbd_core.o
                0x0000000008005a9c                USBD_LL_Suspend
 .text.USBD_LL_Resume
                0x0000000008005aba       0x1a build/usbd_core.o
                0x0000000008005aba                USBD_LL_Resume
 .text.USBD_LL_SOF
                0x0000000008005ad4       0x22 build/usbd_core.o
                0x0000000008005ad4                USBD_LL_SOF
 .text.USBD_CoreFindIF
                0x0000000008005af6        0x4 build/usbd_core.o
                0x0000000008005af6                USBD_CoreFindIF
 .text.USBD_CoreFindEP
                0x0000000008005afa        0x4 build/usbd_core.o
                0x0000000008005afa                USBD_CoreFindEP
 .text.USBD_LL_DataOutStage
                0x0000000008005afe       0xc6 build/usbd_core.o
                0x0000000008005afe                USBD_LL_DataOutStage
 .text.USBD_LL_DataInStage
                0x0000000008005bc4       0xd6 build/usbd_core.o
                0x0000000008005bc4                USBD_LL_DataInStage
 .text.USBD_GetNextDesc
                0x0000000008005c9a        0xe build/usbd_core.o
                0x0000000008005c9a                USBD_GetNextDesc
 .text.USBD_GetEpDesc
                0x0000000008005ca8       0x3e build/usbd_core.o
                0x0000000008005ca8                USBD_GetEpDesc
 .text.USBD_GetLen
                0x0000000008005ce6       0x14 build/usbd_ctlreq.o
 .text.USBD_ParseSetupRequest
                0x0000000008005cfa       0x28 build/usbd_ctlreq.o
                0x0000000008005cfa                USBD_ParseSetupRequest
 .text.USBD_CtlError
                0x0000000008005d22       0x14 build/usbd_ctlreq.o
                0x0000000008005d22                USBD_CtlError
 .text.USBD_GetDescriptor
                0x0000000008005d36      0x1ac build/usbd_ctlreq.o
 .text.USBD_SetAddress
                0x0000000008005ee2       0x50 build/usbd_ctlreq.o
 *fill*         0x0000000008005f32        0x2 
 .text.USBD_SetConfig
                0x0000000008005f34       0xcc build/usbd_ctlreq.o
 .text.USBD_GetConfig
                0x0000000008006000       0x40 build/usbd_ctlreq.o
 .text.USBD_GetStatus
                0x0000000008006040       0x38 build/usbd_ctlreq.o
 .text.USBD_SetFeature
                0x0000000008006078       0x2a build/usbd_ctlreq.o
 .text.USBD_ClrFeature
                0x00000000080060a2       0x26 build/usbd_ctlreq.o
 .text.USBD_StdDevReq
                0x00000000080060c8       0x76 build/usbd_ctlreq.o
                0x00000000080060c8                USBD_StdDevReq
 .text.USBD_StdItfReq
                0x000000000800613e       0x84 build/usbd_ctlreq.o
                0x000000000800613e                USBD_StdItfReq
 .text.USBD_StdEPReq
                0x00000000080061c2      0x230 build/usbd_ctlreq.o
                0x00000000080061c2                USBD_StdEPReq
 .text.USBD_GetString
                0x00000000080063f2       0x3a build/usbd_ctlreq.o
                0x00000000080063f2                USBD_GetString
 .text.USBD_CtlSendData
                0x000000000800642c       0x1a build/usbd_ioreq.o
                0x000000000800642c                USBD_CtlSendData
 .text.USBD_CtlContinueSendData
                0x0000000008006446       0x10 build/usbd_ioreq.o
                0x0000000008006446                USBD_CtlContinueSendData
 .text.USBD_CtlPrepareRx
                0x0000000008006456       0x1e build/usbd_ioreq.o
                0x0000000008006456                USBD_CtlPrepareRx
 .text.USBD_CtlContinueRx
                0x0000000008006474       0x10 build/usbd_ioreq.o
                0x0000000008006474                USBD_CtlContinueRx
 .text.USBD_CtlSendStatus
                0x0000000008006484       0x16 build/usbd_ioreq.o
                0x0000000008006484                USBD_CtlSendStatus
 .text.USBD_CtlReceiveStatus
                0x000000000800649a       0x16 build/usbd_ioreq.o
                0x000000000800649a                USBD_CtlReceiveStatus
 .text.USBD_CDC_EP0_RxReady
                0x00000000080064b0       0x40 build/usbd_cdc.o
 .text.USBD_CDC_GetDeviceQualifierDescriptor
                0x00000000080064f0        0xc build/usbd_cdc.o
                0x00000000080064f0                USBD_CDC_GetDeviceQualifierDescriptor
 .text.USBD_CDC_GetOtherSpeedCfgDesc
                0x00000000080064fc       0x48 build/usbd_cdc.o
 .text.USBD_CDC_GetFSCfgDesc
                0x0000000008006544       0x48 build/usbd_cdc.o
 .text.USBD_CDC_GetHSCfgDesc
                0x000000000800658c       0x48 build/usbd_cdc.o
 .text.USBD_CDC_DataOut
                0x00000000080065d4       0x38 build/usbd_cdc.o
 .text.USBD_CDC_DataIn
                0x000000000800660c       0x7c build/usbd_cdc.o
 .text.USBD_CDC_Setup
                0x0000000008006688      0x11a build/usbd_cdc.o
 .text.USBD_CDC_DeInit
                0x00000000080067a2       0x64 build/usbd_cdc.o
 .text.USBD_CDC_Init
                0x0000000008006806       0xee build/usbd_cdc.o
 .text.USBD_CDC_RegisterInterface
                0x00000000080068f4       0x16 build/usbd_cdc.o
                0x00000000080068f4                USBD_CDC_RegisterInterface
 .text.USBD_CDC_SetTxBuffer
                0x000000000800690a       0x1c build/usbd_cdc.o
                0x000000000800690a                USBD_CDC_SetTxBuffer
 .text.USBD_CDC_SetRxBuffer
                0x0000000008006926       0x18 build/usbd_cdc.o
                0x0000000008006926                USBD_CDC_SetRxBuffer
 .text.USBD_CDC_TransmitPacket
                0x000000000800693e       0x36 build/usbd_cdc.o
                0x000000000800693e                USBD_CDC_TransmitPacket
 .text.USBD_CDC_ReceivePacket
                0x0000000008006974       0x38 build/usbd_cdc.o
                0x0000000008006974                USBD_CDC_ReceivePacket
 .text.Reset_Handler
                0x00000000080069ac       0x50 build/startup_stm32l562xx.o
                0x00000000080069ac                Reset_Handler
 .text.Default_Handler
                0x00000000080069fc        0x2 build/startup_stm32l562xx.o
                0x00000000080069fc                EXTI2_IRQHandler
                0x00000000080069fc                TIM8_TRG_COM_IRQHandler
                0x00000000080069fc                TIM8_CC_IRQHandler
                0x00000000080069fc                EXTI5_IRQHandler
                0x00000000080069fc                FLASH_S_IRQHandler
                0x00000000080069fc                EXTI13_IRQHandler
                0x00000000080069fc                TIM1_CC_IRQHandler
                0x00000000080069fc                TSC_IRQHandler
                0x00000000080069fc                TAMP_IRQHandler
                0x00000000080069fc                TIM6_IRQHandler
                0x00000000080069fc                EXTI12_IRQHandler
                0x00000000080069fc                DMA2_Channel8_IRQHandler
                0x00000000080069fc                EXTI3_IRQHandler
                0x00000000080069fc                EXTI8_IRQHandler
                0x00000000080069fc                LPTIM2_IRQHandler
                0x00000000080069fc                DFSDM1_FLT1_IRQHandler
                0x00000000080069fc                I2C3_ER_IRQHandler
                0x00000000080069fc                DFSDM1_FLT2_IRQHandler
                0x00000000080069fc                DMAMUX1_IRQHandler
                0x00000000080069fc                LPTIM3_IRQHandler
                0x00000000080069fc                EXTI0_IRQHandler
                0x00000000080069fc                I2C2_EV_IRQHandler
                0x00000000080069fc                FPU_IRQHandler
                0x00000000080069fc                FDCAN1_IT1_IRQHandler
                0x00000000080069fc                ADC1_2_IRQHandler
                0x00000000080069fc                SPI1_IRQHandler
                0x00000000080069fc                OCTOSPI1_IRQHandler
                0x00000000080069fc                TIM8_UP_IRQHandler
                0x00000000080069fc                RCC_S_IRQHandler
                0x00000000080069fc                DMA2_Channel2_IRQHandler
                0x00000000080069fc                DMA1_Channel4_IRQHandler
                0x00000000080069fc                SAI2_IRQHandler
                0x00000000080069fc                DFSDM1_FLT3_IRQHandler
                0x00000000080069fc                PKA_IRQHandler
                0x00000000080069fc                EXTI15_IRQHandler
                0x00000000080069fc                TIM17_IRQHandler
                0x00000000080069fc                USART3_IRQHandler
                0x00000000080069fc                RTC_IRQHandler
                0x00000000080069fc                EXTI9_IRQHandler
                0x00000000080069fc                DMA1_Channel7_IRQHandler
                0x00000000080069fc                UART5_IRQHandler
                0x00000000080069fc                TIM4_IRQHandler
                0x00000000080069fc                DMA2_Channel1_IRQHandler
                0x00000000080069fc                I2C1_EV_IRQHandler
                0x00000000080069fc                DMA1_Channel6_IRQHandler
                0x00000000080069fc                TIM16_IRQHandler
                0x00000000080069fc                UART4_IRQHandler
                0x00000000080069fc                DMA2_Channel4_IRQHandler
                0x00000000080069fc                SecureFault_Handler
                0x00000000080069fc                TIM3_IRQHandler
                0x00000000080069fc                RCC_IRQHandler
                0x00000000080069fc                TIM1_TRG_COM_IRQHandler
                0x00000000080069fc                DMA1_Channel1_IRQHandler
                0x00000000080069fc                Default_Handler
                0x00000000080069fc                DMA2_Channel7_IRQHandler
                0x00000000080069fc                OTFDEC1_IRQHandler
                0x00000000080069fc                DMA1_Channel8_IRQHandler
                0x00000000080069fc                TIM7_IRQHandler
                0x00000000080069fc                SDMMC1_IRQHandler
                0x00000000080069fc                TIM5_IRQHandler
                0x00000000080069fc                UCPD1_IRQHandler
                0x00000000080069fc                TIM15_IRQHandler
                0x00000000080069fc                I2C3_EV_IRQHandler
                0x00000000080069fc                PVD_PVM_IRQHandler
                0x00000000080069fc                SPI2_IRQHandler
                0x00000000080069fc                EXTI14_IRQHandler
                0x00000000080069fc                EXTI11_IRQHandler
                0x00000000080069fc                DMA2_Channel5_IRQHandler
                0x00000000080069fc                CRS_IRQHandler
                0x00000000080069fc                DMA1_Channel5_IRQHandler
                0x00000000080069fc                EXTI4_IRQHandler
                0x00000000080069fc                RTC_S_IRQHandler
                0x00000000080069fc                RNG_IRQHandler
                0x00000000080069fc                DMAMUX1_S_IRQHandler
                0x00000000080069fc                DMA1_Channel3_IRQHandler
                0x00000000080069fc                COMP_IRQHandler
                0x00000000080069fc                TIM1_UP_IRQHandler
                0x00000000080069fc                WWDG_IRQHandler
                0x00000000080069fc                I2C4_EV_IRQHandler
                0x00000000080069fc                LPUART1_IRQHandler
                0x00000000080069fc                DMA2_Channel6_IRQHandler
                0x00000000080069fc                FDCAN1_IT0_IRQHandler
                0x00000000080069fc                TIM2_IRQHandler
                0x00000000080069fc                TAMP_S_IRQHandler
                0x00000000080069fc                EXTI7_IRQHandler
                0x00000000080069fc                TIM1_BRK_IRQHandler
                0x00000000080069fc                DAC_IRQHandler
                0x00000000080069fc                EXTI1_IRQHandler
                0x00000000080069fc                AES_IRQHandler
                0x00000000080069fc                GTZC_IRQHandler
                0x00000000080069fc                USART2_IRQHandler
                0x00000000080069fc                DFSDM1_FLT0_IRQHandler
                0x00000000080069fc                I2C2_ER_IRQHandler
                0x00000000080069fc                DMA1_Channel2_IRQHandler
                0x00000000080069fc                TIM8_BRK_IRQHandler
                0x00000000080069fc                FLASH_IRQHandler
                0x00000000080069fc                USART1_IRQHandler
                0x00000000080069fc                EXTI10_IRQHandler
                0x00000000080069fc                SPI3_IRQHandler
                0x00000000080069fc                I2C1_ER_IRQHandler
                0x00000000080069fc                FMC_IRQHandler
                0x00000000080069fc                EXTI6_IRQHandler
                0x00000000080069fc                LPTIM1_IRQHandler
                0x00000000080069fc                I2C4_ER_IRQHandler
                0x00000000080069fc                ICACHE_IRQHandler
                0x00000000080069fc                SAI1_IRQHandler
                0x00000000080069fc                HASH_IRQHandler
                0x00000000080069fc                DMA2_Channel3_IRQHandler
 *fill*         0x00000000080069fe        0x2 
 .text.__libc_init_array
                0x0000000008006a00       0x48 /home/yul/toolchain/arm-gnu-toolchain-12.2.rel1-x86_64-arm-none-eabi/bin/../lib/gcc/arm-none-eabi/12.2.1/../../../../arm-none-eabi/lib/thumb/v8-m.main+fp/hard/libc_nano.a(libc_a-init.o)
                0x0000000008006a00                __libc_init_array
 .text.printf   0x0000000008006a48       0x24 /home/yul/toolchain/arm-gnu-toolchain-12.2.rel1-x86_64-arm-none-eabi/bin/../lib/gcc/arm-none-eabi/12.2.1/../../../../arm-none-eabi/lib/thumb/v8-m.main+fp/hard/libc_nano.a(libc_a-printf.o)
                0x0000000008006a48                printf
                0x0000000008006a48                iprintf
 .text.__sfputc_r
                0x0000000008006a6c       0x2e /home/yul/toolchain/arm-gnu-toolchain-12.2.rel1-x86_64-arm-none-eabi/bin/../lib/gcc/arm-none-eabi/12.2.1/../../../../arm-none-eabi/lib/thumb/v8-m.main+fp/hard/libc_nano.a(libc_a-nano-vfprintf.o)
 .text.__sfputs_r
                0x0000000008006a9a       0x24 /home/yul/toolchain/arm-gnu-toolchain-12.2.rel1-x86_64-arm-none-eabi/bin/../lib/gcc/arm-none-eabi/12.2.1/../../../../arm-none-eabi/lib/thumb/v8-m.main+fp/hard/libc_nano.a(libc_a-nano-vfprintf.o)
                0x0000000008006a9a                __sfputs_r
 *fill*         0x0000000008006abe        0x2 
 .text._vfprintf_r
                0x0000000008006ac0      0x230 /home/yul/toolchain/arm-gnu-toolchain-12.2.rel1-x86_64-arm-none-eabi/bin/../lib/gcc/arm-none-eabi/12.2.1/../../../../arm-none-eabi/lib/thumb/v8-m.main+fp/hard/libc_nano.a(libc_a-nano-vfprintf.o)
                0x0000000008006ac0                _vfiprintf_r
                0x0000000008006ac0                _vfprintf_r
 .text.__swbuf_r
                0x0000000008006cf0       0x7c /home/yul/toolchain/arm-gnu-toolchain-12.2.rel1-x86_64-arm-none-eabi/bin/../lib/gcc/arm-none-eabi/12.2.1/../../../../arm-none-eabi/lib/thumb/v8-m.main+fp/hard/libc_nano.a(libc_a-wbuf.o)
                0x0000000008006cf0                __swbuf_r
 .text.__swsetup_r
                0x0000000008006d6c       0xac /home/yul/toolchain/arm-gnu-toolchain-12.2.rel1-x86_64-arm-none-eabi/bin/../lib/gcc/arm-none-eabi/12.2.1/../../../../arm-none-eabi/lib/thumb/v8-m.main+fp/hard/libc_nano.a(libc_a-wsetup.o)
                0x0000000008006d6c                __swsetup_r
 .text.putchar  0x0000000008006e18       0x10 /home/yul/toolchain/arm-gnu-toolchain-12.2.rel1-x86_64-arm-none-eabi/bin/../lib/gcc/arm-none-eabi/12.2.1/../../../../arm-none-eabi/lib/thumb/v8-m.main+fp/hard/libc_nano.a(libc_a-putchar.o)
                0x0000000008006e18                putchar
 .text._printf_common
                0x0000000008006e28       0xe4 /home/yul/toolchain/arm-gnu-toolchain-12.2.rel1-x86_64-arm-none-eabi/bin/../lib/gcc/arm-none-eabi/12.2.1/../../../../arm-none-eabi/lib/thumb/v8-m.main+fp/hard/libc_nano.a(libc_a-nano-vfprintf_i.o)
                0x0000000008006e28                _printf_common
 .text._printf_i
                0x0000000008006f0c      0x258 /home/yul/toolchain/arm-gnu-toolchain-12.2.rel1-x86_64-arm-none-eabi/bin/../lib/gcc/arm-none-eabi/12.2.1/../../../../arm-none-eabi/lib/thumb/v8-m.main+fp/hard/libc_nano.a(libc_a-nano-vfprintf_i.o)
                0x0000000008006f0c                _printf_i
 .text._puts_r  0x0000000008007164       0xaa /home/yul/toolchain/arm-gnu-toolchain-12.2.rel1-x86_64-arm-none-eabi/bin/../lib/gcc/arm-none-eabi/12.2.1/../../../../arm-none-eabi/lib/thumb/v8-m.main+fp/hard/libc_nano.a(libc_a-puts.o)
                0x0000000008007164                _puts_r
 *fill*         0x000000000800720e        0x2 
 .text.puts     0x0000000008007210       0x10 /home/yul/toolchain/arm-gnu-toolchain-12.2.rel1-x86_64-arm-none-eabi/bin/../lib/gcc/arm-none-eabi/12.2.1/../../../../arm-none-eabi/lib/thumb/v8-m.main+fp/hard/libc_nano.a(libc_a-puts.o)
                0x0000000008007210                puts
 .text.__sflush_r
                0x0000000008007220      0x106 /home/yul/toolchain/arm-gnu-toolchain-12.2.rel1-x86_64-arm-none-eabi/bin/../lib/gcc/arm-none-eabi/12.2.1/../../../../arm-none-eabi/lib/thumb/v8-m.main+fp/hard/libc_nano.a(libc_a-fflush.o)
                0x0000000008007220                __sflush_r
 .text._fflush_r
                0x0000000008007326       0x50 /home/yul/toolchain/arm-gnu-toolchain-12.2.rel1-x86_64-arm-none-eabi/bin/../lib/gcc/arm-none-eabi/12.2.1/../../../../arm-none-eabi/lib/thumb/v8-m.main+fp/hard/libc_nano.a(libc_a-fflush.o)
                0x0000000008007326                _fflush_r
 *fill*         0x0000000008007376        0x2 
 .text.fflush   0x0000000008007378       0x28 /home/yul/toolchain/arm-gnu-toolchain-12.2.rel1-x86_64-arm-none-eabi/bin/../lib/gcc/arm-none-eabi/12.2.1/../../../../arm-none-eabi/lib/thumb/v8-m.main+fp/hard/libc_nano.a(libc_a-fflush.o)
                0x0000000008007378                fflush
 .text.memchr   0x00000000080073a0       0x1c /home/yul/toolchain/arm-gnu-toolchain-12.2.rel1-x86_64-arm-none-eabi/bin/../lib/gcc/arm-none-eabi/12.2.1/../../../../arm-none-eabi/lib/thumb/v8-m.main+fp/hard/libc_nano.a(libc_a-memchr-stub.o)
                0x00000000080073a0                memchr
 .text.memcpy   0x00000000080073bc       0x1a /home/yul/toolchain/arm-gnu-toolchain-12.2.rel1-x86_64-arm-none-eabi/bin/../lib/gcc/arm-none-eabi/12.2.1/../../../../arm-none-eabi/lib/thumb/v8-m.main+fp/hard/libc_nano.a(libc_a-memcpy-stub.o)
                0x00000000080073bc                memcpy
 *fill*         0x00000000080073d6        0x2 
 .text.std      0x00000000080073d8       0x6c /home/yul/toolchain/arm-gnu-toolchain-12.2.rel1-x86_64-arm-none-eabi/bin/../lib/gcc/arm-none-eabi/12.2.1/../../../../arm-none-eabi/lib/thumb/v8-m.main+fp/hard/libc_nano.a(libc_a-findfp.o)
 .text.stdio_exit_handler
                0x0000000008007444       0x18 /home/yul/toolchain/arm-gnu-toolchain-12.2.rel1-x86_64-arm-none-eabi/bin/../lib/gcc/arm-none-eabi/12.2.1/../../../../arm-none-eabi/lib/thumb/v8-m.main+fp/hard/libc_nano.a(libc_a-findfp.o)
 .text.cleanup_stdio
                0x000000000800745c       0x40 /home/yul/toolchain/arm-gnu-toolchain-12.2.rel1-x86_64-arm-none-eabi/bin/../lib/gcc/arm-none-eabi/12.2.1/../../../../arm-none-eabi/lib/thumb/v8-m.main+fp/hard/libc_nano.a(libc_a-findfp.o)
 .text.global_stdio_init.part.0
                0x000000000800749c       0x3c /home/yul/toolchain/arm-gnu-toolchain-12.2.rel1-x86_64-arm-none-eabi/bin/../lib/gcc/arm-none-eabi/12.2.1/../../../../arm-none-eabi/lib/thumb/v8-m.main+fp/hard/libc_nano.a(libc_a-findfp.o)
 .text.__sfp_lock_acquire
                0x00000000080074d8        0xc /home/yul/toolchain/arm-gnu-toolchain-12.2.rel1-x86_64-arm-none-eabi/bin/../lib/gcc/arm-none-eabi/12.2.1/../../../../arm-none-eabi/lib/thumb/v8-m.main+fp/hard/libc_nano.a(libc_a-findfp.o)
                0x00000000080074d8                __sfp_lock_acquire
 .text.__sfp_lock_release
                0x00000000080074e4        0xc /home/yul/toolchain/arm-gnu-toolchain-12.2.rel1-x86_64-arm-none-eabi/bin/../lib/gcc/arm-none-eabi/12.2.1/../../../../arm-none-eabi/lib/thumb/v8-m.main+fp/hard/libc_nano.a(libc_a-findfp.o)
                0x00000000080074e4                __sfp_lock_release
 .text.__sinit  0x00000000080074f0       0x30 /home/yul/toolchain/arm-gnu-toolchain-12.2.rel1-x86_64-arm-none-eabi/bin/../lib/gcc/arm-none-eabi/12.2.1/../../../../arm-none-eabi/lib/thumb/v8-m.main+fp/hard/libc_nano.a(libc_a-findfp.o)
                0x00000000080074f0                __sinit
 .text.__sread  0x0000000008007520       0x22 /home/yul/toolchain/arm-gnu-toolchain-12.2.rel1-x86_64-arm-none-eabi/bin/../lib/gcc/arm-none-eabi/12.2.1/../../../../arm-none-eabi/lib/thumb/v8-m.main+fp/hard/libc_nano.a(libc_a-stdio.o)
                0x0000000008007520                __sread
 .text.__swrite
                0x0000000008007542       0x38 /home/yul/toolchain/arm-gnu-toolchain-12.2.rel1-x86_64-arm-none-eabi/bin/../lib/gcc/arm-none-eabi/12.2.1/../../../../arm-none-eabi/lib/thumb/v8-m.main+fp/hard/libc_nano.a(libc_a-stdio.o)
                0x0000000008007542                __swrite
 .text.__sseek  0x000000000800757a       0x24 /home/yul/toolchain/arm-gnu-toolchain-12.2.rel1-x86_64-arm-none-eabi/bin/../lib/gcc/arm-none-eabi/12.2.1/../../../../arm-none-eabi/lib/thumb/v8-m.main+fp/hard/libc_nano.a(libc_a-stdio.o)
                0x000000000800757a                __sseek
 .text.__sclose
                0x000000000800759e        0x8 /home/yul/toolchain/arm-gnu-toolchain-12.2.rel1-x86_64-arm-none-eabi/bin/../lib/gcc/arm-none-eabi/12.2.1/../../../../arm-none-eabi/lib/thumb/v8-m.main+fp/hard/libc_nano.a(libc_a-stdio.o)
                0x000000000800759e                __sclose
 .text.atoi     0x00000000080075a6        0x8 /home/yul/toolchain/arm-gnu-toolchain-12.2.rel1-x86_64-arm-none-eabi/bin/../lib/gcc/arm-none-eabi/12.2.1/../../../../arm-none-eabi/lib/thumb/v8-m.main+fp/hard/libc_nano.a(libc_a-atoi.o)
                0x00000000080075a6                atoi
 *fill*         0x00000000080075ae        0x2 
 .text._write_r
                0x00000000080075b0       0x24 /home/yul/toolchain/arm-gnu-toolchain-12.2.rel1-x86_64-arm-none-eabi/bin/../lib/gcc/arm-none-eabi/12.2.1/../../../../arm-none-eabi/lib/thumb/v8-m.main+fp/hard/libc_nano.a(libc_a-writer.o)
                0x00000000080075b0                _write_r
 .text._fwalk_sglue
                0x00000000080075d4       0x3c /home/yul/toolchain/arm-gnu-toolchain-12.2.rel1-x86_64-arm-none-eabi/bin/../lib/gcc/arm-none-eabi/12.2.1/../../../../arm-none-eabi/lib/thumb/v8-m.main+fp/hard/libc_nano.a(libc_a-fwalk.o)
                0x00000000080075d4                _fwalk_sglue
 .text.memset   0x0000000008007610       0x10 /home/yul/toolchain/arm-gnu-toolchain-12.2.rel1-x86_64-arm-none-eabi/bin/../lib/gcc/arm-none-eabi/12.2.1/../../../../arm-none-eabi/lib/thumb/v8-m.main+fp/hard/libc_nano.a(libc_a-memset.o)
                0x0000000008007610                memset
 .text._free_r  0x0000000008007620       0x94 /home/yul/toolchain/arm-gnu-toolchain-12.2.rel1-x86_64-arm-none-eabi/bin/../lib/gcc/arm-none-eabi/12.2.1/../../../../arm-none-eabi/lib/thumb/v8-m.main+fp/hard/libc_nano.a(libc_a-freer.o)
                0x0000000008007620                _free_r
 .text._strtol_l.constprop.0
                0x00000000080076b4       0xfc /home/yul/toolchain/arm-gnu-toolchain-12.2.rel1-x86_64-arm-none-eabi/bin/../lib/gcc/arm-none-eabi/12.2.1/../../../../arm-none-eabi/lib/thumb/v8-m.main+fp/hard/libc_nano.a(libc_a-strtol.o)
 .text.strtol   0x00000000080077b0       0x14 /home/yul/toolchain/arm-gnu-toolchain-12.2.rel1-x86_64-arm-none-eabi/bin/../lib/gcc/arm-none-eabi/12.2.1/../../../../arm-none-eabi/lib/thumb/v8-m.main+fp/hard/libc_nano.a(libc_a-strtol.o)
                0x00000000080077b0                strtol
 .text.__retarget_lock_init_recursive
                0x00000000080077c4        0x2 /home/yul/toolchain/arm-gnu-toolchain-12.2.rel1-x86_64-arm-none-eabi/bin/../lib/gcc/arm-none-eabi/12.2.1/../../../../arm-none-eabi/lib/thumb/v8-m.main+fp/hard/libc_nano.a(libc_a-lock.o)
                0x00000000080077c4                __retarget_lock_init_recursive
 .text.__retarget_lock_acquire_recursive
                0x00000000080077c6        0x2 /home/yul/toolchain/arm-gnu-toolchain-12.2.rel1-x86_64-arm-none-eabi/bin/../lib/gcc/arm-none-eabi/12.2.1/../../../../arm-none-eabi/lib/thumb/v8-m.main+fp/hard/libc_nano.a(libc_a-lock.o)
                0x00000000080077c6                __retarget_lock_acquire_recursive
 .text.__retarget_lock_release_recursive
                0x00000000080077c8        0x2 /home/yul/toolchain/arm-gnu-toolchain-12.2.rel1-x86_64-arm-none-eabi/bin/../lib/gcc/arm-none-eabi/12.2.1/../../../../arm-none-eabi/lib/thumb/v8-m.main+fp/hard/libc_nano.a(libc_a-lock.o)
                0x00000000080077c8                __retarget_lock_release_recursive
 .text.__swhatbuf_r
                0x00000000080077ca       0x4a /home/yul/toolchain/arm-gnu-toolchain-12.2.rel1-x86_64-arm-none-eabi/bin/../lib/gcc/arm-none-eabi/12.2.1/../../../../arm-none-eabi/lib/thumb/v8-m.main+fp/hard/libc_nano.a(libc_a-makebuf.o)
                0x00000000080077ca                __swhatbuf_r
 .text.__smakebuf_r
                0x0000000008007814       0x78 /home/yul/toolchain/arm-gnu-toolchain-12.2.rel1-x86_64-arm-none-eabi/bin/../lib/gcc/arm-none-eabi/12.2.1/../../../../arm-none-eabi/lib/thumb/v8-m.main+fp/hard/libc_nano.a(libc_a-makebuf.o)
                0x0000000008007814                __smakebuf_r
 .text._putc_r  0x000000000800788c       0x68 /home/yul/toolchain/arm-gnu-toolchain-12.2.rel1-x86_64-arm-none-eabi/bin/../lib/gcc/arm-none-eabi/12.2.1/../../../../arm-none-eabi/lib/thumb/v8-m.main+fp/hard/libc_nano.a(libc_a-putc.o)
                0x000000000800788c                _putc_r
 .text._close_r
                0x00000000080078f4       0x20 /home/yul/toolchain/arm-gnu-toolchain-12.2.rel1-x86_64-arm-none-eabi/bin/../lib/gcc/arm-none-eabi/12.2.1/../../../../arm-none-eabi/lib/thumb/v8-m.main+fp/hard/libc_nano.a(libc_a-closer.o)
                0x00000000080078f4                _close_r
 .text.sbrk_aligned
                0x0000000008007914       0x44 /home/yul/toolchain/arm-gnu-toolchain-12.2.rel1-x86_64-arm-none-eabi/bin/../lib/gcc/arm-none-eabi/12.2.1/../../../../arm-none-eabi/lib/thumb/v8-m.main+fp/hard/libc_nano.a(libc_a-mallocr.o)
 .text._malloc_r
                0x0000000008007958       0xf0 /home/yul/toolchain/arm-gnu-toolchain-12.2.rel1-x86_64-arm-none-eabi/bin/../lib/gcc/arm-none-eabi/12.2.1/../../../../arm-none-eabi/lib/thumb/v8-m.main+fp/hard/libc_nano.a(libc_a-mallocr.o)
                0x0000000008007958                _malloc_r
 .text._fstat_r
                0x0000000008007a48       0x24 /home/yul/toolchain/arm-gnu-toolchain-12.2.rel1-x86_64-arm-none-eabi/bin/../lib/gcc/arm-none-eabi/12.2.1/../../../../arm-none-eabi/lib/thumb/v8-m.main+fp/hard/libc_nano.a(libc_a-fstatr.o)
                0x0000000008007a48                _fstat_r
 .text._isatty_r
                0x0000000008007a6c       0x20 /home/yul/toolchain/arm-gnu-toolchain-12.2.rel1-x86_64-arm-none-eabi/bin/../lib/gcc/arm-none-eabi/12.2.1/../../../../arm-none-eabi/lib/thumb/v8-m.main+fp/hard/libc_nano.a(libc_a-isattyr.o)
                0x0000000008007a6c                _isatty_r
 .text._lseek_r
                0x0000000008007a8c       0x24 /home/yul/toolchain/arm-gnu-toolchain-12.2.rel1-x86_64-arm-none-eabi/bin/../lib/gcc/arm-none-eabi/12.2.1/../../../../arm-none-eabi/lib/thumb/v8-m.main+fp/hard/libc_nano.a(libc_a-lseekr.o)
                0x0000000008007a8c                _lseek_r
 .text._read_r  0x0000000008007ab0       0x24 /home/yul/toolchain/arm-gnu-toolchain-12.2.rel1-x86_64-arm-none-eabi/bin/../lib/gcc/arm-none-eabi/12.2.1/../../../../arm-none-eabi/lib/thumb/v8-m.main+fp/hard/libc_nano.a(libc_a-readr.o)
                0x0000000008007ab0                _read_r
 .text.__malloc_lock
                0x0000000008007ad4        0xc /home/yul/toolchain/arm-gnu-toolchain-12.2.rel1-x86_64-arm-none-eabi/bin/../lib/gcc/arm-none-eabi/12.2.1/../../../../arm-none-eabi/lib/thumb/v8-m.main+fp/hard/libc_nano.a(libc_a-mlock.o)
                0x0000000008007ad4                __malloc_lock
 .text.__malloc_unlock
                0x0000000008007ae0        0xc /home/yul/toolchain/arm-gnu-toolchain-12.2.rel1-x86_64-arm-none-eabi/bin/../lib/gcc/arm-none-eabi/12.2.1/../../../../arm-none-eabi/lib/thumb/v8-m.main+fp/hard/libc_nano.a(libc_a-mlock.o)
                0x0000000008007ae0                __malloc_unlock
 .text._sbrk_r  0x0000000008007aec       0x20 /home/yul/toolchain/arm-gnu-toolchain-12.2.rel1-x86_64-arm-none-eabi/bin/../lib/gcc/arm-none-eabi/12.2.1/../../../../arm-none-eabi/lib/thumb/v8-m.main+fp/hard/libc_nano.a(libc_a-sbrkr.o)
                0x0000000008007aec                _sbrk_r
 .text.__errno  0x0000000008007b0c        0xc /home/yul/toolchain/arm-gnu-toolchain-12.2.rel1-x86_64-arm-none-eabi/bin/../lib/gcc/arm-none-eabi/12.2.1/../../../../arm-none-eabi/lib/thumb/v8-m.main+fp/hard/libc_nano.a(libc_a-errno.o)
                0x0000000008007b0c                __errno
 .text._close   0x0000000008007b18       0x10 /home/yul/toolchain/arm-gnu-toolchain-12.2.rel1-x86_64-arm-none-eabi/bin/../lib/gcc/arm-none-eabi/12.2.1/../../../../arm-none-eabi/lib/thumb/v8-m.main+fp/hard/libnosys.a(close.o)
                0x0000000008007b18                _close
 .text._fstat   0x0000000008007b28       0x10 /home/yul/toolchain/arm-gnu-toolchain-12.2.rel1-x86_64-arm-none-eabi/bin/../lib/gcc/arm-none-eabi/12.2.1/../../../../arm-none-eabi/lib/thumb/v8-m.main+fp/hard/libnosys.a(fstat.o)
                0x0000000008007b28                _fstat
 .text._isatty  0x0000000008007b38       0x10 /home/yul/toolchain/arm-gnu-toolchain-12.2.rel1-x86_64-arm-none-eabi/bin/../lib/gcc/arm-none-eabi/12.2.1/../../../../arm-none-eabi/lib/thumb/v8-m.main+fp/hard/libnosys.a(isatty.o)
                0x0000000008007b38                _isatty
 .text._lseek   0x0000000008007b48       0x10 /home/yul/toolchain/arm-gnu-toolchain-12.2.rel1-x86_64-arm-none-eabi/bin/../lib/gcc/arm-none-eabi/12.2.1/../../../../arm-none-eabi/lib/thumb/v8-m.main+fp/hard/libnosys.a(lseek.o)
                0x0000000008007b48                _lseek
 .text._read    0x0000000008007b58       0x10 /home/yul/toolchain/arm-gnu-toolchain-12.2.rel1-x86_64-arm-none-eabi/bin/../lib/gcc/arm-none-eabi/12.2.1/../../../../arm-none-eabi/lib/thumb/v8-m.main+fp/hard/libnosys.a(read.o)
                0x0000000008007b58                _read
 .text._sbrk    0x0000000008007b68       0x20 /home/yul/toolchain/arm-gnu-toolchain-12.2.rel1-x86_64-arm-none-eabi/bin/../lib/gcc/arm-none-eabi/12.2.1/../../../../arm-none-eabi/lib/thumb/v8-m.main+fp/hard/libnosys.a(sbrk.o)
                0x0000000008007b68                _sbrk
 .text.__udivmoddi4
                0x0000000008007b88      0x2ec /home/yul/toolchain/arm-gnu-toolchain-12.2.rel1-x86_64-arm-none-eabi/bin/../lib/gcc/arm-none-eabi/12.2.1/thumb/v8-m.main+fp/hard/libgcc.a(_udivmoddi4.o)
                0x0000000008007b88                __udivmoddi4
 *(.glue_7)
 .glue_7        0x0000000008007e74        0x0 linker stubs
 *(.glue_7t)
 .glue_7t       0x0000000008007e74        0x0 linker stubs
 *(.eh_frame)
 .eh_frame      0x0000000008007e74        0x0 /home/yul/toolchain/arm-gnu-toolchain-12.2.rel1-x86_64-arm-none-eabi/bin/../lib/gcc/arm-none-eabi/12.2.1/thumb/v8-m.main+fp/hard/crtbegin.o
 *(.init)
 .init          0x0000000008007e74        0x4 /home/yul/toolchain/arm-gnu-toolchain-12.2.rel1-x86_64-arm-none-eabi/bin/../lib/gcc/arm-none-eabi/12.2.1/thumb/v8-m.main+fp/hard/crti.o
                0x0000000008007e74                _init
 .init          0x0000000008007e78        0x8 /home/yul/toolchain/arm-gnu-toolchain-12.2.rel1-x86_64-arm-none-eabi/bin/../lib/gcc/arm-none-eabi/12.2.1/thumb/v8-m.main+fp/hard/crtn.o
 *(.fini)
 .fini          0x0000000008007e80        0x4 /home/yul/toolchain/arm-gnu-toolchain-12.2.rel1-x86_64-arm-none-eabi/bin/../lib/gcc/arm-none-eabi/12.2.1/thumb/v8-m.main+fp/hard/crti.o
                0x0000000008007e80                _fini
 .fini          0x0000000008007e84        0x8 /home/yul/toolchain/arm-gnu-toolchain-12.2.rel1-x86_64-arm-none-eabi/bin/../lib/gcc/arm-none-eabi/12.2.1/thumb/v8-m.main+fp/hard/crtn.o
                0x0000000008007e90                . = ALIGN (0x8)
 *fill*         0x0000000008007e8c        0x4 
                0x0000000008007e90                _etext = .

.vfp11_veneer   0x0000000008007e90        0x0
 .vfp11_veneer  0x0000000008007e90        0x0 linker stubs

.v4_bx          0x0000000008007e90        0x0
 .v4_bx         0x0000000008007e90        0x0 linker stubs

.iplt           0x0000000008007e90        0x0
 .iplt          0x0000000008007e90        0x0 /home/yul/toolchain/arm-gnu-toolchain-12.2.rel1-x86_64-arm-none-eabi/bin/../lib/gcc/arm-none-eabi/12.2.1/thumb/v8-m.main+fp/hard/crtbegin.o

.rodata         0x0000000008007e90      0x3b8
                0x0000000008007e90                . = ALIGN (0x8)
 *(.rodata)
 *(.rodata*)
 .rodata.main.str1.4
                0x0000000008007e90       0x1a build/main.o
 *fill*         0x0000000008007eaa        0x2 
 .rodata.gpio_handler.str1.4
                0x0000000008007eac        0x5 build/shell.o
 *fill*         0x0000000008007eb1        0x3 
 .rodata.i2c_handler.str1.4
                0x0000000008007eb4       0x47 build/shell.o
 *fill*         0x0000000008007efb        0x1 
 .rodata.leds_handler.str1.4
                0x0000000008007efc       0x26 build/shell.o
 *fill*         0x0000000008007f22        0x2 
 .rodata.shell_process_cmd.str1.4
                0x0000000008007f24       0x21 build/shell.o
 *fill*         0x0000000008007f45        0x3 
 .rodata.shell_start.str1.4
                0x0000000008007f48        0x9 build/shell.o
                                          0xe (size before relaxing)
 *fill*         0x0000000008007f51        0x3 
 .rodata.IS31FL3737_write_register.str1.4
                0x0000000008007f54       0x22 build/is31fl3737.o
 *fill*         0x0000000008007f76        0x2 
 .rodata.IS31FL3737_init.str1.4
                0x0000000008007f78       0x11 build/is31fl3737.o
 *fill*         0x0000000008007f89        0x3 
 .rodata.process_matrix.str1.4
                0x0000000008007f8c       0x13 build/keyboard.o
 *fill*         0x0000000008007f9f        0x1 
 .rodata.keymaps
                0x0000000008007fa0       0xa8 build/keyboard.o
                0x0000000008007fa0                keymaps
 .rodata.USBD_CDC_ProductStrDescriptor.str1.4
                0x0000000008008048       0x16 build/usbd_desc.o
 *fill*         0x000000000800805e        0x2 
 .rodata.USBD_CDC_ManufacturerStrDescriptor.str1.4
                0x0000000008008060       0x13 build/usbd_desc.o
 *fill*         0x0000000008008073        0x1 
 .rodata.USBD_CDC_ConfigStrDescriptor.str1.4
                0x0000000008008074        0xb build/usbd_desc.o
 *fill*         0x000000000800807f        0x1 
 .rodata.USBD_CDC_InterfaceStrDescriptor.str1.4
                0x0000000008008080        0xe build/usbd_desc.o
 *fill*         0x000000000800808e        0x2 
 .rodata.UARTPrescTable
                0x0000000008008090       0x18 build/stm32l5xx_hal_uart.o
                0x0000000008008090                UARTPrescTable
 .rodata.denominator.0
                0x00000000080080a8        0x8 build/stm32l5xx_hal_uart_ex.o
 .rodata.numerator.1
                0x00000000080080b0        0x8 build/stm32l5xx_hal_uart_ex.o
 .rodata.MSIRangeTable
                0x00000000080080b8       0x40 build/system_stm32l5xx.o
                0x00000000080080b8                MSIRangeTable
 .rodata.APBPrescTable
                0x00000000080080f8        0x8 build/system_stm32l5xx.o
                0x00000000080080f8                APBPrescTable
 .rodata.AHBPrescTable
                0x0000000008008100       0x10 build/system_stm32l5xx.o
                0x0000000008008100                AHBPrescTable
 .rodata._vfprintf_r.str1.1
                0x0000000008008110       0x11 /home/yul/toolchain/arm-gnu-toolchain-12.2.rel1-x86_64-arm-none-eabi/bin/../lib/gcc/arm-none-eabi/12.2.1/../../../../arm-none-eabi/lib/thumb/v8-m.main+fp/hard/libc_nano.a(libc_a-nano-vfprintf.o)
 .rodata._printf_i.str1.1
                0x0000000008008121       0x22 /home/yul/toolchain/arm-gnu-toolchain-12.2.rel1-x86_64-arm-none-eabi/bin/../lib/gcc/arm-none-eabi/12.2.1/../../../../arm-none-eabi/lib/thumb/v8-m.main+fp/hard/libc_nano.a(libc_a-nano-vfprintf_i.o)
 .rodata._ctype_
                0x0000000008008143      0x101 /home/yul/toolchain/arm-gnu-toolchain-12.2.rel1-x86_64-arm-none-eabi/bin/../lib/gcc/arm-none-eabi/12.2.1/../../../../arm-none-eabi/lib/thumb/v8-m.main+fp/hard/libc_nano.a(libc_a-ctype_.o)
                0x0000000008008143                _ctype_
                0x0000000008008248                . = ALIGN (0x8)
 *fill*         0x0000000008008244        0x4 

.ARM.extab      0x0000000008008248        0x0
                0x0000000008008248                . = ALIGN (0x8)
 *(.ARM.extab* .gnu.linkonce.armextab.*)
                0x0000000008008248                . = ALIGN (0x8)

.ARM            0x0000000008008248        0x8
                0x0000000008008248                . = ALIGN (0x8)
                0x0000000008008248                __exidx_start = .
 *(.ARM.exidx*)
 .ARM.exidx.text.__udivmoddi4
                0x0000000008008248        0x8 /home/yul/toolchain/arm-gnu-toolchain-12.2.rel1-x86_64-arm-none-eabi/bin/../lib/gcc/arm-none-eabi/12.2.1/thumb/v8-m.main+fp/hard/libgcc.a(_udivmoddi4.o)
                0x0000000008008250                __exidx_end = .
                0x0000000008008250                . = ALIGN (0x8)

.rel.dyn        0x0000000008008250        0x0
 .rel.iplt      0x0000000008008250        0x0 /home/yul/toolchain/arm-gnu-toolchain-12.2.rel1-x86_64-arm-none-eabi/bin/../lib/gcc/arm-none-eabi/12.2.1/thumb/v8-m.main+fp/hard/crtbegin.o

.preinit_array  0x0000000008008250        0x0
                0x0000000008008250                . = ALIGN (0x8)
                0x0000000008008250                PROVIDE (__preinit_array_start = .)
 *(.preinit_array*)
                0x0000000008008250                PROVIDE (__preinit_array_end = .)
                0x0000000008008250                . = ALIGN (0x8)

.init_array     0x0000000008008250        0x8
                0x0000000008008250                . = ALIGN (0x8)
                0x0000000008008250                PROVIDE (__init_array_start = .)
 *(SORT_BY_NAME(.init_array.*))
 *(.init_array*)
 .init_array    0x0000000008008250        0x4 /home/yul/toolchain/arm-gnu-toolchain-12.2.rel1-x86_64-arm-none-eabi/bin/../lib/gcc/arm-none-eabi/12.2.1/thumb/v8-m.main+fp/hard/crtbegin.o
                0x0000000008008254                PROVIDE (__init_array_end = .)
                0x0000000008008258                . = ALIGN (0x8)
 *fill*         0x0000000008008254        0x4 

.fini_array     0x0000000008008258        0x8
                0x0000000008008258                . = ALIGN (0x8)
                [!provide]                        PROVIDE (__fini_array_start = .)
 *(SORT_BY_NAME(.fini_array.*))
 *(.fini_array*)
 .fini_array    0x0000000008008258        0x4 /home/yul/toolchain/arm-gnu-toolchain-12.2.rel1-x86_64-arm-none-eabi/bin/../lib/gcc/arm-none-eabi/12.2.1/thumb/v8-m.main+fp/hard/crtbegin.o
                [!provide]                        PROVIDE (__fini_array_end = .)
                0x0000000008008260                . = ALIGN (0x8)
 *fill*         0x000000000800825c        0x4 
                0x0000000008008260                _sidata = LOADADDR (.data)

.data           0x0000000020000000      0x180 load address 0x0000000008008260
                0x0000000020000000                . = ALIGN (0x8)
                0x0000000020000000                _sdata = .
 *(.data)
 *(.data*)
 .data.rows     0x0000000020000000        0xc build/keyboard.o
                0x0000000020000000                rows
 .data.cols     0x000000002000000c       0x1c build/keyboard.o
                0x000000002000000c                cols
 .data.USBD_StringSerial
                0x0000000020000028       0x1a build/usbd_desc.o
                0x0000000020000028                USBD_StringSerial
 *fill*         0x0000000020000042        0x2 
 .data.USBD_LangIDDesc
                0x0000000020000044        0x4 build/usbd_desc.o
                0x0000000020000044                USBD_LangIDDesc
 .data.USBD_CDC_DeviceDesc
                0x0000000020000048       0x12 build/usbd_desc.o
                0x0000000020000048                USBD_CDC_DeviceDesc
 *fill*         0x000000002000005a        0x2 
 .data.CDC_Desc
                0x000000002000005c       0x20 build/usbd_desc.o
                0x000000002000005c                CDC_Desc
 .data.USBD_Interface_fops_FS
                0x000000002000007c       0x14 build/usbd_cdc_if.o
                0x000000002000007c                USBD_Interface_fops_FS
 .data.uwTickFreq
                0x0000000020000090        0x1 build/stm32l5xx_hal.o
                0x0000000020000090                uwTickFreq
 *fill*         0x0000000020000091        0x3 
 .data.uwTickPrio
                0x0000000020000094        0x4 build/stm32l5xx_hal.o
                0x0000000020000094                uwTickPrio
 .data.SystemCoreClock
                0x0000000020000098        0x4 build/system_stm32l5xx.o
                0x0000000020000098                SystemCoreClock
 .data.USBD_CDC_CfgDesc
                0x000000002000009c       0x43 build/usbd_cdc.o
 *fill*         0x00000000200000df        0x1 
 .data.USBD_CDC
                0x00000000200000e0       0x38 build/usbd_cdc.o
                0x00000000200000e0                USBD_CDC
 .data.USBD_CDC_DeviceQualifierDesc
                0x0000000020000118        0xa build/usbd_cdc.o
 *fill*         0x0000000020000122        0x2 
 .data._impure_ptr
                0x0000000020000124        0x4 /home/yul/toolchain/arm-gnu-toolchain-12.2.rel1-x86_64-arm-none-eabi/bin/../lib/gcc/arm-none-eabi/12.2.1/../../../../arm-none-eabi/lib/thumb/v8-m.main+fp/hard/libc_nano.a(libc_a-impure.o)
                0x0000000020000124                _impure_ptr
 .data._impure_data
                0x0000000020000128       0x4c /home/yul/toolchain/arm-gnu-toolchain-12.2.rel1-x86_64-arm-none-eabi/bin/../lib/gcc/arm-none-eabi/12.2.1/../../../../arm-none-eabi/lib/thumb/v8-m.main+fp/hard/libc_nano.a(libc_a-impure.o)
                0x0000000020000128                _impure_data
 .data.__sglue  0x0000000020000174        0xc /home/yul/toolchain/arm-gnu-toolchain-12.2.rel1-x86_64-arm-none-eabi/bin/../lib/gcc/arm-none-eabi/12.2.1/../../../../arm-none-eabi/lib/thumb/v8-m.main+fp/hard/libc_nano.a(libc_a-findfp.o)
                0x0000000020000174                __sglue
                0x0000000020000180                . = ALIGN (0x8)
                0x0000000020000180                _edata = .

.tm_clone_table
                0x0000000020000180        0x0 load address 0x00000000080083e0
 .tm_clone_table
                0x0000000020000180        0x0 /home/yul/toolchain/arm-gnu-toolchain-12.2.rel1-x86_64-arm-none-eabi/bin/../lib/gcc/arm-none-eabi/12.2.1/thumb/v8-m.main+fp/hard/crtbegin.o
 .tm_clone_table
                0x0000000020000180        0x0 /home/yul/toolchain/arm-gnu-toolchain-12.2.rel1-x86_64-arm-none-eabi/bin/../lib/gcc/arm-none-eabi/12.2.1/thumb/v8-m.main+fp/hard/crtend.o

.igot.plt       0x0000000020000180        0x0 load address 0x00000000080083e0
 .igot.plt      0x0000000020000180        0x0 /home/yul/toolchain/arm-gnu-toolchain-12.2.rel1-x86_64-arm-none-eabi/bin/../lib/gcc/arm-none-eabi/12.2.1/thumb/v8-m.main+fp/hard/crtbegin.o
                0x0000000020000180                . = ALIGN (0x8)

.bss            0x0000000020000180     0x1cc8 load address 0x00000000080083e0
                0x0000000020000180                _sbss = .
                0x0000000020000180                __bss_start__ = _sbss
 *(.bss)
 *(.bss*)
 .bss.completed.1
                0x0000000020000180        0x1 /home/yul/toolchain/arm-gnu-toolchain-12.2.rel1-x86_64-arm-none-eabi/bin/../lib/gcc/arm-none-eabi/12.2.1/thumb/v8-m.main+fp/hard/crtbegin.o
 *fill*         0x0000000020000181        0x3 
 .bss.object.0  0x0000000020000184       0x18 /home/yul/toolchain/arm-gnu-toolchain-12.2.rel1-x86_64-arm-none-eabi/bin/../lib/gcc/arm-none-eabi/12.2.1/thumb/v8-m.main+fp/hard/crtbegin.o
 .bss.rc.0      0x000000002000019c        0x1 build/main.o
 *fill*         0x000000002000019d        0x3 
 .bss.huart3    0x00000000200001a0       0x94 build/main.o
                0x00000000200001a0                huart3
 .bss.hi2c2     0x0000000020000234       0x54 build/main.o
                0x0000000020000234                hi2c2
 .bss.hi2c1     0x0000000020000288       0x54 build/main.o
                0x0000000020000288                hi2c1
 .bss.g_twi_transfer_buffer
                0x00000000200002dc       0x14 build/is31fl3737.o
                0x00000000200002dc                g_twi_transfer_buffer
 .bss.current_matrix
                0x00000000200002f0        0xc build/keyboard.o
                0x00000000200002f0                current_matrix
 .bss.mem.0     0x00000000200002fc      0x220 build/usbd_conf.o
 .bss.hpcd_USB_FS
                0x000000002000051c      0x2f4 build/usbd_conf.o
                0x000000002000051c                hpcd_USB_FS
 .bss.hUsbDeviceFS
                0x0000000020000810      0x2dc build/usb_device.o
                0x0000000020000810                hUsbDeviceFS
 .bss.USBD_StrDesc
                0x0000000020000aec      0x200 build/usbd_desc.o
                0x0000000020000aec                USBD_StrDesc
 .bss.UserRxLength
                0x0000000020000cec        0x1 build/usbd_cdc_if.o
 *fill*         0x0000000020000ced        0x3 
 .bss.UserTxBufferFS
                0x0000000020000cf0      0x800 build/usbd_cdc_if.o
                0x0000000020000cf0                UserTxBufferFS
 .bss.UserRxBufferFS
                0x00000000200014f0      0x800 build/usbd_cdc_if.o
                0x00000000200014f0                UserRxBufferFS
 .bss.uwTick    0x0000000020001cf0        0x4 build/stm32l5xx_hal.o
                0x0000000020001cf0                uwTick
 .bss.cfgidx.0  0x0000000020001cf4        0x1 build/usbd_ctlreq.o
 *fill*         0x0000000020001cf5        0x3 
 .bss.__sf      0x0000000020001cf8      0x138 /home/yul/toolchain/arm-gnu-toolchain-12.2.rel1-x86_64-arm-none-eabi/bin/../lib/gcc/arm-none-eabi/12.2.1/../../../../arm-none-eabi/lib/thumb/v8-m.main+fp/hard/libc_nano.a(libc_a-findfp.o)
                0x0000000020001cf8                __sf
 .bss.__stdio_exit_handler
                0x0000000020001e30        0x4 /home/yul/toolchain/arm-gnu-toolchain-12.2.rel1-x86_64-arm-none-eabi/bin/../lib/gcc/arm-none-eabi/12.2.1/../../../../arm-none-eabi/lib/thumb/v8-m.main+fp/hard/libc_nano.a(libc_a-findfp.o)
                0x0000000020001e30                __stdio_exit_handler
 .bss.__lock___malloc_recursive_mutex
                0x0000000020001e34        0x1 /home/yul/toolchain/arm-gnu-toolchain-12.2.rel1-x86_64-arm-none-eabi/bin/../lib/gcc/arm-none-eabi/12.2.1/../../../../arm-none-eabi/lib/thumb/v8-m.main+fp/hard/libc_nano.a(libc_a-lock.o)
                0x0000000020001e34                __lock___malloc_recursive_mutex
 .bss.__lock___sfp_recursive_mutex
                0x0000000020001e35        0x1 /home/yul/toolchain/arm-gnu-toolchain-12.2.rel1-x86_64-arm-none-eabi/bin/../lib/gcc/arm-none-eabi/12.2.1/../../../../arm-none-eabi/lib/thumb/v8-m.main+fp/hard/libc_nano.a(libc_a-lock.o)
                0x0000000020001e35                __lock___sfp_recursive_mutex
 *fill*         0x0000000020001e36        0x2 
 .bss.errno     0x0000000020001e38        0x4 /home/yul/toolchain/arm-gnu-toolchain-12.2.rel1-x86_64-arm-none-eabi/bin/../lib/gcc/arm-none-eabi/12.2.1/../../../../arm-none-eabi/lib/thumb/v8-m.main+fp/hard/libc_nano.a(libc_a-reent.o)
                0x0000000020001e38                errno
 .bss.__malloc_sbrk_start
                0x0000000020001e3c        0x4 /home/yul/toolchain/arm-gnu-toolchain-12.2.rel1-x86_64-arm-none-eabi/bin/../lib/gcc/arm-none-eabi/12.2.1/../../../../arm-none-eabi/lib/thumb/v8-m.main+fp/hard/libc_nano.a(libc_a-mallocr.o)
                0x0000000020001e3c                __malloc_sbrk_start
 .bss.__malloc_free_list
                0x0000000020001e40        0x4 /home/yul/toolchain/arm-gnu-toolchain-12.2.rel1-x86_64-arm-none-eabi/bin/../lib/gcc/arm-none-eabi/12.2.1/../../../../arm-none-eabi/lib/thumb/v8-m.main+fp/hard/libc_nano.a(libc_a-mallocr.o)
                0x0000000020001e40                __malloc_free_list
 .bss.heap_end.0
                0x0000000020001e44        0x4 /home/yul/toolchain/arm-gnu-toolchain-12.2.rel1-x86_64-arm-none-eabi/bin/../lib/gcc/arm-none-eabi/12.2.1/../../../../arm-none-eabi/lib/thumb/v8-m.main+fp/hard/libnosys.a(sbrk.o)
 *(COMMON)
                0x0000000020001e48                . = ALIGN (0x8)
                0x0000000020001e48                _ebss = .
                0x0000000020001e48                __bss_end__ = _ebss

._user_heap_stack
                0x0000000020001e48     0x4200 load address 0x00000000080083e0
                0x0000000020001e48                . = ALIGN (0x8)
                0x0000000020001e48                PROVIDE (end = .)
                [!provide]                        PROVIDE (_end = .)
                0x0000000020002048                . = (. + _Min_Heap_Size)
 *fill*         0x0000000020001e48      0x200 
                0x0000000020006048                . = (. + _Min_Stack_Size)
 *fill*         0x0000000020002048     0x4000 
                0x0000000020006048                . = ALIGN (0x8)

/DISCARD/
 libc.a(*)
 libm.a(*)
 libgcc.a(*)

.ARM.attributes
                0x0000000000000000       0x36
 *(.ARM.attributes)
 .ARM.attributes
                0x0000000000000000       0x26 /home/yul/toolchain/arm-gnu-toolchain-12.2.rel1-x86_64-arm-none-eabi/bin/../lib/gcc/arm-none-eabi/12.2.1/thumb/v8-m.main+fp/hard/crti.o
 .ARM.attributes
                0x0000000000000026       0x38 /home/yul/toolchain/arm-gnu-toolchain-12.2.rel1-x86_64-arm-none-eabi/bin/../lib/gcc/arm-none-eabi/12.2.1/thumb/v8-m.main+fp/hard/crtbegin.o
 .ARM.attributes
                0x000000000000005e       0x3a build/main.o
 .ARM.attributes
                0x0000000000000098       0x3a build/shell.o
 .ARM.attributes
                0x00000000000000d2       0x3a build/is31fl3737.o
 .ARM.attributes
                0x000000000000010c       0x3a build/keyboard.o
 .ARM.attributes
                0x0000000000000146       0x3a build/stm32l5xx_it.o
 .ARM.attributes
                0x0000000000000180       0x3a build/stm32l5xx_hal_msp.o
 .ARM.attributes
                0x00000000000001ba       0x3a build/usbd_conf.o
 .ARM.attributes
                0x00000000000001f4       0x3a build/usb_device.o
 .ARM.attributes
                0x000000000000022e       0x3a build/usbd_desc.o
 .ARM.attributes
                0x0000000000000268       0x3a build/usbd_cdc_if.o
 .ARM.attributes
                0x00000000000002a2       0x3a build/stm32l5xx_hal_pcd.o
 .ARM.attributes
                0x00000000000002dc       0x3a build/stm32l5xx_hal_pcd_ex.o
 .ARM.attributes
                0x0000000000000316       0x3a build/stm32l5xx_ll_usb.o
 .ARM.attributes
                0x0000000000000350       0x3a build/stm32l5xx_hal.o
 .ARM.attributes
                0x000000000000038a       0x3a build/stm32l5xx_hal_i2c.o
 .ARM.attributes
                0x00000000000003c4       0x3a build/stm32l5xx_hal_i2c_ex.o
 .ARM.attributes
                0x00000000000003fe       0x3a build/stm32l5xx_hal_rcc.o
 .ARM.attributes
                0x0000000000000438       0x3a build/stm32l5xx_hal_rcc_ex.o
 .ARM.attributes
                0x0000000000000472       0x3a build/stm32l5xx_hal_gpio.o
 .ARM.attributes
                0x00000000000004ac       0x3a build/stm32l5xx_hal_pwr_ex.o
 .ARM.attributes
                0x00000000000004e6       0x3a build/stm32l5xx_hal_cortex.o
 .ARM.attributes
                0x0000000000000520       0x3a build/stm32l5xx_hal_icache.o
 .ARM.attributes
                0x000000000000055a       0x3a build/stm32l5xx_hal_uart.o
 .ARM.attributes
                0x0000000000000594       0x3a build/stm32l5xx_hal_uart_ex.o
 .ARM.attributes
                0x00000000000005ce       0x3a build/system_stm32l5xx.o
 .ARM.attributes
                0x0000000000000608       0x3a build/usbd_core.o
 .ARM.attributes
                0x0000000000000642       0x3a build/usbd_ctlreq.o
 .ARM.attributes
                0x000000000000067c       0x3a build/usbd_ioreq.o
 .ARM.attributes
                0x00000000000006b6       0x3a build/usbd_cdc.o
 .ARM.attributes
                0x00000000000006f0       0x24 build/startup_stm32l562xx.o
 .ARM.attributes
                0x0000000000000714       0x38 /home/yul/toolchain/arm-gnu-toolchain-12.2.rel1-x86_64-arm-none-eabi/bin/../lib/gcc/arm-none-eabi/12.2.1/../../../../arm-none-eabi/lib/thumb/v8-m.main+fp/hard/libc_nano.a(libc_a-init.o)
 .ARM.attributes
                0x000000000000074c       0x24 /home/yul/toolchain/arm-gnu-toolchain-12.2.rel1-x86_64-arm-none-eabi/bin/../lib/gcc/arm-none-eabi/12.2.1/../../../../arm-none-eabi/lib/thumb/v8-m.main+fp/hard/libc_nano.a(libc_a-strcmp.o)
 .ARM.attributes
                0x0000000000000770       0x38 /home/yul/toolchain/arm-gnu-toolchain-12.2.rel1-x86_64-arm-none-eabi/bin/../lib/gcc/arm-none-eabi/12.2.1/../../../../arm-none-eabi/lib/thumb/v8-m.main+fp/hard/libc_nano.a(libc_a-printf.o)
 .ARM.attributes
                0x00000000000007a8       0x38 /home/yul/toolchain/arm-gnu-toolchain-12.2.rel1-x86_64-arm-none-eabi/bin/../lib/gcc/arm-none-eabi/12.2.1/../../../../arm-none-eabi/lib/thumb/v8-m.main+fp/hard/libc_nano.a(libc_a-nano-vfprintf.o)
 .ARM.attributes
                0x00000000000007e0       0x38 /home/yul/toolchain/arm-gnu-toolchain-12.2.rel1-x86_64-arm-none-eabi/bin/../lib/gcc/arm-none-eabi/12.2.1/../../../../arm-none-eabi/lib/thumb/v8-m.main+fp/hard/libc_nano.a(libc_a-wbuf.o)
 .ARM.attributes
                0x0000000000000818       0x38 /home/yul/toolchain/arm-gnu-toolchain-12.2.rel1-x86_64-arm-none-eabi/bin/../lib/gcc/arm-none-eabi/12.2.1/../../../../arm-none-eabi/lib/thumb/v8-m.main+fp/hard/libc_nano.a(libc_a-wsetup.o)
 .ARM.attributes
                0x0000000000000850       0x38 /home/yul/toolchain/arm-gnu-toolchain-12.2.rel1-x86_64-arm-none-eabi/bin/../lib/gcc/arm-none-eabi/12.2.1/../../../../arm-none-eabi/lib/thumb/v8-m.main+fp/hard/libc_nano.a(libc_a-putchar.o)
 .ARM.attributes
                0x0000000000000888       0x38 /home/yul/toolchain/arm-gnu-toolchain-12.2.rel1-x86_64-arm-none-eabi/bin/../lib/gcc/arm-none-eabi/12.2.1/../../../../arm-none-eabi/lib/thumb/v8-m.main+fp/hard/libc_nano.a(libc_a-nano-vfprintf_i.o)
 .ARM.attributes
                0x00000000000008c0       0x38 /home/yul/toolchain/arm-gnu-toolchain-12.2.rel1-x86_64-arm-none-eabi/bin/../lib/gcc/arm-none-eabi/12.2.1/../../../../arm-none-eabi/lib/thumb/v8-m.main+fp/hard/libc_nano.a(libc_a-puts.o)
 .ARM.attributes
                0x00000000000008f8       0x38 /home/yul/toolchain/arm-gnu-toolchain-12.2.rel1-x86_64-arm-none-eabi/bin/../lib/gcc/arm-none-eabi/12.2.1/../../../../arm-none-eabi/lib/thumb/v8-m.main+fp/hard/libc_nano.a(libc_a-impure.o)
 .ARM.attributes
                0x0000000000000930       0x38 /home/yul/toolchain/arm-gnu-toolchain-12.2.rel1-x86_64-arm-none-eabi/bin/../lib/gcc/arm-none-eabi/12.2.1/../../../../arm-none-eabi/lib/thumb/v8-m.main+fp/hard/libc_nano.a(libc_a-fflush.o)
 .ARM.attributes
                0x0000000000000968       0x38 /home/yul/toolchain/arm-gnu-toolchain-12.2.rel1-x86_64-arm-none-eabi/bin/../lib/gcc/arm-none-eabi/12.2.1/../../../../arm-none-eabi/lib/thumb/v8-m.main+fp/hard/libc_nano.a(libc_a-memchr-stub.o)
 .ARM.attributes
                0x00000000000009a0       0x38 /home/yul/toolchain/arm-gnu-toolchain-12.2.rel1-x86_64-arm-none-eabi/bin/../lib/gcc/arm-none-eabi/12.2.1/../../../../arm-none-eabi/lib/thumb/v8-m.main+fp/hard/libc_nano.a(libc_a-memcpy-stub.o)
 .ARM.attributes
                0x00000000000009d8       0x38 /home/yul/toolchain/arm-gnu-toolchain-12.2.rel1-x86_64-arm-none-eabi/bin/../lib/gcc/arm-none-eabi/12.2.1/../../../../arm-none-eabi/lib/thumb/v8-m.main+fp/hard/libc_nano.a(libc_a-findfp.o)
 .ARM.attributes
                0x0000000000000a10       0x38 /home/yul/toolchain/arm-gnu-toolchain-12.2.rel1-x86_64-arm-none-eabi/bin/../lib/gcc/arm-none-eabi/12.2.1/../../../../arm-none-eabi/lib/thumb/v8-m.main+fp/hard/libc_nano.a(libc_a-stdio.o)
 .ARM.attributes
                0x0000000000000a48       0x38 /home/yul/toolchain/arm-gnu-toolchain-12.2.rel1-x86_64-arm-none-eabi/bin/../lib/gcc/arm-none-eabi/12.2.1/../../../../arm-none-eabi/lib/thumb/v8-m.main+fp/hard/libc_nano.a(libc_a-atoi.o)
 .ARM.attributes
                0x0000000000000a80       0x38 /home/yul/toolchain/arm-gnu-toolchain-12.2.rel1-x86_64-arm-none-eabi/bin/../lib/gcc/arm-none-eabi/12.2.1/../../../../arm-none-eabi/lib/thumb/v8-m.main+fp/hard/libc_nano.a(libc_a-writer.o)
 .ARM.attributes
                0x0000000000000ab8       0x38 /home/yul/toolchain/arm-gnu-toolchain-12.2.rel1-x86_64-arm-none-eabi/bin/../lib/gcc/arm-none-eabi/12.2.1/../../../../arm-none-eabi/lib/thumb/v8-m.main+fp/hard/libc_nano.a(libc_a-fwalk.o)
 .ARM.attributes
                0x0000000000000af0       0x38 /home/yul/toolchain/arm-gnu-toolchain-12.2.rel1-x86_64-arm-none-eabi/bin/../lib/gcc/arm-none-eabi/12.2.1/../../../../arm-none-eabi/lib/thumb/v8-m.main+fp/hard/libc_nano.a(libc_a-memset.o)
 .ARM.attributes
                0x0000000000000b28       0x38 /home/yul/toolchain/arm-gnu-toolchain-12.2.rel1-x86_64-arm-none-eabi/bin/../lib/gcc/arm-none-eabi/12.2.1/../../../../arm-none-eabi/lib/thumb/v8-m.main+fp/hard/libc_nano.a(libc_a-freer.o)
 .ARM.attributes
                0x0000000000000b60       0x38 /home/yul/toolchain/arm-gnu-toolchain-12.2.rel1-x86_64-arm-none-eabi/bin/../lib/gcc/arm-none-eabi/12.2.1/../../../../arm-none-eabi/lib/thumb/v8-m.main+fp/hard/libc_nano.a(libc_a-strtol.o)
 .ARM.attributes
                0x0000000000000b98       0x38 /home/yul/toolchain/arm-gnu-toolchain-12.2.rel1-x86_64-arm-none-eabi/bin/../lib/gcc/arm-none-eabi/12.2.1/../../../../arm-none-eabi/lib/thumb/v8-m.main+fp/hard/libc_nano.a(libc_a-lock.o)
 .ARM.attributes
                0x0000000000000bd0       0x38 /home/yul/toolchain/arm-gnu-toolchain-12.2.rel1-x86_64-arm-none-eabi/bin/../lib/gcc/arm-none-eabi/12.2.1/../../../../arm-none-eabi/lib/thumb/v8-m.main+fp/hard/libc_nano.a(libc_a-makebuf.o)
 .ARM.attributes
                0x0000000000000c08       0x38 /home/yul/toolchain/arm-gnu-toolchain-12.2.rel1-x86_64-arm-none-eabi/bin/../lib/gcc/arm-none-eabi/12.2.1/../../../../arm-none-eabi/lib/thumb/v8-m.main+fp/hard/libc_nano.a(libc_a-putc.o)
 .ARM.attributes
                0x0000000000000c40       0x38 /home/yul/toolchain/arm-gnu-toolchain-12.2.rel1-x86_64-arm-none-eabi/bin/../lib/gcc/arm-none-eabi/12.2.1/../../../../arm-none-eabi/lib/thumb/v8-m.main+fp/hard/libc_nano.a(libc_a-closer.o)
 .ARM.attributes
                0x0000000000000c78       0x38 /home/yul/toolchain/arm-gnu-toolchain-12.2.rel1-x86_64-arm-none-eabi/bin/../lib/gcc/arm-none-eabi/12.2.1/../../../../arm-none-eabi/lib/thumb/v8-m.main+fp/hard/libc_nano.a(libc_a-reent.o)
 .ARM.attributes
                0x0000000000000cb0       0x38 /home/yul/toolchain/arm-gnu-toolchain-12.2.rel1-x86_64-arm-none-eabi/bin/../lib/gcc/arm-none-eabi/12.2.1/../../../../arm-none-eabi/lib/thumb/v8-m.main+fp/hard/libc_nano.a(libc_a-mallocr.o)
 .ARM.attributes
                0x0000000000000ce8       0x38 /home/yul/toolchain/arm-gnu-toolchain-12.2.rel1-x86_64-arm-none-eabi/bin/../lib/gcc/arm-none-eabi/12.2.1/../../../../arm-none-eabi/lib/thumb/v8-m.main+fp/hard/libc_nano.a(libc_a-fstatr.o)
 .ARM.attributes
                0x0000000000000d20       0x38 /home/yul/toolchain/arm-gnu-toolchain-12.2.rel1-x86_64-arm-none-eabi/bin/../lib/gcc/arm-none-eabi/12.2.1/../../../../arm-none-eabi/lib/thumb/v8-m.main+fp/hard/libc_nano.a(libc_a-isattyr.o)
 .ARM.attributes
                0x0000000000000d58       0x38 /home/yul/toolchain/arm-gnu-toolchain-12.2.rel1-x86_64-arm-none-eabi/bin/../lib/gcc/arm-none-eabi/12.2.1/../../../../arm-none-eabi/lib/thumb/v8-m.main+fp/hard/libc_nano.a(libc_a-lseekr.o)
 .ARM.attributes
                0x0000000000000d90       0x38 /home/yul/toolchain/arm-gnu-toolchain-12.2.rel1-x86_64-arm-none-eabi/bin/../lib/gcc/arm-none-eabi/12.2.1/../../../../arm-none-eabi/lib/thumb/v8-m.main+fp/hard/libc_nano.a(libc_a-readr.o)
 .ARM.attributes
                0x0000000000000dc8       0x38 /home/yul/toolchain/arm-gnu-toolchain-12.2.rel1-x86_64-arm-none-eabi/bin/../lib/gcc/arm-none-eabi/12.2.1/../../../../arm-none-eabi/lib/thumb/v8-m.main+fp/hard/libc_nano.a(libc_a-mlock.o)
 .ARM.attributes
                0x0000000000000e00       0x38 /home/yul/toolchain/arm-gnu-toolchain-12.2.rel1-x86_64-arm-none-eabi/bin/../lib/gcc/arm-none-eabi/12.2.1/../../../../arm-none-eabi/lib/thumb/v8-m.main+fp/hard/libc_nano.a(libc_a-ctype_.o)
 .ARM.attributes
                0x0000000000000e38       0x38 /home/yul/toolchain/arm-gnu-toolchain-12.2.rel1-x86_64-arm-none-eabi/bin/../lib/gcc/arm-none-eabi/12.2.1/../../../../arm-none-eabi/lib/thumb/v8-m.main+fp/hard/libc_nano.a(libc_a-sbrkr.o)
 .ARM.attributes
                0x0000000000000e70       0x38 /home/yul/toolchain/arm-gnu-toolchain-12.2.rel1-x86_64-arm-none-eabi/bin/../lib/gcc/arm-none-eabi/12.2.1/../../../../arm-none-eabi/lib/thumb/v8-m.main+fp/hard/libc_nano.a(libc_a-errno.o)
 .ARM.attributes
                0x0000000000000ea8       0x38 /home/yul/toolchain/arm-gnu-toolchain-12.2.rel1-x86_64-arm-none-eabi/bin/../lib/gcc/arm-none-eabi/12.2.1/../../../../arm-none-eabi/lib/thumb/v8-m.main+fp/hard/libnosys.a(close.o)
 .ARM.attributes
                0x0000000000000ee0       0x38 /home/yul/toolchain/arm-gnu-toolchain-12.2.rel1-x86_64-arm-none-eabi/bin/../lib/gcc/arm-none-eabi/12.2.1/../../../../arm-none-eabi/lib/thumb/v8-m.main+fp/hard/libnosys.a(fstat.o)
 .ARM.attributes
                0x0000000000000f18       0x38 /home/yul/toolchain/arm-gnu-toolchain-12.2.rel1-x86_64-arm-none-eabi/bin/../lib/gcc/arm-none-eabi/12.2.1/../../../../arm-none-eabi/lib/thumb/v8-m.main+fp/hard/libnosys.a(isatty.o)
 .ARM.attributes
                0x0000000000000f50       0x38 /home/yul/toolchain/arm-gnu-toolchain-12.2.rel1-x86_64-arm-none-eabi/bin/../lib/gcc/arm-none-eabi/12.2.1/../../../../arm-none-eabi/lib/thumb/v8-m.main+fp/hard/libnosys.a(lseek.o)
 .ARM.attributes