Archive member included to satisfy reference by file (symbol)

/home/yul/toolchain/arm-gnu-toolchain-12.2.rel1-x86_64-arm-none-eabi/bin/../lib/gcc/arm-none-eabi/12.2.1/../../../../arm-none-eabi/lib/thumb/v8-m.main+fp/hard/libc_nano.a(libc_a-exit.o)
                              /home/yul/toolchain/arm-gnu-toolchain-12.2.rel1-x86_64-arm-none-eabi/bin/../lib/gcc/arm-none-eabi/12.2.1/../../../../arm-none-eabi/lib/thumb/v8-m.main+fp/hard/crt0.o (exit)
/home/yul/toolchain/arm-gnu-toolchain-12.2.rel1-x86_64-arm-none-eabi/bin/../lib/gcc/arm-none-eabi/12.2.1/../../../../arm-none-eabi/lib/thumb/v8-m.main+fp/hard/libc_nano.a(libc_a-init.o)
                              /home/yul/toolchain/arm-gnu-toolchain-12.2.rel1-x86_64-arm-none-eabi/bin/../lib/gcc/arm-none-eabi/12.2.1/../../../../arm-none-eabi/lib/thumb/v8-m.main+fp/hard/crt0.o (__libc_init_array)
/home/yul/toolchain/arm-gnu-toolchain-12.2.rel1-x86_64-arm-none-eabi/bin/../lib/gcc/arm-none-eabi/12.2.1/../../../../arm-none-eabi/lib/thumb/v8-m.main+fp/hard/libc_nano.a(libc_a-strcmp.o)
                              build/shell.o (strcmp)
/home/yul/toolchain/arm-gnu-toolchain-12.2.rel1-x86_64-arm-none-eabi/bin/../lib/gcc/arm-none-eabi/12.2.1/../../../../arm-none-eabi/lib/thumb/v8-m.main+fp/hard/libc_nano.a(libc_a-printf.o)
                              build/shell.o (printf)
/home/yul/toolchain/arm-gnu-toolchain-12.2.rel1-x86_64-arm-none-eabi/bin/../lib/gcc/arm-none-eabi/12.2.1/../../../../arm-none-eabi/lib/thumb/v8-m.main+fp/hard/libc_nano.a(libc_a-nano-vfprintf.o)
                              /home/yul/toolchain/arm-gnu-toolchain-12.2.rel1-x86_64-arm-none-eabi/bin/../lib/gcc/arm-none-eabi/12.2.1/../../../../arm-none-eabi/lib/thumb/v8-m.main+fp/hard/libc_nano.a(libc_a-printf.o) (_vfprintf_r)
/home/yul/toolchain/arm-gnu-toolchain-12.2.rel1-x86_64-arm-none-eabi/bin/../lib/gcc/arm-none-eabi/12.2.1/../../../../arm-none-eabi/lib/thumb/v8-m.main+fp/hard/libc_nano.a(libc_a-wbuf.o)
                              /home/yul/toolchain/arm-gnu-toolchain-12.2.rel1-x86_64-arm-none-eabi/bin/../lib/gcc/arm-none-eabi/12.2.1/../../../../arm-none-eabi/lib/thumb/v8-m.main+fp/hard/libc_nano.a(libc_a-nano-vfprintf.o) (__swbuf_r)
/home/yul/toolchain/arm-gnu-toolchain-12.2.rel1-x86_64-arm-none-eabi/bin/../lib/gcc/arm-none-eabi/12.2.1/../../../../arm-none-eabi/lib/thumb/v8-m.main+fp/hard/libc_nano.a(libc_a-wsetup.o)
                              /home/yul/toolchain/arm-gnu-toolchain-12.2.rel1-x86_64-arm-none-eabi/bin/../lib/gcc/arm-none-eabi/12.2.1/../../../../arm-none-eabi/lib/thumb/v8-m.main+fp/hard/libc_nano.a(libc_a-nano-vfprintf.o) (__swsetup_r)
/home/yul/toolchain/arm-gnu-toolchain-12.2.rel1-x86_64-arm-none-eabi/bin/../lib/gcc/arm-none-eabi/12.2.1/../../../../arm-none-eabi/lib/thumb/v8-m.main+fp/hard/libc_nano.a(libc_a-putchar.o)
                              build/shell.o (putchar)
/home/yul/toolchain/arm-gnu-toolchain-12.2.rel1-x86_64-arm-none-eabi/bin/../lib/gcc/arm-none-eabi/12.2.1/../../../../arm-none-eabi/lib/thumb/v8-m.main+fp/hard/libc_nano.a(libc_a-nano-vfprintf_i.o)
                              /home/yul/toolchain/arm-gnu-toolchain-12.2.rel1-x86_64-arm-none-eabi/bin/../lib/gcc/arm-none-eabi/12.2.1/../../../../arm-none-eabi/lib/thumb/v8-m.main+fp/hard/libc_nano.a(libc_a-nano-vfprintf.o) (_printf_i)
/home/yul/toolchain/arm-gnu-toolchain-12.2.rel1-x86_64-arm-none-eabi/bin/../lib/gcc/arm-none-eabi/12.2.1/../../../../arm-none-eabi/lib/thumb/v8-m.main+fp/hard/libc_nano.a(libc_a-puts.o)
                              build/main.o (puts)
/home/yul/toolchain/arm-gnu-toolchain-12.2.rel1-x86_64-arm-none-eabi/bin/../lib/gcc/arm-none-eabi/12.2.1/../../../../arm-none-eabi/lib/thumb/v8-m.main+fp/hard/libc_nano.a(libc_a-impure.o)
                              build/shell.o (_impure_ptr)
/home/yul/toolchain/arm-gnu-toolchain-12.2.rel1-x86_64-arm-none-eabi/bin/../lib/gcc/arm-none-eabi/12.2.1/../../../../arm-none-eabi/lib/thumb/v8-m.main+fp/hard/libc_nano.a(libc_a-fflush.o)
                              /home/yul/toolchain/arm-gnu-toolchain-12.2.rel1-x86_64-arm-none-eabi/bin/../lib/gcc/arm-none-eabi/12.2.1/../../../../arm-none-eabi/lib/thumb/v8-m.main+fp/hard/libc_nano.a(libc_a-wbuf.o) (_fflush_r)
/home/yul/toolchain/arm-gnu-toolchain-12.2.rel1-x86_64-arm-none-eabi/bin/../lib/gcc/arm-none-eabi/12.2.1/../../../../arm-none-eabi/lib/thumb/v8-m.main+fp/hard/libc_nano.a(libc_a-memchr-stub.o)
                              /home/yul/toolchain/arm-gnu-toolchain-12.2.rel1-x86_64-arm-none-eabi/bin/../lib/gcc/arm-none-eabi/12.2.1/../../../../arm-none-eabi/lib/thumb/v8-m.main+fp/hard/libc_nano.a(libc_a-nano-vfprintf.o) (memchr)
/home/yul/toolchain/arm-gnu-toolchain-12.2.rel1-x86_64-arm-none-eabi/bin/../lib/gcc/arm-none-eabi/12.2.1/../../../../arm-none-eabi/lib/thumb/v8-m.main+fp/hard/libc_nano.a(libc_a-memcpy-stub.o)
                              build/shell.o (memcpy)
[...]
Memory Configuration

Name             Origin             Length             Attributes
RAM              0x0000000020000000 0x0000000000030000 xrw
RAM2             0x0000000020030000 0x0000000000010000 xrw
ROM              0x0000000008000000 0x0000000000080000 xr
*default*        0x0000000000000000 0xffffffffffffffff

Linker script and memory map

LOAD /home/yul/toolchain/arm-gnu-toolchain-12.2.rel1-x86_64-arm-none-eabi/bin/../lib/gcc/arm-none-eabi/12.2.1/thumb/v8-m.main+fp/hard/crti.o
LOAD /home/yul/toolchain/arm-gnu-toolchain-12.2.rel1-x86_64-arm-none-eabi/bin/../lib/gcc/arm-none-eabi/12.2.1/thumb/v8-m.main+fp/hard/crtbegin.o
LOAD /home/yul/toolchain/arm-gnu-toolchain-12.2.rel1-x86_64-arm-none-eabi/bin/../lib/gcc/arm-none-eabi/12.2.1/../../../../arm-none-eabi/lib/thumb/v8-m.main+fp/hard/crt0.o
LOAD build/main.o
LOAD build/shell.o
LOAD build/is31fl3737.o
LOAD build/stm32l5xx_it.o
LOAD build/stm32l5xx_hal_msp.o
LOAD build/usbd_conf.o
LOAD build/usb_device.o
LOAD build/usbd_desc.o
LOAD build/usbd_cdc_if.o
LOAD build/stm32l5xx_hal_pcd.o
LOAD build/stm32l5xx_hal_pcd_ex.o
LOAD build/stm32l5xx_ll_usb.o
LOAD build/stm32l5xx_hal.o
LOAD build/stm32l5xx_hal_i2c.o
LOAD build/stm32l5xx_hal_i2c_ex.o
LOAD build/stm32l5xx_hal_rcc.o
LOAD build/stm32l5xx_hal_rcc_ex.o
LOAD build/stm32l5xx_hal_flash.o
LOAD build/stm32l5xx_hal_flash_ex.o
LOAD build/stm32l5xx_hal_flash_ramfunc.o
LOAD build/stm32l5xx_hal_gpio.o
LOAD build/stm32l5xx_hal_dma.o
LOAD build/stm32l5xx_hal_dma_ex.o
LOAD build/stm32l5xx_hal_exti.o
LOAD build/stm32l5xx_hal_pwr.o
LOAD build/stm32l5xx_hal_pwr_ex.o
LOAD build/stm32l5xx_hal_cortex.o
LOAD build/stm32l5xx_hal_icache.o
LOAD build/stm32l5xx_hal_tim.o
LOAD build/stm32l5xx_hal_tim_ex.o
LOAD build/stm32l5xx_hal_uart.o
LOAD build/stm32l5xx_hal_uart_ex.o
LOAD build/system_stm32l5xx.o
LOAD build/usbd_core.o
LOAD build/usbd_ctlreq.o
LOAD build/usbd_ioreq.o
LOAD build/usbd_cdc.o
LOAD build/startup_stm32l562xx.o
LOAD /home/yul/toolchain/arm-gnu-toolchain-12.2.rel1-x86_64-arm-none-eabi/bin/../lib/gcc/arm-none-eabi/12.2.1/../../../../arm-none-eabi/lib/thumb/v8-m.main+fp/hard/libc_nano.a
LOAD /home/yul/toolchain/arm-gnu-toolchain-12.2.rel1-x86_64-arm-none-eabi/bin/../lib/gcc/arm-none-eabi/12.2.1/../../../../arm-none-eabi/lib/thumb/v8-m.main+fp/hard/libm.a
LOAD /home/yul/toolchain/arm-gnu-toolchain-12.2.rel1-x86_64-arm-none-eabi/bin/../lib/gcc/arm-none-eabi/12.2.1/../../../../arm-none-eabi/lib/thumb/v8-m.main+fp/hard/libnosys.a
START GROUP
LOAD /home/yul/toolchain/arm-gnu-toolchain-12.2.rel1-x86_64-arm-none-eabi/bin/../lib/gcc/arm-none-eabi/12.2.1/thumb/v8-m.main+fp/hard/libgcc.a
LOAD /home/yul/toolchain/arm-gnu-toolchain-12.2.rel1-x86_64-arm-none-eabi/bin/../lib/gcc/arm-none-eabi/12.2.1/../../../../arm-none-eabi/lib/thumb/v8-m.main+fp/hard/libc_nano.a
END GROUP
START GROUP
LOAD /home/yul/toolchain/arm-gnu-toolchain-12.2.rel1-x86_64-arm-none-eabi/bin/../lib/gcc/arm-none-eabi/12.2.1/thumb/v8-m.main+fp/hard/libgcc.a
LOAD /home/yul/toolchain/arm-gnu-toolchain-12.2.rel1-x86_64-arm-none-eabi/bin/../lib/gcc/arm-none-eabi/12.2.1/../../../../arm-none-eabi/lib/thumb/v8-m.main+fp/hard/libc_nano.a
END GROUP
LOAD /home/yul/toolchain/arm-gnu-toolchain-12.2.rel1-x86_64-arm-none-eabi/bin/../lib/gcc/arm-none-eabi/12.2.1/thumb/v8-m.main+fp/hard/crtend.o
LOAD /home/yul/toolchain/arm-gnu-toolchain-12.2.rel1-x86_64-arm-none-eabi/bin/../lib/gcc/arm-none-eabi/12.2.1/thumb/v8-m.main+fp/hard/crtn.o
                0x0000000020030000                _estack = (ORIGIN (RAM) + LENGTH (RAM))
                0x0000000000000200                _Min_Heap_Size = 0x200
                0x0000000000004000                _Min_Stack_Size = 0x4000

.isr_vector     0x0000000008000000      0x1f8
                0x0000000008000000                . = ALIGN (0x8)
 *(.isr_vector)
 .isr_vector    0x0000000008000000      0x1f4 build/startup_stm32l562xx.o
                0x0000000008000000                g_pfnVectors
                0x00000000080001f8                . = ALIGN (0x8)
 *fill*         0x00000000080001f4        0x4 

.text           0x00000000080001f8     0x7c88
                0x00000000080001f8                . = ALIGN (0x8)
 *(.text)
 .text          0x00000000080001f8       0x14 /home/yul/toolchain/arm-gnu-toolchain-12.2.rel1-x86_64-arm-none-eabi/bin/../lib/gcc/arm-none-eabi/12.2.1/../../../../arm-none-eabi/lib/thumb/v8-m.main+fp/hard/libc_nano.a(libc_a-strcmp.o)
                0x00000000080001f8                strcmp
 .text          0x000000000800020c       0x30 /home/yul/toolchain/arm-gnu-toolchain-12.2.rel1-x86_64-arm-none-eabi/bin/../lib/gcc/arm-none-eabi/12.2.1/thumb/v8-m.main+fp/hard/libgcc.a(_aeabi_uldivmod.o)
                0x000000000800020c                __aeabi_uldivmod
 .text          0x000000000800023c        0x4 /home/yul/toolchain/arm-gnu-toolchain-12.2.rel1-x86_64-arm-none-eabi/bin/../lib/gcc/arm-none-eabi/12.2.1/thumb/v8-m.main+fp/hard/libgcc.a(_dvmd_tls.o)
                0x000000000800023c                __aeabi_ldiv0
                0x000000000800023c                __aeabi_idiv0
 *(.text*)
 .text.deregister_tm_clones
                0x0000000008000240       0x1c /home/yul/toolchain/arm-gnu-toolchain-12.2.rel1-x86_64-arm-none-eabi/bin/../lib/gcc/arm-none-eabi/12.2.1/thumb/v8-m.main+fp/hard/crtbegin.o
 .text.register_tm_clones
                0x000000000800025c       0x28 /home/yul/toolchain/arm-gnu-toolchain-12.2.rel1-x86_64-arm-none-eabi/bin/../lib/gcc/arm-none-eabi/12.2.1/thumb/v8-m.main+fp/hard/crtbegin.o
 .text.__do_global_dtors_aux
                0x0000000008000284       0x28 /home/yul/toolchain/arm-gnu-toolchain-12.2.rel1-x86_64-arm-none-eabi/bin/../lib/gcc/arm-none-eabi/12.2.1/thumb/v8-m.main+fp/hard/crtbegin.o
 .text.frame_dummy
                0x00000000080002ac       0x24 /home/yul/toolchain/arm-gnu-toolchain-12.2.rel1-x86_64-arm-none-eabi/bin/../lib/gcc/arm-none-eabi/12.2.1/thumb/v8-m.main+fp/hard/crtbegin.o
 .text.MX_GPIO_Init
                0x00000000080002d0       0xe0 build/main.o
 .text._write   0x00000000080003b0       0x28 build/main.o
                0x00000000080003b0                _write
 .text.Error_Handler
                0x00000000080003d8        0x4 build/main.o
                0x00000000080003d8                Error_Handler
 .text.MX_I2C1_Init
                0x00000000080003dc       0x54 build/main.o
 .text.MX_I2C2_Init
                0x0000000008000430       0x54 build/main.o
 .text.MX_USART3_UART_Init
                0x0000000008000484       0x60 build/main.o
 .text.MX_ICACHE_Init
                0x00000000080004e4       0x1a build/main.o
 .text.SystemClock_Config
                0x00000000080004fe       0x7e build/main.o
                0x00000000080004fe                SystemClock_Config
 .text.main     0x000000000800057c       0x58 build/main.o
                0x000000000800057c                main
 .text.__NVIC_SystemReset
                0x00000000080005d4       0x24 build/shell.o
 .text.shell_check_cmd
                0x00000000080005f8        0xe build/shell.o
                0x00000000080005f8                shell_check_cmd
 .text.shell_reset
                0x0000000008000606        0x6 build/shell.o
                0x0000000008000606                shell_reset
 .text.gpio_handler
                0x000000000800060c       0xf0 build/shell.o
                0x000000000800060c                gpio_handler
 .text.i2c_handler
                0x00000000080006fc       0xa4 build/shell.o
                0x00000000080006fc                i2c_handler
 .text.leds_handler
                0x00000000080007a0      0x104 build/shell.o
                0x00000000080007a0                leds_handler
 .text.shell_process_cmd
                0x00000000080008a4       0xd8 build/shell.o
                0x00000000080008a4                shell_process_cmd
 .text.shell_start
                0x000000000800097c       0xd4 build/shell.o
                0x000000000800097c                shell_start
 .text.IS31FL3737_write_register
                0x0000000008000a50       0x44 build/is31fl3737.o
                0x0000000008000a50                IS31FL3737_write_register
 .text.IS31FL3737_init
                0x0000000008000a94       0x90 build/is31fl3737.o
                0x0000000008000a94                IS31FL3737_init
 .text.NMI_Handler
                0x0000000008000b24        0x2 build/stm32l5xx_it.o
                0x0000000008000b24                NMI_Handler
 .text.HardFault_Handler
                0x0000000008000b26        0x2 build/stm32l5xx_it.o
                0x0000000008000b26                HardFault_Handler
 .text.MemManage_Handler
                0x0000000008000b28        0x2 build/stm32l5xx_it.o
                0x0000000008000b28                MemManage_Handler
 .text.BusFault_Handler
                0x0000000008000b2a        0x2 build/stm32l5xx_it.o
                0x0000000008000b2a                BusFault_Handler
 .text.UsageFault_Handler
                0x0000000008000b2c        0x2 build/stm32l5xx_it.o
                0x0000000008000b2c                UsageFault_Handler
 .text.SVC_Handler
                0x0000000008000b2e        0x2 build/stm32l5xx_it.o
                0x0000000008000b2e                SVC_Handler
 .text.DebugMon_Handler
                0x0000000008000b30        0x2 build/stm32l5xx_it.o
                0x0000000008000b30                DebugMon_Handler
 .text.PendSV_Handler
                0x0000000008000b32        0x2 build/stm32l5xx_it.o
                0x0000000008000b32                PendSV_Handler
 .text.SysTick_Handler
                0x0000000008000b34        0x8 build/stm32l5xx_it.o
                0x0000000008000b34                SysTick_Handler
 .text.USB_FS_IRQHandler
                0x0000000008000b3c       0x10 build/stm32l5xx_it.o
                0x0000000008000b3c                USB_FS_IRQHandler
 .text.HAL_MspInit
                0x0000000008000b4c       0x38 build/stm32l5xx_hal_msp.o
                0x0000000008000b4c                HAL_MspInit
 .text.HAL_I2C_MspInit
                0x0000000008000b84       0xf4 build/stm32l5xx_hal_msp.o
                0x0000000008000b84                HAL_I2C_MspInit
 .text.HAL_UART_MspInit
                0x0000000008000c78       0x8c build/stm32l5xx_hal_msp.o
                0x0000000008000c78                HAL_UART_MspInit
 .text.USBD_Get_USB_Status
                0x0000000008000d04       0x14 build/usbd_conf.o
 .text.SystemClockConfig_Resume
                0x0000000008000d18        0x8 build/usbd_conf.o
 .text.HAL_PCD_MspInit
                0x0000000008000d20       0xbc build/usbd_conf.o
                0x0000000008000d20                HAL_PCD_MspInit
 .text.HAL_PCD_SetupStageCallback
                0x0000000008000ddc       0x10 build/usbd_conf.o
                0x0000000008000ddc                HAL_PCD_SetupStageCallback
 .text.HAL_PCD_DataOutStageCallback
                0x0000000008000dec       0x18 build/usbd_conf.o
                0x0000000008000dec                HAL_PCD_DataOutStageCallback
 .text.HAL_PCD_DataInStageCallback
                0x0000000008000e04       0x16 build/usbd_conf.o
                0x0000000008000e04                HAL_PCD_DataInStageCallback
 .text.HAL_PCD_SOFCallback
                0x0000000008000e1a        0xc build/usbd_conf.o
                0x0000000008000e1a                HAL_PCD_SOFCallback
 .text.HAL_PCD_ResetCallback
                0x0000000008000e26       0x24 build/usbd_conf.o
                0x0000000008000e26                HAL_PCD_ResetCallback
 *fill*         0x0000000008000e4a        0x2 
 .text.HAL_PCD_SuspendCallback
                0x0000000008000e4c       0x20 build/usbd_conf.o
                0x0000000008000e4c                HAL_PCD_SuspendCallback
 .text.HAL_PCD_ResumeCallback
                0x0000000008000e6c       0x28 build/usbd_conf.o
                0x0000000008000e6c                HAL_PCD_ResumeCallback
 .text.USBD_LL_Init
                0x0000000008000e94       0x90 build/usbd_conf.o
                0x0000000008000e94                USBD_LL_Init
 .text.USBD_LL_Start
                0x0000000008000f24       0x10 build/usbd_conf.o
                0x0000000008000f24                USBD_LL_Start
 .text.USBD_LL_OpenEP
                0x0000000008000f34       0x16 build/usbd_conf.o
                0x0000000008000f34                USBD_LL_OpenEP
 .text.USBD_LL_CloseEP
                0x0000000008000f4a       0x10 build/usbd_conf.o
                0x0000000008000f4a                USBD_LL_CloseEP
 .text.USBD_LL_StallEP
                0x0000000008000f5a       0x10 build/usbd_conf.o
                0x0000000008000f5a                USBD_LL_StallEP
 .text.USBD_LL_ClearStallEP
                0x0000000008000f6a       0x10 build/usbd_conf.o
                0x0000000008000f6a                USBD_LL_ClearStallEP
 .text.USBD_LL_IsStallEP
                0x0000000008000f7a       0x2e build/usbd_conf.o
                0x0000000008000f7a                USBD_LL_IsStallEP
 .text.USBD_LL_SetUSBAddress
                0x0000000008000fa8       0x10 build/usbd_conf.o
                0x0000000008000fa8                USBD_LL_SetUSBAddress
 .text.USBD_LL_Transmit
                0x0000000008000fb8       0x10 build/usbd_conf.o
                0x0000000008000fb8                USBD_LL_Transmit
 .text.USBD_LL_PrepareReceive
                0x0000000008000fc8       0x10 build/usbd_conf.o
                0x0000000008000fc8                USBD_LL_PrepareReceive
 .text.USBD_LL_GetRxDataSize
                0x0000000008000fd8        0xc build/usbd_conf.o
                0x0000000008000fd8                USBD_LL_GetRxDataSize
 .text.HAL_PCDEx_LPM_Callback
                0x0000000008000fe4       0x48 build/usbd_conf.o
                0x0000000008000fe4                HAL_PCDEx_LPM_Callback
 .text.USBD_static_malloc
                0x000000000800102c        0x8 build/usbd_conf.o
                0x000000000800102c                USBD_static_malloc
 .text.USBD_static_free
                0x0000000008001034        0x2 build/usbd_conf.o
                0x0000000008001034                USBD_static_free
 *fill*         0x0000000008001036        0x2 
 .text.MX_USB_Device_Init
                0x0000000008001038       0x54 build/usb_device.o
                0x0000000008001038                MX_USB_Device_Init
 .text.USBD_CDC_DeviceDescriptor
                0x000000000800108c        0xc build/usbd_desc.o
                0x000000000800108c                USBD_CDC_DeviceDescriptor
 .text.USBD_CDC_LangIDStrDescriptor
                0x0000000008001098        0xc build/usbd_desc.o
                0x0000000008001098                USBD_CDC_LangIDStrDescriptor
 .text.IntToUnicode
                0x00000000080010a4       0x46 build/usbd_desc.o
 *fill*         0x00000000080010ea        0x2 
 .text.Get_SerialNum
                0x00000000080010ec       0x38 build/usbd_desc.o
 .text.USBD_CDC_SerialStrDescriptor
                0x0000000008001124       0x14 build/usbd_desc.o
                0x0000000008001124                USBD_CDC_SerialStrDescriptor
 .text.USBD_CDC_ProductStrDescriptor
                0x0000000008001138       0x24 build/usbd_desc.o
                0x0000000008001138                USBD_CDC_ProductStrDescriptor
 .text.USBD_CDC_ManufacturerStrDescriptor
                0x000000000800115c       0x1c build/usbd_desc.o
                0x000000000800115c                USBD_CDC_ManufacturerStrDescriptor
 .text.USBD_CDC_ConfigStrDescriptor
                0x0000000008001178       0x24 build/usbd_desc.o
                0x0000000008001178                USBD_CDC_ConfigStrDescriptor
 .text.USBD_CDC_InterfaceStrDescriptor
                0x000000000800119c       0x24 build/usbd_desc.o
                0x000000000800119c                USBD_CDC_InterfaceStrDescriptor
 .text.CDC_DeInit_FS
                0x00000000080011c0        0x4 build/usbd_cdc_if.o
 .text.CDC_Control_FS
                0x00000000080011c4        0x4 build/usbd_cdc_if.o
 .text.CDC_TransmitCplt_FS
                0x00000000080011c8        0x4 build/usbd_cdc_if.o
 .text.CDC_Receive_FS
                0x00000000080011cc       0x38 build/usbd_cdc_if.o
 .text.CDC_Init_FS
                0x0000000008001204       0x28 build/usbd_cdc_if.o
 .text.CDC_Transmit_FS
                0x000000000800122c       0x2c build/usbd_cdc_if.o
                0x000000000800122c                CDC_Transmit_FS
 .text.VCP_retrieveInputData
                0x0000000008001258       0x38 build/usbd_cdc_if.o
                0x0000000008001258                VCP_retrieveInputData
 .text.HAL_PCD_EP_DB_Receive
                0x0000000008001290      0x118 build/stm32l5xx_hal_pcd.o
 .text.HAL_PCD_Init
                0x00000000080013a8       0xdc build/stm32l5xx_hal_pcd.o
                0x00000000080013a8                HAL_PCD_Init
 .text.HAL_PCD_Start
                0x0000000008001484       0x2a build/stm32l5xx_hal_pcd.o
                0x0000000008001484                HAL_PCD_Start
 .text.HAL_PCD_EP_DB_Transmit
                0x00000000080014ae      0x414 build/stm32l5xx_hal_pcd.o
 .text.PCD_EP_ISR_Handler
                0x00000000080018c2      0x520 build/stm32l5xx_hal_pcd.o
 .text.HAL_PCD_SetAddress
                0x0000000008001de2       0x28 build/stm32l5xx_hal_pcd.o
                0x0000000008001de2                HAL_PCD_SetAddress
 .text.HAL_PCD_IRQHandler
                0x0000000008001e0a      0x1b2 build/stm32l5xx_hal_pcd.o
                0x0000000008001e0a                HAL_PCD_IRQHandler
 .text.HAL_PCD_EP_Open
                0x0000000008001fbc       0x7c build/stm32l5xx_hal_pcd.o
                0x0000000008001fbc                HAL_PCD_EP_Open
 .text.HAL_PCD_EP_Close
                0x0000000008002038       0x64 build/stm32l5xx_hal_pcd.o
                0x0000000008002038                HAL_PCD_EP_Close
 .text.HAL_PCD_EP_Receive
                0x000000000800209c       0x3a build/stm32l5xx_hal_pcd.o
                0x000000000800209c                HAL_PCD_EP_Receive
 .text.HAL_PCD_EP_GetRxCount
                0x00000000080020d6       0x12 build/stm32l5xx_hal_pcd.o
                0x00000000080020d6                HAL_PCD_EP_GetRxCount
 .text.HAL_PCD_EP_Transmit
                0x00000000080020e8       0x44 build/stm32l5xx_hal_pcd.o
                0x00000000080020e8                HAL_PCD_EP_Transmit
 .text.HAL_PCD_EP_SetStall
                0x000000000800212c       0x6a build/stm32l5xx_hal_pcd.o
                0x000000000800212c                HAL_PCD_EP_SetStall
 .text.HAL_PCD_EP_ClrStall
                0x0000000008002196       0x76 build/stm32l5xx_hal_pcd.o
                0x0000000008002196                HAL_PCD_EP_ClrStall
 .text.HAL_PCDEx_PMAConfig
                0x000000000800220c       0x38 build/stm32l5xx_hal_pcd_ex.o
                0x000000000800220c                HAL_PCDEx_PMAConfig
 .text.HAL_PCDEx_ActivateLPM
                0x0000000008002244       0x2c build/stm32l5xx_hal_pcd_ex.o
                0x0000000008002244                HAL_PCDEx_ActivateLPM
 .text.USB_EnableGlobalInt
                0x0000000008002270       0x12 build/stm32l5xx_ll_usb.o
                0x0000000008002270                USB_EnableGlobalInt
 .text.USB_DisableGlobalInt
                0x0000000008002282       0x14 build/stm32l5xx_ll_usb.o
                0x0000000008002282                USB_DisableGlobalInt
 .text.USB_DevInit
                0x0000000008002296       0x22 build/stm32l5xx_ll_usb.o
                0x0000000008002296                USB_DevInit
 .text.USB_ActivateEndpoint
                0x00000000080022b8      0x3ca build/stm32l5xx_ll_usb.o
                0x00000000080022b8                USB_ActivateEndpoint
 .text.USB_DeactivateEndpoint
                0x0000000008002682      0x1d6 build/stm32l5xx_ll_usb.o
                0x0000000008002682                USB_DeactivateEndpoint
 .text.USB_EPSetStall
                0x0000000008002858       0x4a build/stm32l5xx_ll_usb.o
                0x0000000008002858                USB_EPSetStall
 .text.USB_EPClearStall
                0x00000000080028a2       0xa2 build/stm32l5xx_ll_usb.o
                0x00000000080028a2                USB_EPClearStall
 .text.USB_SetDevAddress
                0x0000000008002944        0xc build/stm32l5xx_ll_usb.o
                0x0000000008002944                USB_SetDevAddress
 .text.USB_DevConnect
                0x0000000008002950       0x16 build/stm32l5xx_ll_usb.o
                0x0000000008002950                USB_DevConnect
 .text.USB_ReadInterrupts
                0x0000000008002966        0x8 build/stm32l5xx_ll_usb.o
                0x0000000008002966                USB_ReadInterrupts
 .text.USB_WritePMA
                0x000000000800296e       0x24 build/stm32l5xx_ll_usb.o
                0x000000000800296e                USB_WritePMA
 .text.USB_EPStartXfer
                0x0000000008002992      0x7ce build/stm32l5xx_ll_usb.o
                0x0000000008002992                USB_EPStartXfer
 .text.USB_ReadPMA
                0x0000000008003160       0x30 build/stm32l5xx_ll_usb.o
                0x0000000008003160                USB_ReadPMA
 .text.HAL_InitTick
                0x0000000008003190       0x50 build/stm32l5xx_hal.o
                0x0000000008003190                HAL_InitTick
 .text.HAL_Init
                0x00000000080031e0       0x22 build/stm32l5xx_hal.o
                0x00000000080031e0                HAL_Init
 *fill*         0x0000000008003202        0x2 
 .text.HAL_IncTick
                0x0000000008003204       0x18 build/stm32l5xx_hal.o
                0x0000000008003204                HAL_IncTick
 .text.HAL_GetTick
                0x000000000800321c        0xc build/stm32l5xx_hal.o
                0x000000000800321c                HAL_GetTick
 .text.HAL_Delay
                0x0000000008003228       0x28 build/stm32l5xx_hal.o
                0x0000000008003228                HAL_Delay
 .text.I2C_Flush_TXDR
                0x0000000008003250       0x22 build/stm32l5xx_hal_i2c.o
 .text.I2C_TransferConfig
                0x0000000008003272       0x3c build/stm32l5xx_hal_i2c.o
 .text.I2C_IsErrorOccurred
                0x00000000080032ae      0x114 build/stm32l5xx_hal_i2c.o
 .text.I2C_WaitOnTXISFlagUntilTimeout
                0x00000000080033c2       0x60 build/stm32l5xx_hal_i2c.o
 .text.I2C_WaitOnFlagUntilTimeout
                0x0000000008003422       0x6a build/stm32l5xx_hal_i2c.o
 .text.I2C_WaitOnSTOPFlagUntilTimeout
                0x000000000800348c       0x5e build/stm32l5xx_hal_i2c.o
 .text.HAL_I2C_Init
                0x00000000080034ea       0xbc build/stm32l5xx_hal_i2c.o
                0x00000000080034ea                HAL_I2C_Init
 *fill*         0x00000000080035a6        0x2 
 .text.HAL_I2C_Master_Transmit
                0x00000000080035a8      0x17c build/stm32l5xx_hal_i2c.o
                0x00000000080035a8                HAL_I2C_Master_Transmit
 .text.HAL_I2C_IsDeviceReady
                0x0000000008003724      0x16c build/stm32l5xx_hal_i2c.o
                0x0000000008003724                HAL_I2C_IsDeviceReady
 .text.HAL_I2CEx_ConfigAnalogFilter
                0x0000000008003890       0x5c build/stm32l5xx_hal_i2c_ex.o
                0x0000000008003890                HAL_I2CEx_ConfigAnalogFilter
 .text.HAL_I2CEx_ConfigDigitalFilter
                0x00000000080038ec       0x58 build/stm32l5xx_hal_i2c_ex.o
                0x00000000080038ec                HAL_I2CEx_ConfigDigitalFilter
 .text.RCC_GetSysClockFreqFromPLLSource
                0x0000000008003944       0x90 build/stm32l5xx_hal_rcc.o
 .text.RCC_SetFlashLatencyFromMSIRange
                0x00000000080039d4       0x94 build/stm32l5xx_hal_rcc.o
 .text.HAL_RCC_GetSysClockFreq
                0x0000000008003a68       0xd8 build/stm32l5xx_hal_rcc.o
                0x0000000008003a68                HAL_RCC_GetSysClockFreq
 .text.HAL_RCC_GetHCLKFreq
                0x0000000008003b40       0x20 build/stm32l5xx_hal_rcc.o
                0x0000000008003b40                HAL_RCC_GetHCLKFreq
 .text.HAL_RCC_OscConfig
                0x0000000008003b60      0x7b4 build/stm32l5xx_hal_rcc.o
                0x0000000008003b60                HAL_RCC_OscConfig
 .text.HAL_RCC_ClockConfig
                0x0000000008004314      0x1fc build/stm32l5xx_hal_rcc.o
                0x0000000008004314                HAL_RCC_ClockConfig
 .text.HAL_RCC_GetPCLK1Freq
                0x0000000008004510       0x20 build/stm32l5xx_hal_rcc.o
                0x0000000008004510                HAL_RCC_GetPCLK1Freq
 .text.HAL_RCC_GetPCLK2Freq
                0x0000000008004530       0x20 build/stm32l5xx_hal_rcc.o
                0x0000000008004530                HAL_RCC_GetPCLK2Freq
 .text.RCCEx_PLLSAI2_Config
                0x0000000008004550       0xe0 build/stm32l5xx_hal_rcc_ex.o
 .text.RCCEx_PLLSAI1_Config
                0x0000000008004630      0x140 build/stm32l5xx_hal_rcc_ex.o
 .text.HAL_RCCEx_PeriphCLKConfig
                0x0000000008004770      0x568 build/stm32l5xx_hal_rcc_ex.o
                0x0000000008004770                HAL_RCCEx_PeriphCLKConfig
 .text.HAL_GPIO_Init
                0x0000000008004cd8      0x1c8 build/stm32l5xx_hal_gpio.o
                0x0000000008004cd8                HAL_GPIO_Init
 .text.HAL_GPIO_WritePin
                0x0000000008004ea0        0xa build/stm32l5xx_hal_gpio.o
                0x0000000008004ea0                HAL_GPIO_WritePin
 *fill*         0x0000000008004eaa        0x2 
 .text.HAL_PWREx_GetVoltageRange
                0x0000000008004eac       0x10 build/stm32l5xx_hal_pwr_ex.o
                0x0000000008004eac                HAL_PWREx_GetVoltageRange
 .text.HAL_PWREx_EnableVddUSB
                0x0000000008004ebc       0x10 build/stm32l5xx_hal_pwr_ex.o
                0x0000000008004ebc                HAL_PWREx_EnableVddUSB
 .text.HAL_PWREx_DisableUCPDDeadBattery
                0x0000000008004ecc       0x10 build/stm32l5xx_hal_pwr_ex.o
                0x0000000008004ecc                HAL_PWREx_DisableUCPDDeadBattery
 .text.HAL_PWREx_SMPS_GetEffectiveMode
                0x0000000008004edc       0x24 build/stm32l5xx_hal_pwr_ex.o
                0x0000000008004edc                HAL_PWREx_SMPS_GetEffectiveMode
 .text.HAL_PWREx_ControlVoltageScaling
                0x0000000008004f00       0x90 build/stm32l5xx_hal_pwr_ex.o
                0x0000000008004f00                HAL_PWREx_ControlVoltageScaling
 .text.__NVIC_EnableIRQ
                0x0000000008004f90       0x1c build/stm32l5xx_hal_cortex.o
 .text.__NVIC_SetPriority
                0x0000000008004fac       0x28 build/stm32l5xx_hal_cortex.o
 .text.NVIC_EncodePriority
                0x0000000008004fd4       0x3e build/stm32l5xx_hal_cortex.o
 *fill*         0x0000000008005012        0x2 
 .text.HAL_NVIC_SetPriorityGrouping
                0x0000000008005014       0x24 build/stm32l5xx_hal_cortex.o
                0x0000000008005014                HAL_NVIC_SetPriorityGrouping
 .text.HAL_NVIC_SetPriority
                0x0000000008005038       0x20 build/stm32l5xx_hal_cortex.o
                0x0000000008005038                HAL_NVIC_SetPriority
 .text.HAL_NVIC_EnableIRQ
                0x0000000008005058        0x8 build/stm32l5xx_hal_cortex.o
                0x0000000008005058                HAL_NVIC_EnableIRQ
 .text.HAL_SYSTICK_Config
                0x0000000008005060       0x28 build/stm32l5xx_hal_cortex.o
                0x0000000008005060                HAL_SYSTICK_Config
 .text.HAL_ICACHE_ConfigAssociativityMode
                0x0000000008005088       0x24 build/stm32l5xx_hal_icache.o
                0x0000000008005088                HAL_ICACHE_ConfigAssociativityMode
 .text.HAL_ICACHE_Enable
                0x00000000080050ac       0x14 build/stm32l5xx_hal_icache.o
                0x00000000080050ac                HAL_ICACHE_Enable
 .text.UART_EndRxTransfer
                0x00000000080050c0       0x56 build/stm32l5xx_hal_uart.o
 *fill*         0x0000000008005116        0x2 
 .text.UART_SetConfig
                0x0000000008005118      0x38c build/stm32l5xx_hal_uart.o
                0x0000000008005118                UART_SetConfig
 .text.UART_AdvFeatureConfig
                0x00000000080054a4       0xca build/stm32l5xx_hal_uart.o
                0x00000000080054a4                UART_AdvFeatureConfig
 .text.UART_WaitOnFlagUntilTimeout
                0x000000000800556e       0x96 build/stm32l5xx_hal_uart.o
                0x000000000800556e                UART_WaitOnFlagUntilTimeout
 .text.UART_CheckIdleState
                0x0000000008005604       0xca build/stm32l5xx_hal_uart.o
                0x0000000008005604                UART_CheckIdleState
 .text.HAL_UART_Init
                0x00000000080056ce       0x66 build/stm32l5xx_hal_uart.o
                0x00000000080056ce                HAL_UART_Init
 .text.UARTEx_SetNbDataToProcess
                0x0000000008005734       0x4c build/stm32l5xx_hal_uart_ex.o
 .text.HAL_UARTEx_DisableFifoMode
                0x0000000008005780       0x3e build/stm32l5xx_hal_uart_ex.o
                0x0000000008005780                HAL_UARTEx_DisableFifoMode
 .text.HAL_UARTEx_SetTxFifoThreshold
                0x00000000080057be       0x4a build/stm32l5xx_hal_uart_ex.o
                0x00000000080057be                HAL_UARTEx_SetTxFifoThreshold
 .text.HAL_UARTEx_SetRxFifoThreshold
                0x0000000008005808       0x4a build/stm32l5xx_hal_uart_ex.o
                0x0000000008005808                HAL_UARTEx_SetRxFifoThreshold
 *fill*         0x0000000008005852        0x2 
 .text.SystemInit
                0x0000000008005854       0x14 build/system_stm32l5xx.o
                0x0000000008005854                SystemInit
 .text.SystemCoreClockUpdate
                0x0000000008005868       0xd8 build/system_stm32l5xx.o
                0x0000000008005868                SystemCoreClockUpdate
 .text.USBD_Init
                0x0000000008005940       0x2e build/usbd_core.o
                0x0000000008005940                USBD_Init
 .text.USBD_RegisterClass
                0x000000000800596e       0x34 build/usbd_core.o
                0x000000000800596e                USBD_RegisterClass
 .text.USBD_Start
                0x00000000080059a2        0x8 build/usbd_core.o
                0x00000000080059a2                USBD_Start
 .text.USBD_SetClassConfig
                0x00000000080059aa       0x12 build/usbd_core.o
                0x00000000080059aa                USBD_SetClassConfig
 .text.USBD_ClrClassConfig
                0x00000000080059bc       0x12 build/usbd_core.o
                0x00000000080059bc                USBD_ClrClassConfig
 .text.USBD_LL_SetupStage
                0x00000000080059ce       0x58 build/usbd_core.o
                0x00000000080059ce                USBD_LL_SetupStage
 .text.USBD_LL_Reset
                0x0000000008005a26       0x64 build/usbd_core.o
                0x0000000008005a26                USBD_LL_Reset
 .text.USBD_LL_SetSpeed
                0x0000000008005a8a        0x6 build/usbd_core.o
                0x0000000008005a8a                USBD_LL_SetSpeed
 .text.USBD_LL_Suspend
                0x0000000008005a90       0x1e build/usbd_core.o
                0x0000000008005a90                USBD_LL_Suspend
 .text.USBD_LL_Resume
                0x0000000008005aae       0x1a build/usbd_core.o
                0x0000000008005aae                USBD_LL_Resume
 .text.USBD_LL_SOF
                0x0000000008005ac8       0x22 build/usbd_core.o
                0x0000000008005ac8                USBD_LL_SOF
 .text.USBD_CoreFindIF
                0x0000000008005aea        0x4 build/usbd_core.o
                0x0000000008005aea                USBD_CoreFindIF
 .text.USBD_CoreFindEP
                0x0000000008005aee        0x4 build/usbd_core.o
                0x0000000008005aee                USBD_CoreFindEP
 .text.USBD_LL_DataOutStage
                0x0000000008005af2       0xc6 build/usbd_core.o
                0x0000000008005af2                USBD_LL_DataOutStage
 .text.USBD_LL_DataInStage
                0x0000000008005bb8       0xd6 build/usbd_core.o
                0x0000000008005bb8                USBD_LL_DataInStage
 .text.USBD_GetNextDesc
                0x0000000008005c8e        0xe build/usbd_core.o
                0x0000000008005c8e                USBD_GetNextDesc
 .text.USBD_GetEpDesc
                0x0000000008005c9c       0x3e build/usbd_core.o
                0x0000000008005c9c                USBD_GetEpDesc
 .text.USBD_GetLen
                0x0000000008005cda       0x14 build/usbd_ctlreq.o
 .text.USBD_ParseSetupRequest
                0x0000000008005cee       0x28 build/usbd_ctlreq.o
                0x0000000008005cee                USBD_ParseSetupRequest
 .text.USBD_CtlError
                0x0000000008005d16       0x14 build/usbd_ctlreq.o
                0x0000000008005d16                USBD_CtlError
 .text.USBD_GetDescriptor
                0x0000000008005d2a      0x1ac build/usbd_ctlreq.o
 .text.USBD_SetAddress
                0x0000000008005ed6       0x50 build/usbd_ctlreq.o
 *fill*         0x0000000008005f26        0x2 
 .text.USBD_SetConfig
                0x0000000008005f28       0xcc build/usbd_ctlreq.o
 .text.USBD_GetConfig
                0x0000000008005ff4       0x40 build/usbd_ctlreq.o
 .text.USBD_GetStatus
                0x0000000008006034       0x38 build/usbd_ctlreq.o
 .text.USBD_SetFeature
                0x000000000800606c       0x2a build/usbd_ctlreq.o
 .text.USBD_ClrFeature
                0x0000000008006096       0x26 build/usbd_ctlreq.o
 .text.USBD_StdDevReq
                0x00000000080060bc       0x76 build/usbd_ctlreq.o
                0x00000000080060bc                USBD_StdDevReq
 .text.USBD_StdItfReq
                0x0000000008006132       0x84 build/usbd_ctlreq.o
                0x0000000008006132                USBD_StdItfReq
 .text.USBD_StdEPReq
                0x00000000080061b6      0x230 build/usbd_ctlreq.o
                0x00000000080061b6                USBD_StdEPReq
 .text.USBD_GetString
                0x00000000080063e6       0x3a build/usbd_ctlreq.o
                0x00000000080063e6                USBD_GetString
 .text.USBD_CtlSendData
                0x0000000008006420       0x1a build/usbd_ioreq.o
                0x0000000008006420                USBD_CtlSendData
 .text.USBD_CtlContinueSendData
                0x000000000800643a       0x10 build/usbd_ioreq.o
                0x000000000800643a                USBD_CtlContinueSendData
 .text.USBD_CtlPrepareRx
                0x000000000800644a       0x1e build/usbd_ioreq.o
                0x000000000800644a                USBD_CtlPrepareRx
 .text.USBD_CtlContinueRx
                0x0000000008006468       0x10 build/usbd_ioreq.o
                0x0000000008006468                USBD_CtlContinueRx
 .text.USBD_CtlSendStatus
                0x0000000008006478       0x16 build/usbd_ioreq.o
                0x0000000008006478                USBD_CtlSendStatus
 .text.USBD_CtlReceiveStatus
                0x000000000800648e       0x16 build/usbd_ioreq.o
                0x000000000800648e                USBD_CtlReceiveStatus
 .text.USBD_CDC_EP0_RxReady
                0x00000000080064a4       0x40 build/usbd_cdc.o
 .text.USBD_CDC_GetDeviceQualifierDescriptor
                0x00000000080064e4        0xc build/usbd_cdc.o
                0x00000000080064e4                USBD_CDC_GetDeviceQualifierDescriptor
 .text.USBD_CDC_GetOtherSpeedCfgDesc
                0x00000000080064f0       0x48 build/usbd_cdc.o
 .text.USBD_CDC_GetFSCfgDesc
                0x0000000008006538       0x48 build/usbd_cdc.o
 .text.USBD_CDC_GetHSCfgDesc
                0x0000000008006580       0x48 build/usbd_cdc.o
 .text.USBD_CDC_DataOut
                0x00000000080065c8       0x38 build/usbd_cdc.o
 .text.USBD_CDC_DataIn
                0x0000000008006600       0x7c build/usbd_cdc.o
 .text.USBD_CDC_Setup
                0x000000000800667c      0x11a build/usbd_cdc.o
 .text.USBD_CDC_DeInit
                0x0000000008006796       0x64 build/usbd_cdc.o
 .text.USBD_CDC_Init
                0x00000000080067fa       0xee build/usbd_cdc.o
 .text.USBD_CDC_RegisterInterface
                0x00000000080068e8       0x16 build/usbd_cdc.o
                0x00000000080068e8                USBD_CDC_RegisterInterface
 .text.USBD_CDC_SetTxBuffer
                0x00000000080068fe       0x1c build/usbd_cdc.o
                0x00000000080068fe                USBD_CDC_SetTxBuffer
 .text.USBD_CDC_SetRxBuffer
                0x000000000800691a       0x18 build/usbd_cdc.o
                0x000000000800691a                USBD_CDC_SetRxBuffer
 .text.USBD_CDC_TransmitPacket
                0x0000000008006932       0x36 build/usbd_cdc.o
                0x0000000008006932                USBD_CDC_TransmitPacket
 .text.USBD_CDC_ReceivePacket
                0x0000000008006968       0x38 build/usbd_cdc.o
                0x0000000008006968                USBD_CDC_ReceivePacket
 .text.Reset_Handler
                0x00000000080069a0       0x50 build/startup_stm32l562xx.o
                0x00000000080069a0                Reset_Handler
 .text.Default_Handler
                0x00000000080069f0        0x2 build/startup_stm32l562xx.o
                0x00000000080069f0                EXTI2_IRQHandler
                0x00000000080069f0                TIM8_TRG_COM_IRQHandler
                0x00000000080069f0                TIM8_CC_IRQHandler
                0x00000000080069f0                EXTI5_IRQHandler
                0x00000000080069f0                FLASH_S_IRQHandler
                0x00000000080069f0                EXTI13_IRQHandler
                0x00000000080069f0                TIM1_CC_IRQHandler
                0x00000000080069f0                TSC_IRQHandler
                0x00000000080069f0                TAMP_IRQHandler
                0x00000000080069f0                TIM6_IRQHandler
                0x00000000080069f0                EXTI12_IRQHandler
                0x00000000080069f0                DMA2_Channel8_IRQHandler
                0x00000000080069f0                EXTI3_IRQHandler
                0x00000000080069f0                EXTI8_IRQHandler
                0x00000000080069f0                LPTIM2_IRQHandler
                0x00000000080069f0                DFSDM1_FLT1_IRQHandler
                0x00000000080069f0                I2C3_ER_IRQHandler
                0x00000000080069f0                DFSDM1_FLT2_IRQHandler
                0x00000000080069f0                DMAMUX1_IRQHandler
                0x00000000080069f0                LPTIM3_IRQHandler
                0x00000000080069f0                EXTI0_IRQHandler
                0x00000000080069f0                I2C2_EV_IRQHandler
                0x00000000080069f0                FPU_IRQHandler
                0x00000000080069f0                FDCAN1_IT1_IRQHandler
                0x00000000080069f0                ADC1_2_IRQHandler
                0x00000000080069f0                SPI1_IRQHandler
                0x00000000080069f0                OCTOSPI1_IRQHandler
                0x00000000080069f0                TIM8_UP_IRQHandler
                0x00000000080069f0                RCC_S_IRQHandler
                0x00000000080069f0                DMA2_Channel2_IRQHandler
                0x00000000080069f0                DMA1_Channel4_IRQHandler
                0x00000000080069f0                SAI2_IRQHandler
                0x00000000080069f0                DFSDM1_FLT3_IRQHandler
                0x00000000080069f0                PKA_IRQHandler
                0x00000000080069f0                EXTI15_IRQHandler
                0x00000000080069f0                TIM17_IRQHandler
                0x00000000080069f0                USART3_IRQHandler
                0x00000000080069f0                RTC_IRQHandler
                0x00000000080069f0                EXTI9_IRQHandler
                0x00000000080069f0                DMA1_Channel7_IRQHandler
                0x00000000080069f0                UART5_IRQHandler
                0x00000000080069f0                TIM4_IRQHandler
                0x00000000080069f0                DMA2_Channel1_IRQHandler
                0x00000000080069f0                I2C1_EV_IRQHandler
                0x00000000080069f0                DMA1_Channel6_IRQHandler
                0x00000000080069f0                TIM16_IRQHandler
                0x00000000080069f0                UART4_IRQHandler
                0x00000000080069f0                DMA2_Channel4_IRQHandler
                0x00000000080069f0                SecureFault_Handler
                0x00000000080069f0                TIM3_IRQHandler
                0x00000000080069f0                RCC_IRQHandler
                0x00000000080069f0                TIM1_TRG_COM_IRQHandler
                0x00000000080069f0                DMA1_Channel1_IRQHandler
                0x00000000080069f0                Default_Handler
                0x00000000080069f0                DMA2_Channel7_IRQHandler
                0x00000000080069f0                OTFDEC1_IRQHandler
                0x00000000080069f0                DMA1_Channel8_IRQHandler
                0x00000000080069f0                TIM7_IRQHandler
                0x00000000080069f0                SDMMC1_IRQHandler
                0x00000000080069f0                TIM5_IRQHandler
                0x00000000080069f0                UCPD1_IRQHandler
                0x00000000080069f0                TIM15_IRQHandler
                0x00000000080069f0                I2C3_EV_IRQHandler
                0x00000000080069f0                PVD_PVM_IRQHandler
                0x00000000080069f0                SPI2_IRQHandler
                0x00000000080069f0                EXTI14_IRQHandler
                0x00000000080069f0                EXTI11_IRQHandler
                0x00000000080069f0                DMA2_Channel5_IRQHandler
                0x00000000080069f0                CRS_IRQHandler
                0x00000000080069f0                DMA1_Channel5_IRQHandler
                0x00000000080069f0                EXTI4_IRQHandler
                0x00000000080069f0                RTC_S_IRQHandler
                0x00000000080069f0                RNG_IRQHandler
                0x00000000080069f0                DMAMUX1_S_IRQHandler
                0x00000000080069f0                DMA1_Channel3_IRQHandler
                0x00000000080069f0                COMP_IRQHandler
                0x00000000080069f0                TIM1_UP_IRQHandler
                0x00000000080069f0                WWDG_IRQHandler
                0x00000000080069f0                I2C4_EV_IRQHandler
                0x00000000080069f0                LPUART1_IRQHandler
                0x00000000080069f0                DMA2_Channel6_IRQHandler
                0x00000000080069f0                FDCAN1_IT0_IRQHandler
                0x00000000080069f0                TIM2_IRQHandler
                0x00000000080069f0                TAMP_S_IRQHandler
                0x00000000080069f0                EXTI7_IRQHandler
                0x00000000080069f0                TIM1_BRK_IRQHandler
                0x00000000080069f0                DAC_IRQHandler
                0x00000000080069f0                EXTI1_IRQHandler
                0x00000000080069f0                AES_IRQHandler
                0x00000000080069f0                GTZC_IRQHandler
                0x00000000080069f0                USART2_IRQHandler
                0x00000000080069f0                DFSDM1_FLT0_IRQHandler
                0x00000000080069f0                I2C2_ER_IRQHandler
                0x00000000080069f0                DMA1_Channel2_IRQHandler
                0x00000000080069f0                TIM8_BRK_IRQHandler
                0x00000000080069f0                FLASH_IRQHandler
                0x00000000080069f0                USART1_IRQHandler
                0x00000000080069f0                EXTI10_IRQHandler
                0x00000000080069f0                SPI3_IRQHandler
                0x00000000080069f0                I2C1_ER_IRQHandler
                0x00000000080069f0                FMC_IRQHandler
                0x00000000080069f0                EXTI6_IRQHandler
                0x00000000080069f0                LPTIM1_IRQHandler
                0x00000000080069f0                I2C4_ER_IRQHandler
                0x00000000080069f0                ICACHE_IRQHandler
                0x00000000080069f0                SAI1_IRQHandler
                0x00000000080069f0                HASH_IRQHandler
                0x00000000080069f0                DMA2_Channel3_IRQHandler
 *fill*         0x00000000080069f2        0x2 
 .text.__libc_init_array
                0x00000000080069f4       0x48 /home/yul/toolchain/arm-gnu-toolchain-12.2.rel1-x86_64-arm-none-eabi/bin/../lib/gcc/arm-none-eabi/12.2.1/../../../../arm-none-eabi/lib/thumb/v8-m.main+fp/hard/libc_nano.a(libc_a-init.o)
                0x00000000080069f4                __libc_init_array
 .text.printf   0x0000000008006a3c       0x24 /home/yul/toolchain/arm-gnu-toolchain-12.2.rel1-x86_64-arm-none-eabi/bin/../lib/gcc/arm-none-eabi/12.2.1/../../../../arm-none-eabi/lib/thumb/v8-m.main+fp/hard/libc_nano.a(libc_a-printf.o)
                0x0000000008006a3c                printf
                0x0000000008006a3c                iprintf
 .text.__sfputc_r
                0x0000000008006a60       0x2e /home/yul/toolchain/arm-gnu-toolchain-12.2.rel1-x86_64-arm-none-eabi/bin/../lib/gcc/arm-none-eabi/12.2.1/../../../../arm-none-eabi/lib/thumb/v8-m.main+fp/hard/libc_nano.a(libc_a-nano-vfprintf.o)
 .text.__sfputs_r
                0x0000000008006a8e       0x24 /home/yul/toolchain/arm-gnu-toolchain-12.2.rel1-x86_64-arm-none-eabi/bin/../lib/gcc/arm-none-eabi/12.2.1/../../../../arm-none-eabi/lib/thumb/v8-m.main+fp/hard/libc_nano.a(libc_a-nano-vfprintf.o)
                0x0000000008006a8e                __sfputs_r
 *fill*         0x0000000008006ab2        0x2 
 .text._vfprintf_r
                0x0000000008006ab4      0x230 /home/yul/toolchain/arm-gnu-toolchain-12.2.rel1-x86_64-arm-none-eabi/bin/../lib/gcc/arm-none-eabi/12.2.1/../../../../arm-none-eabi/lib/thumb/v8-m.main+fp/hard/libc_nano.a(libc_a-nano-vfprintf.o)
                0x0000000008006ab4                _vfiprintf_r
                0x0000000008006ab4                _vfprintf_r
 .text.__swbuf_r
                0x0000000008006ce4       0x7c /home/yul/toolchain/arm-gnu-toolchain-12.2.rel1-x86_64-arm-none-eabi/bin/../lib/gcc/arm-none-eabi/12.2.1/../../../../arm-none-eabi/lib/thumb/v8-m.main+fp/hard/libc_nano.a(libc_a-wbuf.o)
                0x0000000008006ce4                __swbuf_r
 .text.__swsetup_r
                0x0000000008006d60       0xac /home/yul/toolchain/arm-gnu-toolchain-12.2.rel1-x86_64-arm-none-eabi/bin/../lib/gcc/arm-none-eabi/12.2.1/../../../../arm-none-eabi/lib/thumb/v8-m.main+fp/hard/libc_nano.a(libc_a-wsetup.o)
                0x0000000008006d60                __swsetup_r
 .text.putchar  0x0000000008006e0c       0x10 /home/yul/toolchain/arm-gnu-toolchain-12.2.rel1-x86_64-arm-none-eabi/bin/../lib/gcc/arm-none-eabi/12.2.1/../../../../arm-none-eabi/lib/thumb/v8-m.main+fp/hard/libc_nano.a(libc_a-putchar.o)
                0x0000000008006e0c                putchar
 .text._printf_common
                0x0000000008006e1c       0xe4 /home/yul/toolchain/arm-gnu-toolchain-12.2.rel1-x86_64-arm-none-eabi/bin/../lib/gcc/arm-none-eabi/12.2.1/../../../../arm-none-eabi/lib/thumb/v8-m.main+fp/hard/libc_nano.a(libc_a-nano-vfprintf_i.o)
                0x0000000008006e1c                _printf_common
 .text._printf_i
                0x0000000008006f00      0x258 /home/yul/toolchain/arm-gnu-toolchain-12.2.rel1-x86_64-arm-none-eabi/bin/../lib/gcc/arm-none-eabi/12.2.1/../../../../arm-none-eabi/lib/thumb/v8-m.main+fp/hard/libc_nano.a(libc_a-nano-vfprintf_i.o)
                0x0000000008006f00                _printf_i
 .text._puts_r  0x0000000008007158       0xaa /home/yul/toolchain/arm-gnu-toolchain-12.2.rel1-x86_64-arm-none-eabi/bin/../lib/gcc/arm-none-eabi/12.2.1/../../../../arm-none-eabi/lib/thumb/v8-m.main+fp/hard/libc_nano.a(libc_a-puts.o)
                0x0000000008007158                _puts_r
 *fill*         0x0000000008007202        0x2 
 .text.puts     0x0000000008007204       0x10 /home/yul/toolchain/arm-gnu-toolchain-12.2.rel1-x86_64-arm-none-eabi/bin/../lib/gcc/arm-none-eabi/12.2.1/../../../../arm-none-eabi/lib/thumb/v8-m.main+fp/hard/libc_nano.a(libc_a-puts.o)
                0x0000000008007204                puts
 .text.__sflush_r
                0x0000000008007214      0x106 /home/yul/toolchain/arm-gnu-toolchain-12.2.rel1-x86_64-arm-none-eabi/bin/../lib/gcc/arm-none-eabi/12.2.1/../../../../arm-none-eabi/lib/thumb/v8-m.main+fp/hard/libc_nano.a(libc_a-fflush.o)
                0x0000000008007214                __sflush_r
 .text._fflush_r
                0x000000000800731a       0x50 /home/yul/toolchain/arm-gnu-toolchain-12.2.rel1-x86_64-arm-none-eabi/bin/../lib/gcc/arm-none-eabi/12.2.1/../../../../arm-none-eabi/lib/thumb/v8-m.main+fp/hard/libc_nano.a(libc_a-fflush.o)
                0x000000000800731a                _fflush_r
 *fill*         0x000000000800736a        0x2 
 .text.fflush   0x000000000800736c       0x28 /home/yul/toolchain/arm-gnu-toolchain-12.2.rel1-x86_64-arm-none-eabi/bin/../lib/gcc/arm-none-eabi/12.2.1/../../../../arm-none-eabi/lib/thumb/v8-m.main+fp/hard/libc_nano.a(libc_a-fflush.o)
                0x000000000800736c                fflush
 .text.memchr   0x0000000008007394       0x1c /home/yul/toolchain/arm-gnu-toolchain-12.2.rel1-x86_64-arm-none-eabi/bin/../lib/gcc/arm-none-eabi/12.2.1/../../../../arm-none-eabi/lib/thumb/v8-m.main+fp/hard/libc_nano.a(libc_a-memchr-stub.o)
                0x0000000008007394                memchr
 .text.memcpy   0x00000000080073b0       0x1a /home/yul/toolchain/arm-gnu-toolchain-12.2.rel1-x86_64-arm-none-eabi/bin/../lib/gcc/arm-none-eabi/12.2.1/../../../../arm-none-eabi/lib/thumb/v8-m.main+fp/hard/libc_nano.a(libc_a-memcpy-stub.o)
                0x00000000080073b0                memcpy
 *fill*         0x00000000080073ca        0x2 
 .text.std      0x00000000080073cc       0x6c /home/yul/toolchain/arm-gnu-toolchain-12.2.rel1-x86_64-arm-none-eabi/bin/../lib/gcc/arm-none-eabi/12.2.1/../../../../arm-none-eabi/lib/thumb/v8-m.main+fp/hard/libc_nano.a(libc_a-findfp.o)
 .text.stdio_exit_handler
                0x0000000008007438       0x18 /home/yul/toolchain/arm-gnu-toolchain-12.2.rel1-x86_64-arm-none-eabi/bin/../lib/gcc/arm-none-eabi/12.2.1/../../../../arm-none-eabi/lib/thumb/v8-m.main+fp/hard/libc_nano.a(libc_a-findfp.o)
 .text.cleanup_stdio
                0x0000000008007450       0x40 /home/yul/toolchain/arm-gnu-toolchain-12.2.rel1-x86_64-arm-none-eabi/bin/../lib/gcc/arm-none-eabi/12.2.1/../../../../arm-none-eabi/lib/thumb/v8-m.main+fp/hard/libc_nano.a(libc_a-findfp.o)
 .text.global_stdio_init.part.0
                0x0000000008007490       0x3c /home/yul/toolchain/arm-gnu-toolchain-12.2.rel1-x86_64-arm-none-eabi/bin/../lib/gcc/arm-none-eabi/12.2.1/../../../../arm-none-eabi/lib/thumb/v8-m.main+fp/hard/libc_nano.a(libc_a-findfp.o)
 .text.__sfp_lock_acquire
                0x00000000080074cc        0xc /home/yul/toolchain/arm-gnu-toolchain-12.2.rel1-x86_64-arm-none-eabi/bin/../lib/gcc/arm-none-eabi/12.2.1/../../../../arm-none-eabi/lib/thumb/v8-m.main+fp/hard/libc_nano.a(libc_a-findfp.o)
                0x00000000080074cc                __sfp_lock_acquire
 .text.__sfp_lock_release
                0x00000000080074d8        0xc /home/yul/toolchain/arm-gnu-toolchain-12.2.rel1-x86_64-arm-none-eabi/bin/../lib/gcc/arm-none-eabi/12.2.1/../../../../arm-none-eabi/lib/thumb/v8-m.main+fp/hard/libc_nano.a(libc_a-findfp.o)
                0x00000000080074d8                __sfp_lock_release
 .text.__sinit  0x00000000080074e4       0x30 /home/yul/toolchain/arm-gnu-toolchain-12.2.rel1-x86_64-arm-none-eabi/bin/../lib/gcc/arm-none-eabi/12.2.1/../../../../arm-none-eabi/lib/thumb/v8-m.main+fp/hard/libc_nano.a(libc_a-findfp.o)
                0x00000000080074e4                __sinit
 .text.__sread  0x0000000008007514       0x22 /home/yul/toolchain/arm-gnu-toolchain-12.2.rel1-x86_64-arm-none-eabi/bin/../lib/gcc/arm-none-eabi/12.2.1/../../../../arm-none-eabi/lib/thumb/v8-m.main+fp/hard/libc_nano.a(libc_a-stdio.o)
                0x0000000008007514                __sread
 .text.__swrite
                0x0000000008007536       0x38 /home/yul/toolchain/arm-gnu-toolchain-12.2.rel1-x86_64-arm-none-eabi/bin/../lib/gcc/arm-none-eabi/12.2.1/../../../../arm-none-eabi/lib/thumb/v8-m.main+fp/hard/libc_nano.a(libc_a-stdio.o)
                0x0000000008007536                __swrite
 .text.__sseek  0x000000000800756e       0x24 /home/yul/toolchain/arm-gnu-toolchain-12.2.rel1-x86_64-arm-none-eabi/bin/../lib/gcc/arm-none-eabi/12.2.1/../../../../arm-none-eabi/lib/thumb/v8-m.main+fp/hard/libc_nano.a(libc_a-stdio.o)
                0x000000000800756e                __sseek
 .text.__sclose
                0x0000000008007592        0x8 /home/yul/toolchain/arm-gnu-toolchain-12.2.rel1-x86_64-arm-none-eabi/bin/../lib/gcc/arm-none-eabi/12.2.1/../../../../arm-none-eabi/lib/thumb/v8-m.main+fp/hard/libc_nano.a(libc_a-stdio.o)
                0x0000000008007592                __sclose
 .text.atoi     0x000000000800759a        0x8 /home/yul/toolchain/arm-gnu-toolchain-12.2.rel1-x86_64-arm-none-eabi/bin/../lib/gcc/arm-none-eabi/12.2.1/../../../../arm-none-eabi/lib/thumb/v8-m.main+fp/hard/libc_nano.a(libc_a-atoi.o)
                0x000000000800759a                atoi
 *fill*         0x00000000080075a2        0x2 
 .text._write_r
                0x00000000080075a4       0x24 /home/yul/toolchain/arm-gnu-toolchain-12.2.rel1-x86_64-arm-none-eabi/bin/../lib/gcc/arm-none-eabi/12.2.1/../../../../arm-none-eabi/lib/thumb/v8-m.main+fp/hard/libc_nano.a(libc_a-writer.o)
                0x00000000080075a4                _write_r
 .text._fwalk_sglue
                0x00000000080075c8       0x3c /home/yul/toolchain/arm-gnu-toolchain-12.2.rel1-x86_64-arm-none-eabi/bin/../lib/gcc/arm-none-eabi/12.2.1/../../../../arm-none-eabi/lib/thumb/v8-m.main+fp/hard/libc_nano.a(libc_a-fwalk.o)
                0x00000000080075c8                _fwalk_sglue
 .text.memset   0x0000000008007604       0x10 /home/yul/toolchain/arm-gnu-toolchain-12.2.rel1-x86_64-arm-none-eabi/bin/../lib/gcc/arm-none-eabi/12.2.1/../../../../arm-none-eabi/lib/thumb/v8-m.main+fp/hard/libc_nano.a(libc_a-memset.o)
                0x0000000008007604                memset
 .text._free_r  0x0000000008007614       0x94 /home/yul/toolchain/arm-gnu-toolchain-12.2.rel1-x86_64-arm-none-eabi/bin/../lib/gcc/arm-none-eabi/12.2.1/../../../../arm-none-eabi/lib/thumb/v8-m.main+fp/hard/libc_nano.a(libc_a-freer.o)
                0x0000000008007614                _free_r
 .text._strtol_l.constprop.0
                0x00000000080076a8       0xfc /home/yul/toolchain/arm-gnu-toolchain-12.2.rel1-x86_64-arm-none-eabi/bin/../lib/gcc/arm-none-eabi/12.2.1/../../../../arm-none-eabi/lib/thumb/v8-m.main+fp/hard/libc_nano.a(libc_a-strtol.o)
 .text.strtol   0x00000000080077a4       0x14 /home/yul/toolchain/arm-gnu-toolchain-12.2.rel1-x86_64-arm-none-eabi/bin/../lib/gcc/arm-none-eabi/12.2.1/../../../../arm-none-eabi/lib/thumb/v8-m.main+fp/hard/libc_nano.a(libc_a-strtol.o)
                0x00000000080077a4                strtol
 .text.__retarget_lock_init_recursive
                0x00000000080077b8        0x2 /home/yul/toolchain/arm-gnu-toolchain-12.2.rel1-x86_64-arm-none-eabi/bin/../lib/gcc/arm-none-eabi/12.2.1/../../../../arm-none-eabi/lib/thumb/v8-m.main+fp/hard/libc_nano.a(libc_a-lock.o)
                0x00000000080077b8                __retarget_lock_init_recursive
 .text.__retarget_lock_acquire_recursive
                0x00000000080077ba        0x2 /home/yul/toolchain/arm-gnu-toolchain-12.2.rel1-x86_64-arm-none-eabi/bin/../lib/gcc/arm-none-eabi/12.2.1/../../../../arm-none-eabi/lib/thumb/v8-m.main+fp/hard/libc_nano.a(libc_a-lock.o)
                0x00000000080077ba                __retarget_lock_acquire_recursive
 .text.__retarget_lock_release_recursive
                0x00000000080077bc        0x2 /home/yul/toolchain/arm-gnu-toolchain-12.2.rel1-x86_64-arm-none-eabi/bin/../lib/gcc/arm-none-eabi/12.2.1/../../../../arm-none-eabi/lib/thumb/v8-m.main+fp/hard/libc_nano.a(libc_a-lock.o)
                0x00000000080077bc                __retarget_lock_release_recursive
 .text.__swhatbuf_r
                0x00000000080077be       0x4a /home/yul/toolchain/arm-gnu-toolchain-12.2.rel1-x86_64-arm-none-eabi/bin/../lib/gcc/arm-none-eabi/12.2.1/../../../../arm-none-eabi/lib/thumb/v8-m.main+fp/hard/libc_nano.a(libc_a-makebuf.o)
                0x00000000080077be                __swhatbuf_r
 .text.__smakebuf_r
                0x0000000008007808       0x78 /home/yul/toolchain/arm-gnu-toolchain-12.2.rel1-x86_64-arm-none-eabi/bin/../lib/gcc/arm-none-eabi/12.2.1/../../../../arm-none-eabi/lib/thumb/v8-m.main+fp/hard/libc_nano.a(libc_a-makebuf.o)
                0x0000000008007808                __smakebuf_r
 .text._putc_r  0x0000000008007880       0x68 /home/yul/toolchain/arm-gnu-toolchain-12.2.rel1-x86_64-arm-none-eabi/bin/../lib/gcc/arm-none-eabi/12.2.1/../../../../arm-none-eabi/lib/thumb/v8-m.main+fp/hard/libc_nano.a(libc_a-putc.o)
                0x0000000008007880                _putc_r
 .text._close_r
                0x00000000080078e8       0x20 /home/yul/toolchain/arm-gnu-toolchain-12.2.rel1-x86_64-arm-none-eabi/bin/../lib/gcc/arm-none-eabi/12.2.1/../../../../arm-none-eabi/lib/thumb/v8-m.main+fp/hard/libc_nano.a(libc_a-closer.o)
                0x00000000080078e8                _close_r
 .text.sbrk_aligned
                0x0000000008007908       0x44 /home/yul/toolchain/arm-gnu-toolchain-12.2.rel1-x86_64-arm-none-eabi/bin/../lib/gcc/arm-none-eabi/12.2.1/../../../../arm-none-eabi/lib/thumb/v8-m.main+fp/hard/libc_nano.a(libc_a-mallocr.o)
 .text._malloc_r
                0x000000000800794c       0xf0 /home/yul/toolchain/arm-gnu-toolchain-12.2.rel1-x86_64-arm-none-eabi/bin/../lib/gcc/arm-none-eabi/12.2.1/../../../../arm-none-eabi/lib/thumb/v8-m.main+fp/hard/libc_nano.a(libc_a-mallocr.o)
                0x000000000800794c                _malloc_r
 .text._fstat_r
                0x0000000008007a3c       0x24 /home/yul/toolchain/arm-gnu-toolchain-12.2.rel1-x86_64-arm-none-eabi/bin/../lib/gcc/arm-none-eabi/12.2.1/../../../../arm-none-eabi/lib/thumb/v8-m.main+fp/hard/libc_nano.a(libc_a-fstatr.o)
                0x0000000008007a3c                _fstat_r
 .text._isatty_r
                0x0000000008007a60       0x20 /home/yul/toolchain/arm-gnu-toolchain-12.2.rel1-x86_64-arm-none-eabi/bin/../lib/gcc/arm-none-eabi/12.2.1/../../../../arm-none-eabi/lib/thumb/v8-m.main+fp/hard/libc_nano.a(libc_a-isattyr.o)
                0x0000000008007a60                _isatty_r
 .text._lseek_r
                0x0000000008007a80       0x24 /home/yul/toolchain/arm-gnu-toolchain-12.2.rel1-x86_64-arm-none-eabi/bin/../lib/gcc/arm-none-eabi/12.2.1/../../../../arm-none-eabi/lib/thumb/v8-m.main+fp/hard/libc_nano.a(libc_a-lseekr.o)
                0x0000000008007a80                _lseek_r
 .text._read_r  0x0000000008007aa4       0x24 /home/yul/toolchain/arm-gnu-toolchain-12.2.rel1-x86_64-arm-none-eabi/bin/../lib/gcc/arm-none-eabi/12.2.1/../../../../arm-none-eabi/lib/thumb/v8-m.main+fp/hard/libc_nano.a(libc_a-readr.o)
                0x0000000008007aa4                _read_r
 .text.__malloc_lock
                0x0000000008007ac8        0xc /home/yul/toolchain/arm-gnu-toolchain-12.2.rel1-x86_64-arm-none-eabi/bin/../lib/gcc/arm-none-eabi/12.2.1/../../../../arm-none-eabi/lib/thumb/v8-m.main+fp/hard/libc_nano.a(libc_a-mlock.o)
                0x0000000008007ac8                __malloc_lock
 .text.__malloc_unlock
                0x0000000008007ad4        0xc /home/yul/toolchain/arm-gnu-toolchain-12.2.rel1-x86_64-arm-none-eabi/bin/../lib/gcc/arm-none-eabi/12.2.1/../../../../arm-none-eabi/lib/thumb/v8-m.main+fp/hard/libc_nano.a(libc_a-mlock.o)
                0x0000000008007ad4                __malloc_unlock
 .text._sbrk_r  0x0000000008007ae0       0x20 /home/yul/toolchain/arm-gnu-toolchain-12.2.rel1-x86_64-arm-none-eabi/bin/../lib/gcc/arm-none-eabi/12.2.1/../../../../arm-none-eabi/lib/thumb/v8-m.main+fp/hard/libc_nano.a(libc_a-sbrkr.o)
                0x0000000008007ae0                _sbrk_r
 .text.__errno  0x0000000008007b00        0xc /home/yul/toolchain/arm-gnu-toolchain-12.2.rel1-x86_64-arm-none-eabi/bin/../lib/gcc/arm-none-eabi/12.2.1/../../../../arm-none-eabi/lib/thumb/v8-m.main+fp/hard/libc_nano.a(libc_a-errno.o)
                0x0000000008007b00                __errno
 .text._close   0x0000000008007b0c       0x10 /home/yul/toolchain/arm-gnu-toolchain-12.2.rel1-x86_64-arm-none-eabi/bin/../lib/gcc/arm-none-eabi/12.2.1/../../../../arm-none-eabi/lib/thumb/v8-m.main+fp/hard/libnosys.a(close.o)
                0x0000000008007b0c                _close
 .text._fstat   0x0000000008007b1c       0x10 /home/yul/toolchain/arm-gnu-toolchain-12.2.rel1-x86_64-arm-none-eabi/bin/../lib/gcc/arm-none-eabi/12.2.1/../../../../arm-none-eabi/lib/thumb/v8-m.main+fp/hard/libnosys.a(fstat.o)
                0x0000000008007b1c                _fstat
 .text._isatty  0x0000000008007b2c       0x10 /home/yul/toolchain/arm-gnu-toolchain-12.2.rel1-x86_64-arm-none-eabi/bin/../lib/gcc/arm-none-eabi/12.2.1/../../../../arm-none-eabi/lib/thumb/v8-m.main+fp/hard/libnosys.a(isatty.o)
                0x0000000008007b2c                _isatty
 .text._lseek   0x0000000008007b3c       0x10 /home/yul/toolchain/arm-gnu-toolchain-12.2.rel1-x86_64-arm-none-eabi/bin/../lib/gcc/arm-none-eabi/12.2.1/../../../../arm-none-eabi/lib/thumb/v8-m.main+fp/hard/libnosys.a(lseek.o)
                0x0000000008007b3c                _lseek
 .text._read    0x0000000008007b4c       0x10 /home/yul/toolchain/arm-gnu-toolchain-12.2.rel1-x86_64-arm-none-eabi/bin/../lib/gcc/arm-none-eabi/12.2.1/../../../../arm-none-eabi/lib/thumb/v8-m.main+fp/hard/libnosys.a(read.o)
                0x0000000008007b4c                _read
 .text._sbrk    0x0000000008007b5c       0x20 /home/yul/toolchain/arm-gnu-toolchain-12.2.rel1-x86_64-arm-none-eabi/bin/../lib/gcc/arm-none-eabi/12.2.1/../../../../arm-none-eabi/lib/thumb/v8-m.main+fp/hard/libnosys.a(sbrk.o)
                0x0000000008007b5c                _sbrk
 .text.__udivmoddi4
                0x0000000008007b7c      0x2ec /home/yul/toolchain/arm-gnu-toolchain-12.2.rel1-x86_64-arm-none-eabi/bin/../lib/gcc/arm-none-eabi/12.2.1/thumb/v8-m.main+fp/hard/libgcc.a(_udivmoddi4.o)
                0x0000000008007b7c                __udivmoddi4
 *(.glue_7)
 .glue_7        0x0000000008007e68        0x0 linker stubs
 *(.glue_7t)
 .glue_7t       0x0000000008007e68        0x0 linker stubs
 *(.eh_frame)
 .eh_frame      0x0000000008007e68        0x0 /home/yul/toolchain/arm-gnu-toolchain-12.2.rel1-x86_64-arm-none-eabi/bin/../lib/gcc/arm-none-eabi/12.2.1/thumb/v8-m.main+fp/hard/crtbegin.o
 *(.init)
 .init          0x0000000008007e68        0x4 /home/yul/toolchain/arm-gnu-toolchain-12.2.rel1-x86_64-arm-none-eabi/bin/../lib/gcc/arm-none-eabi/12.2.1/thumb/v8-m.main+fp/hard/crti.o
                0x0000000008007e68                _init
 .init          0x0000000008007e6c        0x8 /home/yul/toolchain/arm-gnu-toolchain-12.2.rel1-x86_64-arm-none-eabi/bin/../lib/gcc/arm-none-eabi/12.2.1/thumb/v8-m.main+fp/hard/crtn.o
 *(.fini)
 .fini          0x0000000008007e74        0x4 /home/yul/toolchain/arm-gnu-toolchain-12.2.rel1-x86_64-arm-none-eabi/bin/../lib/gcc/arm-none-eabi/12.2.1/thumb/v8-m.main+fp/hard/crti.o
                0x0000000008007e74                _fini
 .fini          0x0000000008007e78        0x8 /home/yul/toolchain/arm-gnu-toolchain-12.2.rel1-x86_64-arm-none-eabi/bin/../lib/gcc/arm-none-eabi/12.2.1/thumb/v8-m.main+fp/hard/crtn.o
                0x0000000008007e80                . = ALIGN (0x8)
                0x0000000008007e80                _etext = .

.vfp11_veneer   0x0000000008007e80        0x0
 .vfp11_veneer  0x0000000008007e80        0x0 linker stubs

.v4_bx          0x0000000008007e80        0x0
 .v4_bx         0x0000000008007e80        0x0 linker stubs

.iplt           0x0000000008007e80        0x0
 .iplt          0x0000000008007e80        0x0 /home/yul/toolchain/arm-gnu-toolchain-12.2.rel1-x86_64-arm-none-eabi/bin/../lib/gcc/arm-none-eabi/12.2.1/thumb/v8-m.main+fp/hard/crtbegin.o

.rodata         0x0000000008007e80      0x308
                0x0000000008007e80                . = ALIGN (0x8)
 *(.rodata)
 *(.rodata*)
 .rodata.main.str1.4
                0x0000000008007e80       0x1a build/main.o
 *fill*         0x0000000008007e9a        0x2 
 .rodata.gpio_handler.str1.4
                0x0000000008007e9c       0x1e build/shell.o
                                         0x22 (size before relaxing)
 *fill*         0x0000000008007eba        0x2 
 .rodata.i2c_handler.str1.4
                0x0000000008007ebc       0x3f build/shell.o
 *fill*         0x0000000008007efb        0x1 
 .rodata.leds_handler.str1.4
                0x0000000008007efc       0x26 build/shell.o
 *fill*         0x0000000008007f22        0x2 
 .rodata.shell_process_cmd.str1.4
                0x0000000008007f24       0x21 build/shell.o
 *fill*         0x0000000008007f45        0x3 
 .rodata.shell_start.str1.4
                0x0000000008007f48        0x9 build/shell.o
 *fill*         0x0000000008007f51        0x3 
 .rodata.IS31FL3737_write_register.str1.4
                0x0000000008007f54       0x22 build/is31fl3737.o
 *fill*         0x0000000008007f76        0x2 
 .rodata.IS31FL3737_init.str1.4
                0x0000000008007f78       0x11 build/is31fl3737.o
 *fill*         0x0000000008007f89        0x3 
 .rodata.USBD_CDC_ProductStrDescriptor.str1.4
                0x0000000008007f8c       0x16 build/usbd_desc.o
 *fill*         0x0000000008007fa2        0x2 
 .rodata.USBD_CDC_ManufacturerStrDescriptor.str1.4
                0x0000000008007fa4       0x13 build/usbd_desc.o
 *fill*         0x0000000008007fb7        0x1 
 .rodata.USBD_CDC_ConfigStrDescriptor.str1.4
                0x0000000008007fb8        0xb build/usbd_desc.o
 *fill*         0x0000000008007fc3        0x1 
 .rodata.USBD_CDC_InterfaceStrDescriptor.str1.4
                0x0000000008007fc4        0xe build/usbd_desc.o
 *fill*         0x0000000008007fd2        0x2 
 .rodata.UARTPrescTable
                0x0000000008007fd4       0x18 build/stm32l5xx_hal_uart.o
                0x0000000008007fd4                UARTPrescTable
 .rodata.denominator.0
                0x0000000008007fec        0x8 build/stm32l5xx_hal_uart_ex.o
 .rodata.numerator.1
                0x0000000008007ff4        0x8 build/stm32l5xx_hal_uart_ex.o
 .rodata.MSIRangeTable
                0x0000000008007ffc       0x40 build/system_stm32l5xx.o
                0x0000000008007ffc                MSIRangeTable
 .rodata.APBPrescTable
                0x000000000800803c        0x8 build/system_stm32l5xx.o
                0x000000000800803c                APBPrescTable
 .rodata.AHBPrescTable
                0x0000000008008044       0x10 build/system_stm32l5xx.o
                0x0000000008008044                AHBPrescTable
 .rodata._vfprintf_r.str1.1
                0x0000000008008054       0x11 /home/yul/toolchain/arm-gnu-toolchain-12.2.rel1-x86_64-arm-none-eabi/bin/../lib/gcc/arm-none-eabi/12.2.1/../../../../arm-none-eabi/lib/thumb/v8-m.main+fp/hard/libc_nano.a(libc_a-nano-vfprintf.o)
 .rodata._printf_i.str1.1
                0x0000000008008065       0x22 /home/yul/toolchain/arm-gnu-toolchain-12.2.rel1-x86_64-arm-none-eabi/bin/../lib/gcc/arm-none-eabi/12.2.1/../../../../arm-none-eabi/lib/thumb/v8-m.main+fp/hard/libc_nano.a(libc_a-nano-vfprintf_i.o)
 .rodata._ctype_
                0x0000000008008087      0x101 /home/yul/toolchain/arm-gnu-toolchain-12.2.rel1-x86_64-arm-none-eabi/bin/../lib/gcc/arm-none-eabi/12.2.1/../../../../arm-none-eabi/lib/thumb/v8-m.main+fp/hard/libc_nano.a(libc_a-ctype_.o)
                0x0000000008008087                _ctype_
                0x0000000008008188                . = ALIGN (0x8)

.ARM.extab      0x0000000008008188        0x0
                0x0000000008008188                . = ALIGN (0x8)
 *(.ARM.extab* .gnu.linkonce.armextab.*)
                0x0000000008008188                . = ALIGN (0x8)

.ARM            0x0000000008008188        0x8
                0x0000000008008188                . = ALIGN (0x8)
                0x0000000008008188                __exidx_start = .
 *(.ARM.exidx*)
 .ARM.exidx.text.__udivmoddi4
                0x0000000008008188        0x8 /home/yul/toolchain/arm-gnu-toolchain-12.2.rel1-x86_64-arm-none-eabi/bin/../lib/gcc/arm-none-eabi/12.2.1/thumb/v8-m.main+fp/hard/libgcc.a(_udivmoddi4.o)
                0x0000000008008190                __exidx_end = .
                0x0000000008008190                . = ALIGN (0x8)

.rel.dyn        0x0000000008008190        0x0
 .rel.iplt      0x0000000008008190        0x0 /home/yul/toolchain/arm-gnu-toolchain-12.2.rel1-x86_64-arm-none-eabi/bin/../lib/gcc/arm-none-eabi/12.2.1/thumb/v8-m.main+fp/hard/crtbegin.o

.preinit_array  0x0000000008008190        0x0
                0x0000000008008190                . = ALIGN (0x8)
                0x0000000008008190                PROVIDE (__preinit_array_start = .)
 *(.preinit_array*)
                0x0000000008008190                PROVIDE (__preinit_array_end = .)
                0x0000000008008190                . = ALIGN (0x8)

.init_array     0x0000000008008190        0x8
                0x0000000008008190                . = ALIGN (0x8)
                0x0000000008008190                PROVIDE (__init_array_start = .)
 *(SORT_BY_NAME(.init_array.*))
 *(.init_array*)
 .init_array    0x0000000008008190        0x4 /home/yul/toolchain/arm-gnu-toolchain-12.2.rel1-x86_64-arm-none-eabi/bin/../lib/gcc/arm-none-eabi/12.2.1/thumb/v8-m.main+fp/hard/crtbegin.o
                0x0000000008008194                PROVIDE (__init_array_end = .)
                0x0000000008008198                . = ALIGN (0x8)
 *fill*         0x0000000008008194        0x4 

.fini_array     0x0000000008008198        0x8
                0x0000000008008198                . = ALIGN (0x8)
                [!provide]                        PROVIDE (__fini_array_start = .)
 *(SORT_BY_NAME(.fini_array.*))
 *(.fini_array*)
 .fini_array    0x0000000008008198        0x4 /home/yul/toolchain/arm-gnu-toolchain-12.2.rel1-x86_64-arm-none-eabi/bin/../lib/gcc/arm-none-eabi/12.2.1/thumb/v8-m.main+fp/hard/crtbegin.o
                [!provide]                        PROVIDE (__fini_array_end = .)
                0x00000000080081a0                . = ALIGN (0x8)
 *fill*         0x000000000800819c        0x4 
                0x00000000080081a0                _sidata = LOADADDR (.data)

.data           0x0000000020000000      0x158 load address 0x00000000080081a0
                0x0000000020000000                . = ALIGN (0x8)
                0x0000000020000000                _sdata = .
 *(.data)
 *(.data*)
 .data.USBD_StringSerial
                0x0000000020000000       0x1a build/usbd_desc.o
                0x0000000020000000                USBD_StringSerial
 *fill*         0x000000002000001a        0x2 
 .data.USBD_LangIDDesc
                0x000000002000001c        0x4 build/usbd_desc.o
                0x000000002000001c                USBD_LangIDDesc
 .data.USBD_CDC_DeviceDesc
                0x0000000020000020       0x12 build/usbd_desc.o
                0x0000000020000020                USBD_CDC_DeviceDesc
 *fill*         0x0000000020000032        0x2 
 .data.CDC_Desc
                0x0000000020000034       0x20 build/usbd_desc.o
                0x0000000020000034                CDC_Desc
 .data.USBD_Interface_fops_FS
                0x0000000020000054       0x14 build/usbd_cdc_if.o
                0x0000000020000054                USBD_Interface_fops_FS
 .data.uwTickFreq
                0x0000000020000068        0x1 build/stm32l5xx_hal.o
                0x0000000020000068                uwTickFreq
 *fill*         0x0000000020000069        0x3 
 .data.uwTickPrio
                0x000000002000006c        0x4 build/stm32l5xx_hal.o
                0x000000002000006c                uwTickPrio
 .data.SystemCoreClock
                0x0000000020000070        0x4 build/system_stm32l5xx.o
                0x0000000020000070                SystemCoreClock
 .data.USBD_CDC_CfgDesc
                0x0000000020000074       0x43 build/usbd_cdc.o
 *fill*         0x00000000200000b7        0x1 
 .data.USBD_CDC
                0x00000000200000b8       0x38 build/usbd_cdc.o
                0x00000000200000b8                USBD_CDC
 .data.USBD_CDC_DeviceQualifierDesc
                0x00000000200000f0        0xa build/usbd_cdc.o
 *fill*         0x00000000200000fa        0x2 
 .data._impure_ptr
                0x00000000200000fc        0x4 /home/yul/toolchain/arm-gnu-toolchain-12.2.rel1-x86_64-arm-none-eabi/bin/../lib/gcc/arm-none-eabi/12.2.1/../../../../arm-none-eabi/lib/thumb/v8-m.main+fp/hard/libc_nano.a(libc_a-impure.o)
                0x00000000200000fc                _impure_ptr
 .data._impure_data
                0x0000000020000100       0x4c /home/yul/toolchain/arm-gnu-toolchain-12.2.rel1-x86_64-arm-none-eabi/bin/../lib/gcc/arm-none-eabi/12.2.1/../../../../arm-none-eabi/lib/thumb/v8-m.main+fp/hard/libc_nano.a(libc_a-impure.o)
                0x0000000020000100                _impure_data
 .data.__sglue  0x000000002000014c        0xc /home/yul/toolchain/arm-gnu-toolchain-12.2.rel1-x86_64-arm-none-eabi/bin/../lib/gcc/arm-none-eabi/12.2.1/../../../../arm-none-eabi/lib/thumb/v8-m.main+fp/hard/libc_nano.a(libc_a-findfp.o)
                0x000000002000014c                __sglue
                0x0000000020000158                . = ALIGN (0x8)
                0x0000000020000158                _edata = .

.tm_clone_table
                0x0000000020000158        0x0 load address 0x00000000080082f8
 .tm_clone_table
                0x0000000020000158        0x0 /home/yul/toolchain/arm-gnu-toolchain-12.2.rel1-x86_64-arm-none-eabi/bin/../lib/gcc/arm-none-eabi/12.2.1/thumb/v8-m.main+fp/hard/crtbegin.o
 .tm_clone_table
                0x0000000020000158        0x0 /home/yul/toolchain/arm-gnu-toolchain-12.2.rel1-x86_64-arm-none-eabi/bin/../lib/gcc/arm-none-eabi/12.2.1/thumb/v8-m.main+fp/hard/crtend.o

.igot.plt       0x0000000020000158        0x0 load address 0x00000000080082f8
 .igot.plt      0x0000000020000158        0x0 /home/yul/toolchain/arm-gnu-toolchain-12.2.rel1-x86_64-arm-none-eabi/bin/../lib/gcc/arm-none-eabi/12.2.1/thumb/v8-m.main+fp/hard/crtbegin.o
                0x0000000020000158                . = ALIGN (0x8)

.bss            0x0000000020000158     0x1cc0 load address 0x00000000080082f8
                0x0000000020000158                _sbss = .
                0x0000000020000158                __bss_start__ = _sbss
 *(.bss)
 *(.bss*)
 .bss.completed.1
                0x0000000020000158        0x1 /home/yul/toolchain/arm-gnu-toolchain-12.2.rel1-x86_64-arm-none-eabi/bin/../lib/gcc/arm-none-eabi/12.2.1/thumb/v8-m.main+fp/hard/crtbegin.o
 *fill*         0x0000000020000159        0x3 
 .bss.object.0  0x000000002000015c       0x18 /home/yul/toolchain/arm-gnu-toolchain-12.2.rel1-x86_64-arm-none-eabi/bin/../lib/gcc/arm-none-eabi/12.2.1/thumb/v8-m.main+fp/hard/crtbegin.o
 .bss.rc.0      0x0000000020000174        0x1 build/main.o
 *fill*         0x0000000020000175        0x3 
 .bss.huart3    0x0000000020000178       0x94 build/main.o
                0x0000000020000178                huart3
 .bss.hi2c2     0x000000002000020c       0x54 build/main.o
                0x000000002000020c                hi2c2
 .bss.hi2c1     0x0000000020000260       0x54 build/main.o
                0x0000000020000260                hi2c1
 .bss.g_twi_transfer_buffer
                0x00000000200002b4       0x14 build/is31fl3737.o
                0x00000000200002b4                g_twi_transfer_buffer
 .bss.mem.0     0x00000000200002c8      0x220 build/usbd_conf.o
 .bss.hpcd_USB_FS
                0x00000000200004e8      0x2f4 build/usbd_conf.o
                0x00000000200004e8                hpcd_USB_FS
 .bss.hUsbDeviceFS
                0x00000000200007dc      0x2dc build/usb_device.o
                0x00000000200007dc                hUsbDeviceFS
 .bss.USBD_StrDesc
                0x0000000020000ab8      0x200 build/usbd_desc.o
                0x0000000020000ab8                USBD_StrDesc
 .bss.UserRxLength
                0x0000000020000cb8        0x1 build/usbd_cdc_if.o
 *fill*         0x0000000020000cb9        0x3 
 .bss.UserTxBufferFS
                0x0000000020000cbc      0x800 build/usbd_cdc_if.o
                0x0000000020000cbc                UserTxBufferFS
 .bss.UserRxBufferFS
                0x00000000200014bc      0x800 build/usbd_cdc_if.o
                0x00000000200014bc                UserRxBufferFS
 .bss.uwTick    0x0000000020001cbc        0x4 build/stm32l5xx_hal.o
                0x0000000020001cbc                uwTick
 .bss.cfgidx.0  0x0000000020001cc0        0x1 build/usbd_ctlreq.o
 *fill*         0x0000000020001cc1        0x3 
 .bss.__sf      0x0000000020001cc4      0x138 /home/yul/toolchain/arm-gnu-toolchain-12.2.rel1-x86_64-arm-none-eabi/bin/../lib/gcc/arm-none-eabi/12.2.1/../../../../arm-none-eabi/lib/thumb/v8-m.main+fp/hard/libc_nano.a(libc_a-findfp.o)
                0x0000000020001cc4                __sf
 .bss.__stdio_exit_handler
                0x0000000020001dfc        0x4 /home/yul/toolchain/arm-gnu-toolchain-12.2.rel1-x86_64-arm-none-eabi/bin/../lib/gcc/arm-none-eabi/12.2.1/../../../../arm-none-eabi/lib/thumb/v8-m.main+fp/hard/libc_nano.a(libc_a-findfp.o)
                0x0000000020001dfc                __stdio_exit_handler
 .bss.__lock___malloc_recursive_mutex
                0x0000000020001e00        0x1 /home/yul/toolchain/arm-gnu-toolchain-12.2.rel1-x86_64-arm-none-eabi/bin/../lib/gcc/arm-none-eabi/12.2.1/../../../../arm-none-eabi/lib/thumb/v8-m.main+fp/hard/libc_nano.a(libc_a-lock.o)
                0x0000000020001e00                __lock___malloc_recursive_mutex
 .bss.__lock___sfp_recursive_mutex
                0x0000000020001e01        0x1 /home/yul/toolchain/arm-gnu-toolchain-12.2.rel1-x86_64-arm-none-eabi/bin/../lib/gcc/arm-none-eabi/12.2.1/../../../../arm-none-eabi/lib/thumb/v8-m.main+fp/hard/libc_nano.a(libc_a-lock.o)
                0x0000000020001e01                __lock___sfp_recursive_mutex
 *fill*         0x0000000020001e02        0x2 
 .bss.errno     0x0000000020001e04        0x4 /home/yul/toolchain/arm-gnu-toolchain-12.2.rel1-x86_64-arm-none-eabi/bin/../lib/gcc/arm-none-eabi/12.2.1/../../../../arm-none-eabi/lib/thumb/v8-m.main+fp/hard/libc_nano.a(libc_a-reent.o)
                0x0000000020001e04                errno
 .bss.__malloc_sbrk_start
                0x0000000020001e08        0x4 /home/yul/toolchain/arm-gnu-toolchain-12.2.rel1-x86_64-arm-none-eabi/bin/../lib/gcc/arm-none-eabi/12.2.1/../../../../arm-none-eabi/lib/thumb/v8-m.main+fp/hard/libc_nano.a(libc_a-mallocr.o)
                0x0000000020001e08                __malloc_sbrk_start
 .bss.__malloc_free_list
                0x0000000020001e0c        0x4 /home/yul/toolchain/arm-gnu-toolchain-12.2.rel1-x86_64-arm-none-eabi/bin/../lib/gcc/arm-none-eabi/12.2.1/../../../../arm-none-eabi/lib/thumb/v8-m.main+fp/hard/libc_nano.a(libc_a-mallocr.o)
                0x0000000020001e0c                __malloc_free_list
 .bss.heap_end.0
                0x0000000020001e10        0x4 /home/yul/toolchain/arm-gnu-toolchain-12.2.rel1-x86_64-arm-none-eabi/bin/../lib/gcc/arm-none-eabi/12.2.1/../../../../arm-none-eabi/lib/thumb/v8-m.main+fp/hard/libnosys.a(sbrk.o)
 *(COMMON)
                0x0000000020001e18                . = ALIGN (0x8)
 *fill*         0x0000000020001e14        0x4 
                0x0000000020001e18                _ebss = .
                0x0000000020001e18                __bss_end__ = _ebss

._user_heap_stack
                0x0000000020001e18     0x4200 load address 0x00000000080082f8
                0x0000000020001e18                . = ALIGN (0x8)
                0x0000000020001e18                PROVIDE (end = .)
                [!provide]                        PROVIDE (_end = .)
                0x0000000020002018                . = (. + _Min_Heap_Size)
 *fill*         0x0000000020001e18      0x200 
                0x0000000020006018                . = (. + _Min_Stack_Size)
 *fill*         0x0000000020002018     0x4000 
                0x0000000020006018                . = ALIGN (0x8)

/DISCARD/
 libc.a(*)
 libm.a(*)
 libgcc.a(*)

.ARM.attributes
                0x0000000000000000       0x36
 *(.ARM.attributes)
 .ARM.attributes
                0x0000000000000000       0x26 /home/yul/toolchain/arm-gnu-toolchain-12.2.rel1-x86_64-arm-none-eabi/bin/../lib/gcc/arm-none-eabi/12.2.1/thumb/v8-m.main+fp/hard/crti.o
 .ARM.attributes
                0x0000000000000026       0x38 /home/yul/toolchain/arm-gnu-toolchain-12.2.rel1-x86_64-arm-none-eabi/bin/../lib/gcc/arm-none-eabi/12.2.1/thumb/v8-m.main+fp/hard/crtbegin.o
 .ARM.attributes
                0x000000000000005e       0x3a build/main.o
 .ARM.attributes
                0x0000000000000098       0x3a build/shell.o
 .ARM.attributes
                0x00000000000000d2       0x3a build/is31fl3737.o
 .ARM.attributes
                0x000000000000010c       0x3a build/stm32l5xx_it.o
 .ARM.attributes
                0x0000000000000146       0x3a build/stm32l5xx_hal_msp.o
 .ARM.attributes
                0x0000000000000180       0x3a build/usbd_conf.o
 .ARM.attributes
                0x00000000000001ba       0x3a build/usb_device.o
 .ARM.attributes
                0x00000000000001f4       0x3a build/usbd_desc.o
 .ARM.attributes
                0x000000000000022e       0x3a build/usbd_cdc_if.o
 .ARM.attributes
                0x0000000000000268       0x3a build/stm32l5xx_hal_pcd.o
 .ARM.attributes
                0x00000000000002a2       0x3a build/stm32l5xx_hal_pcd_ex.o
 .ARM.attributes
                0x00000000000002dc       0x3a build/stm32l5xx_ll_usb.o
 .ARM.attributes
                0x0000000000000316       0x3a build/stm32l5xx_hal.o
 .ARM.attributes
                0x0000000000000350       0x3a build/stm32l5xx_hal_i2c.o
 .ARM.attributes
                0x000000000000038a       0x3a build/stm32l5xx_hal_i2c_ex.o
 .ARM.attributes
                0x00000000000003c4       0x3a build/stm32l5xx_hal_rcc.o
 .ARM.attributes
                0x00000000000003fe       0x3a build/stm32l5xx_hal_rcc_ex.o
 .ARM.attributes
                0x0000000000000438       0x3a build/stm32l5xx_hal_gpio.o
 .ARM.attributes
                0x0000000000000472       0x3a build/stm32l5xx_hal_pwr_ex.o
 .ARM.attributes
                0x00000000000004ac       0x3a build/stm32l5xx_hal_cortex.o
 .ARM.attributes
                0x00000000000004e6       0x3a build/stm32l5xx_hal_icache.o
 .ARM.attributes
                0x0000000000000520       0x3a build/stm32l5xx_hal_uart.o
 .ARM.attributes
                0x000000000000055a       0x3a build/stm32l5xx_hal_uart_ex.o
 .ARM.attributes
                0x0000000000000594       0x3a build/system_stm32l5xx.o
 .ARM.attributes
                0x00000000000005ce       0x3a build/usbd_core.o
 .ARM.attributes
                0x0000000000000608       0x3a build/usbd_ctlreq.o
 .ARM.attributes
                0x0000000000000642       0x3a build/usbd_ioreq.o
 .ARM.attributes
                0x000000000000067c       0x3a build/usbd_cdc.o
 .ARM.attributes
                0x00000000000006b6       0x24 build/startup_stm32l562xx.o
 .ARM.attributes
                0x00000000000006da       0x38 /home/yul/toolchain/arm-gnu-toolchain-12.2.rel1-x86_64-arm-none-eabi/bin/../lib/gcc/arm-none-eabi/12.2.1/../../../../arm-none-eabi/lib/thumb/v8-m.main+fp/hard/libc_nano.a(libc_a-init.o)
 .ARM.attributes
                0x0000000000000712       0x24 /home/yul/toolchain/arm-gnu-toolchain-12.2.rel1-x86_64-arm-none-eabi/bin/../lib/gcc/arm-none-eabi/12.2.1/../../../../arm-none-eabi/lib/thumb/v8-m.main+fp/hard/libc_nano.a(libc_a-strcmp.o)
 .ARM.attributes
                0x0000000000000736       0x38 /home/yul/toolchain/arm-gnu-toolchain-12.2.rel1-x86_64-arm-none-eabi/bin/../lib/gcc/arm-none-eabi/12.2.1/../../../../arm-none-eabi/lib/thumb/v8-m.main+fp/hard/libc_nano.a(libc_a-printf.o)
 .ARM.attributes
                0x000000000000076e       0x38 /home/yul/toolchain/arm-gnu-toolchain-12.2.rel1-x86_64-arm-none-eabi/bin/../lib/gcc/arm-none-eabi/12.2.1/../../../../arm-none-eabi/lib/thumb/v8-m.main+fp/hard/libc_nano.a(libc_a-nano-vfprintf.o)
 .ARM.attributes
                0x00000000000007a6       0x38 /home/yul/toolchain/arm-gnu-toolchain-12.2.rel1-x86_64-arm-none-eabi/bin/../lib/gcc/arm-none-eabi/12.2.1/../../../../arm-none-eabi/lib/thumb/v8-m.main+fp/hard/libc_nano.a(libc_a-wbuf.o)
 .ARM.attributes
                0x00000000000007de       0x38 /home/yul/toolchain/arm-gnu-toolchain-12.2.rel1-x86_64-arm-none-eabi/bin/../lib/gcc/arm-none-eabi/12.2.1/../../../../arm-none-eabi/lib/thumb/v8-m.main+fp/hard/libc_nano.a(libc_a-wsetup.o)
 .ARM.attributes
                0x0000000000000816       0x38 /home/yul/toolchain/arm-gnu-toolchain-12.2.rel1-x86_64-arm-none-eabi/bin/../lib/gcc/arm-none-eabi/12.2.1/../../../../arm-none-eabi/lib/thumb/v8-m.main+fp/hard/libc_nano.a(libc_a-putchar.o)
 .ARM.attributes
                0x000000000000084e       0x38 /home/yul/toolchain/arm-gnu-toolchain-12.2.rel1-x86_64-arm-none-eabi/bin/../lib/gcc/arm-none-eabi/12.2.1/../../../../arm-none-eabi/lib/thumb/v8-m.main+fp/hard/libc_nano.a(libc_a-nano-vfprintf_i.o)
 .ARM.attributes
                0x0000000000000886       0x38 /home/yul/toolchain/arm-gnu-toolchain-12.2.rel1-x86_64-arm-none-eabi/bin/../lib/gcc/arm-none-eabi/12.2.1/../../../../arm-none-eabi/lib/thumb/v8-m.main+fp/hard/libc_nano.a(libc_a-puts.o)
 .ARM.attributes
                0x00000000000008be       0x38 /home/yul/toolchain/arm-gnu-toolchain-12.2.rel1-x86_64-arm-none-eabi/bin/../lib/gcc/arm-none-eabi/12.2.1/../../../../arm-none-eabi/lib/thumb/v8-m.main+fp/hard/libc_nano.a(libc_a-impure.o)
 .ARM.attributes
                0x00000000000008f6       0x38 /home/yul/toolchain/arm-gnu-toolchain-12.2.rel1-x86_64-arm-none-eabi/bin/../lib/gcc/arm-none-eabi/12.2.1/../../../../arm-none-eabi/lib/thumb/v8-m.main+fp/hard/libc_nano.a(libc_a-fflush.o)
 .ARM.attributes
                0x000000000000092e       0x38 /home/yul/toolchain/arm-gnu-toolchain-12.2.rel1-x86_64-arm-none-eabi/bin/../lib/gcc/arm-none-eabi/12.2.1/../../../../arm-none-eabi/lib/thumb/v8-m.main+fp/hard/libc_nano.a(libc_a-memchr-stub.o)
 .ARM.attributes
                0x0000000000000966       0x38 /home/yul/toolchain/arm-gnu-toolchain-12.2.rel1-x86_64-arm-none-eabi/bin/../lib/gcc/arm-none-eabi/12.2.1/../../../../arm-none-eabi/lib/thumb/v8-m.main+fp/hard/libc_nano.a(libc_a-memcpy-stub.o)
 .ARM.attributes
                0x000000000000099e       0x38 /home/yul/toolchain/arm-gnu-toolchain-12.2.rel1-x86_64-arm-none-eabi/bin/../lib/gcc/arm-none-eabi/12.2.1/../../../../arm-none-eabi/lib/thumb/v8-m.main+fp/hard/libc_nano.a(libc_a-findfp.o)
 .ARM.attributes
                0x00000000000009d6       0x38 /home/yul/toolchain/arm-gnu-toolchain-12.2.rel1-x86_64-arm-none-eabi/bin/../lib/gcc/arm-none-eabi/12.2.1/../../../../arm-none-eabi/lib/thumb/v8-m.main+fp/hard/libc_nano.a(libc_a-stdio.o)
 .ARM.attributes
                0x0000000000000a0e       0x38 /home/yul/toolchain/arm-gnu-toolchain-12.2.rel1-x86_64-arm-none-eabi/bin/../lib/gcc/arm-none-eabi/12.2.1/../../../../arm-none-eabi/lib/thumb/v8-m.main+fp/hard/libc_nano.a(libc_a-atoi.o)
 .ARM.attributes
                0x0000000000000a46       0x38 /home/yul/toolchain/arm-gnu-toolchain-12.2.rel1-x86_64-arm-none-eabi/bin/../lib/gcc/arm-none-eabi/12.2.1/../../../../arm-none-eabi/lib/thumb/v8-m.main+fp/hard/libc_nano.a(libc_a-writer.o)
 .ARM.attributes
                0x0000000000000a7e       0x38 /home/yul/toolchain/arm-gnu-toolchain-12.2.rel1-x86_64-arm-none-eabi/bin/../lib/gcc/arm-none-eabi/12.2.1/../../../../arm-none-eabi/lib/thumb/v8-m.main+fp/hard/libc_nano.a(libc_a-fwalk.o)
 .ARM.attributes
                0x0000000000000ab6       0x38 /home/yul/toolchain/arm-gnu-toolchain-12.2.rel1-x86_64-arm-none-eabi/bin/../lib/gcc/arm-none-eabi/12.2.1/../../../../arm-none-eabi/lib/thumb/v8-m.main+fp/hard/libc_nano.a(libc_a-memset.o)
 .ARM.attributes
                0x0000000000000aee       0x38 /home/yul/toolchain/arm-gnu-toolchain-12.2.rel1-x86_64-arm-none-eabi/bin/../lib/gcc/arm-none-eabi/12.2.1/../../../../arm-none-eabi/lib/thumb/v8-m.main+fp/hard/libc_nano.a(libc_a-freer.o)
 .ARM.attributes
                0x0000000000000b26       0x38 /home/yul/toolchain/arm-gnu-toolchain-12.2.rel1-x86_64-arm-none-eabi/bin/../lib/gcc/arm-none-eabi/12.2.1/../../../../arm-none-eabi/lib/thumb/v8-m.main+fp/hard/libc_nano.a(libc_a-strtol.o)
 .ARM.attributes
                0x0000000000000b5e       0x38 /home/yul/toolchain/arm-gnu-toolchain-12.2.rel1-x86_64-arm-none-eabi/bin/../lib/gcc/arm-none-eabi/12.2.1/../../../../arm-none-eabi/lib/thumb/v8-m.main+fp/hard/libc_nano.a(libc_a-lock.o)
 .ARM.attributes
                0x0000000000000b96       0x38 /home/yul/toolchain/arm-gnu-toolchain-12.2.rel1-x86_64-arm-none-eabi/bin/../lib/gcc/arm-none-eabi/12.2.1/../../../../arm-none-eabi/lib/thumb/v8-m.main+fp/hard/libc_nano.a(libc_a-makebuf.o)
 .ARM.attributes
                0x0000000000000bce       0x38 /home/yul/toolchain/arm-gnu-toolchain-12.2.rel1-x86_64-arm-none-eabi/bin/../lib/gcc/arm-none-eabi/12.2.1/../../../../arm-none-eabi/lib/thumb/v8-m.main+fp/hard/libc_nano.a(libc_a-putc.o)
 .ARM.attributes
                0x0000000000000c06       0x38 /home/yul/toolchain/arm-gnu-toolchain-12.2.rel1-x86_64-arm-none-eabi/bin/../lib/gcc/arm-none-eabi/12.2.1/../../../../arm-none-eabi/lib/thumb/v8-m.main+fp/hard/libc_nano.a(libc_a-closer.o)
 .ARM.attributes
                0x0000000000000c3e       0x38 /home/yul/toolchain/arm-gnu-toolchain-12.2.rel1-x86_64-arm-none-eabi/bin/../lib/gcc/arm-none-eabi/12.2.1/../../../../arm-none-eabi/lib/thumb/v8-m.main+fp/hard/libc_nano.a(libc_a-reent.o)
 .ARM.attributes
                0x0000000000000c76       0x38 /home/yul/toolchain/arm-gnu-toolchain-12.2.rel1-x86_64-arm-none-eabi/bin/../lib/gcc/arm-none-eabi/12.2.1/../../../../arm-none-eabi/lib/thumb/v8-m.main+fp/hard/libc_nano.a(libc_a-mallocr.o)
 .ARM.attributes
                0x0000000000000cae       0x38 /home/yul/toolchain/arm-gnu-toolchain-12.2.rel1-x86_64-arm-none-eabi/bin/../lib/gcc/arm-none-eabi/12.2.1/../../../../arm-none-eabi/lib/thumb/v8-m.main+fp/hard/libc_nano.a(libc_a-fstatr.o)
 .ARM.attributes
                0x0000000000000ce6       0x38 /home/yul/toolchain/arm-gnu-toolchain-12.2.rel1-x86_64-arm-none-eabi/bin/../lib/gcc/arm-none-eabi/12.2.1/../../../../arm-none-eabi/lib/thumb/v8-m.main+fp/hard/libc_nano.a(libc_a-isattyr.o)
 .ARM.attributes
                0x0000000000000d1e       0x38 /home/yul/toolchain/arm-gnu-toolchain-12.2.rel1-x86_64-arm-none-eabi/bin/../lib/gcc/arm-none-eabi/12.2.1/../../../../arm-none-eabi/lib/thumb/v8-m.main+fp/hard/libc_nano.a(libc_a-lseekr.o)
 .ARM.attributes
                0x0000000000000d56       0x38 /home/yul/toolchain/arm-gnu-toolchain-12.2.rel1-x86_64-arm-none-eabi/bin/../lib/gcc/arm-none-eabi/12.2.1/../../../../arm-none-eabi/lib/thumb/v8-m.main+fp/hard/libc_nano.a(libc_a-readr.o)
 .ARM.attributes
                0x0000000000000d8e       0x38 /home/yul/toolchain/arm-gnu-toolchain-12.2.rel1-x86_64-arm-none-eabi/bin/../lib/gcc/arm-none-eabi/12.2.1/../../../../arm-none-eabi/lib/thumb/v8-m.main+fp/hard/libc_nano.a(libc_a-mlock.o)
 .ARM.attributes
                0x0000000000000dc6       0x38 /home/yul/toolchain/arm-gnu-toolchain-12.2.rel1-x86_64-arm-none-eabi/bin/../lib/gcc/arm-none-eabi/12.2.1/../../../../arm-none-eabi/lib/thumb/v8-m.main+fp/hard/libc_nano.a(libc_a-ctype_.o)
 .ARM.attributes
                0x0000000000000dfe       0x38 /home/yul/toolchain/arm-gnu-toolchain-12.2.rel1-x86_64-arm-none-eabi/bin/../lib/gcc/arm-none-eabi/12.2.1/../../../../arm-none-eabi/lib/thumb/v8-m.main+fp/hard/libc_nano.a(libc_a-sbrkr.o)
 .ARM.attributes
                0x0000000000000e36       0x38 /home/yul/toolchain/arm-gnu-toolchain-12.2.rel1-x86_64-arm-none-eabi/bin/../lib/gcc/arm-none-eabi/12.2.1/../../../../arm-none-eabi/lib/thumb/v8-m.main+fp/hard/libc_nano.a(libc_a-errno.o)
 .ARM.attributes
                0x0000000000000e6e       0x38 /home/yul/toolchain/arm-gnu-toolchain-12.2.rel1-x86_64-arm-none-eabi/bin/../lib/gcc/arm-none-eabi/12.2.1/../../../../arm-none-eabi/lib/thumb/v8-m.main+fp/hard/libnosys.a(close.o)
 .ARM.attributes
                0x0000000000000ea6       0x38 /home/yul/toolchain/arm-gnu-toolchain-12.2.rel1-x86_64-arm-none-eabi/bin/../lib/gcc/arm-none-eabi/12.2.1/../../../../arm-none-eabi/lib/thumb/v8-m.main+fp/hard/libnosys.a(fstat.o)
 .ARM.attributes
                0x0000000000000ede       0x38 /home/yul/toolchain/arm-gnu-toolchain-12.2.rel1-x86_64-arm-none-eabi/bin/../lib/gcc/arm-none-eabi/12.2.1/../../../../arm-none-eabi/lib/thumb/v8-m.main+fp/hard/libnosys.a(isatty.o)
 .ARM.attributes
                0x0000000000000f16       0x38 /home/yul/toolchain/arm-gnu-toolchain-12.2.rel1-x86_64-arm-none-eabi/bin/../lib/gcc/arm-none-eabi/12.2.1/../../../../arm-none-eabi/lib/thumb/v8-m.main+fp/hard/libnosys.a(lseek.o)
 .ARM.attributes
                0x0000000000000f4e       0x38 /home/yul/toolchain/arm-gnu-toolchain-12.2.rel1-x86_64-arm-none-eabi/bin/../lib/gcc/arm-none-eabi/12.2.1/../../../../arm-none-eabi/lib/thumb/v8-m.main+fp/hard/libnosys.a(read.o)
 .ARM.attributes
                0x0000000000000f86       0x38 /home/yul/toolchain/arm-gnu-toolchain-12.2.rel1-x86_64-arm-none-eabi/bin/../lib/gcc/arm-none-eabi/12.2.1/../../../../arm-none-eabi/lib/thumb/v8-m.main+fp/hard/libnosys.a(sbrk.o)
 .ARM.attributes
                0x0000000000000fbe       0x26 /home/yul/toolchain/arm-gnu-toolchain-12.2.rel1-x86_64-arm-none-eabi/bin/../lib/gcc/arm-none-eabi/12.2.1/thumb/v8-m.main+fp/hard/libgcc.a(_aeabi_uldivmod.o)
 .ARM.attributes
                0x0000000000000fe4       0x38 /home/yul/toolchain/arm-gnu-toolchain-12.2.rel1-x86_64-arm-none-eabi/bin/../lib/gcc/arm-none-eabi/12.2.1/thumb/v8-m.main+fp/hard/libgcc.a(_udivmoddi4.o)
 .ARM.attributes
                0x000000000000101c       0x26 /home/yul/toolchain/arm-gnu-toolchain-12.2.rel1-x86_64-arm-none-eabi/bin/../lib/gcc/arm-none-eabi/12.2.1/thumb/v8-m.main+fp/hard/libgcc.a(_dvmd_tls.o)
 .ARM.attributes
                0x0000000000001042       0x38 /home/yul/toolchain/arm-gnu-toolchain-12.2.rel1-x86_64-arm-none-eabi/bin/../lib/gcc/arm-none-eabi/12.2.1/thumb/v8-m.main+fp/hard/crtend.o
 .ARM.attributes