Archive member included to satisfy reference by file (symbol)

/home/yul/toolchain/arm-gnu-toolchain-12.2.rel1-x86_64-arm-none-eabi/bin/../lib/gcc/arm-none-eabi/12.2.1/../../../../arm-none-eabi/lib/thumb/v8-m.main+fp/hard/libc_nano.a(libc_a-exit.o)
                              /home/yul/toolchain/arm-gnu-toolchain-12.2.rel1-x86_64-arm-none-eabi/bin/../lib/gcc/arm-none-eabi/12.2.1/../../../../arm-none-eabi/lib/thumb/v8-m.main+fp/hard/crt0.o (exit)
/home/yul/toolchain/arm-gnu-toolchain-12.2.rel1-x86_64-arm-none-eabi/bin/../lib/gcc/arm-none-eabi/12.2.1/../../../../arm-none-eabi/lib/thumb/v8-m.main+fp/hard/libc_nano.a(libc_a-init.o)
                              /home/yul/toolchain/arm-gnu-toolchain-12.2.rel1-x86_64-arm-none-eabi/bin/../lib/gcc/arm-none-eabi/12.2.1/../../../../arm-none-eabi/lib/thumb/v8-m.main+fp/hard/crt0.o (__libc_init_array)
/home/yul/toolchain/arm-gnu-toolchain-12.2.rel1-x86_64-arm-none-eabi/bin/../lib/gcc/arm-none-eabi/12.2.1/../../../../arm-none-eabi/lib/thumb/v8-m.main+fp/hard/libc_nano.a(libc_a-strcmp.o)
                              build/shell.o (strcmp)
/home/yul/toolchain/arm-gnu-toolchain-12.2.rel1-x86_64-arm-none-eabi/bin/../lib/gcc/arm-none-eabi/12.2.1/../../../../arm-none-eabi/lib/thumb/v8-m.main+fp/hard/libc_nano.a(libc_a-printf.o)
                              build/shell.o (printf)
/home/yul/toolchain/arm-gnu-toolchain-12.2.rel1-x86_64-arm-none-eabi/bin/../lib/gcc/arm-none-eabi/12.2.1/../../../../arm-none-eabi/lib/thumb/v8-m.main+fp/hard/libc_nano.a(libc_a-nano-vfprintf.o)
                              /home/yul/toolchain/arm-gnu-toolchain-12.2.rel1-x86_64-arm-none-eabi/bin/../lib/gcc/arm-none-eabi/12.2.1/../../../../arm-none-eabi/lib/thumb/v8-m.main+fp/hard/libc_nano.a(libc_a-printf.o) (_vfprintf_r)
/home/yul/toolchain/arm-gnu-toolchain-12.2.rel1-x86_64-arm-none-eabi/bin/../lib/gcc/arm-none-eabi/12.2.1/../../../../arm-none-eabi/lib/thumb/v8-m.main+fp/hard/libc_nano.a(libc_a-wbuf.o)
                              /home/yul/toolchain/arm-gnu-toolchain-12.2.rel1-x86_64-arm-none-eabi/bin/../lib/gcc/arm-none-eabi/12.2.1/../../../../arm-none-eabi/lib/thumb/v8-m.main+fp/hard/libc_nano.a(libc_a-nano-vfprintf.o) (__swbuf_r)
/home/yul/toolchain/arm-gnu-toolchain-12.2.rel1-x86_64-arm-none-eabi/bin/../lib/gcc/arm-none-eabi/12.2.1/../../../../arm-none-eabi/lib/thumb/v8-m.main+fp/hard/libc_nano.a(libc_a-wsetup.o)
                              /home/yul/toolchain/arm-gnu-toolchain-12.2.rel1-x86_64-arm-none-eabi/bin/../lib/gcc/arm-none-eabi/12.2.1/../../../../arm-none-eabi/lib/thumb/v8-m.main+fp/hard/libc_nano.a(libc_a-nano-vfprintf.o) (__swsetup_r)
/home/yul/toolchain/arm-gnu-toolchain-12.2.rel1-x86_64-arm-none-eabi/bin/../lib/gcc/arm-none-eabi/12.2.1/../../../../arm-none-eabi/lib/thumb/v8-m.main+fp/hard/libc_nano.a(libc_a-putchar.o)
                              build/shell.o (putchar)
/home/yul/toolchain/arm-gnu-toolchain-12.2.rel1-x86_64-arm-none-eabi/bin/../lib/gcc/arm-none-eabi/12.2.1/../../../../arm-none-eabi/lib/thumb/v8-m.main+fp/hard/libc_nano.a(libc_a-nano-vfprintf_i.o)
                              /home/yul/toolchain/arm-gnu-toolchain-12.2.rel1-x86_64-arm-none-eabi/bin/../lib/gcc/arm-none-eabi/12.2.1/../../../../arm-none-eabi/lib/thumb/v8-m.main+fp/hard/libc_nano.a(libc_a-nano-vfprintf.o) (_printf_i)
/home/yul/toolchain/arm-gnu-toolchain-12.2.rel1-x86_64-arm-none-eabi/bin/../lib/gcc/arm-none-eabi/12.2.1/../../../../arm-none-eabi/lib/thumb/v8-m.main+fp/hard/libc_nano.a(libc_a-puts.o)
                              build/main.o (puts)
/home/yul/toolchain/arm-gnu-toolchain-12.2.rel1-x86_64-arm-none-eabi/bin/../lib/gcc/arm-none-eabi/12.2.1/../../../../arm-none-eabi/lib/thumb/v8-m.main+fp/hard/libc_nano.a(libc_a-impure.o)
                              build/shell.o (_impure_ptr)
/home/yul/toolchain/arm-gnu-toolchain-12.2.rel1-x86_64-arm-none-eabi/bin/../lib/gcc/arm-none-eabi/12.2.1/../../../../arm-none-eabi/lib/thumb/v8-m.main+fp/hard/libc_nano.a(libc_a-fflush.o)
                              /home/yul/toolchain/arm-gnu-toolchain-12.2.rel1-x86_64-arm-none-eabi/bin/../lib/gcc/arm-none-eabi/12.2.1/../../../../arm-none-eabi/lib/thumb/v8-m.main+fp/hard/libc_nano.a(libc_a-wbuf.o) (_fflush_r)
/home/yul/toolchain/arm-gnu-toolchain-12.2.rel1-x86_64-arm-none-eabi/bin/../lib/gcc/arm-none-eabi/12.2.1/../../../../arm-none-eabi/lib/thumb/v8-m.main+fp/hard/libc_nano.a(libc_a-memchr-stub.o)
                              /home/yul/toolchain/arm-gnu-toolchain-12.2.rel1-x86_64-arm-none-eabi/bin/../lib/gcc/arm-none-eabi/12.2.1/../../../../arm-none-eabi/lib/thumb/v8-m.main+fp/hard/libc_nano.a(libc_a-nano-vfprintf.o) (memchr)
/home/yul/toolchain/arm-gnu-toolchain-12.2.rel1-x86_64-arm-none-eabi/bin/../lib/gcc/arm-none-eabi/12.2.1/../../../../arm-none-eabi/lib/thumb/v8-m.main+fp/hard/libc_nano.a(libc_a-memcpy-stub.o)
                              build/shell.o (memcpy)
[...]
Memory Configuration

Name             Origin             Length             Attributes
RAM              0x0000000020000000 0x0000000000030000 xrw
RAM2             0x0000000020030000 0x0000000000010000 xrw
ROM              0x0000000008000000 0x0000000000080000 xr
*default*        0x0000000000000000 0xffffffffffffffff

Linker script and memory map

LOAD /home/yul/toolchain/arm-gnu-toolchain-12.2.rel1-x86_64-arm-none-eabi/bin/../lib/gcc/arm-none-eabi/12.2.1/thumb/v8-m.main+fp/hard/crti.o
LOAD /home/yul/toolchain/arm-gnu-toolchain-12.2.rel1-x86_64-arm-none-eabi/bin/../lib/gcc/arm-none-eabi/12.2.1/thumb/v8-m.main+fp/hard/crtbegin.o
LOAD /home/yul/toolchain/arm-gnu-toolchain-12.2.rel1-x86_64-arm-none-eabi/bin/../lib/gcc/arm-none-eabi/12.2.1/../../../../arm-none-eabi/lib/thumb/v8-m.main+fp/hard/crt0.o
LOAD build/main.o
LOAD build/shell.o
LOAD build/stm32l5xx_it.o
LOAD build/stm32l5xx_hal_msp.o
LOAD build/usbd_conf.o
LOAD build/usb_device.o
LOAD build/usbd_desc.o
LOAD build/usbd_cdc_if.o
LOAD build/stm32l5xx_hal_pcd.o
LOAD build/stm32l5xx_hal_pcd_ex.o
LOAD build/stm32l5xx_ll_usb.o
LOAD build/stm32l5xx_hal.o
LOAD build/stm32l5xx_hal_i2c.o
LOAD build/stm32l5xx_hal_i2c_ex.o
LOAD build/stm32l5xx_hal_rcc.o
LOAD build/stm32l5xx_hal_rcc_ex.o
LOAD build/stm32l5xx_hal_flash.o
LOAD build/stm32l5xx_hal_flash_ex.o
LOAD build/stm32l5xx_hal_flash_ramfunc.o
LOAD build/stm32l5xx_hal_gpio.o
LOAD build/stm32l5xx_hal_dma.o
LOAD build/stm32l5xx_hal_dma_ex.o
LOAD build/stm32l5xx_hal_exti.o
LOAD build/stm32l5xx_hal_pwr.o
LOAD build/stm32l5xx_hal_pwr_ex.o
LOAD build/stm32l5xx_hal_cortex.o
LOAD build/stm32l5xx_hal_icache.o
LOAD build/stm32l5xx_hal_tim.o
LOAD build/stm32l5xx_hal_tim_ex.o
LOAD build/stm32l5xx_hal_uart.o
LOAD build/stm32l5xx_hal_uart_ex.o
LOAD build/system_stm32l5xx.o
LOAD build/usbd_core.o
LOAD build/usbd_ctlreq.o
LOAD build/usbd_ioreq.o
LOAD build/usbd_cdc.o
LOAD build/startup_stm32l562xx.o
LOAD /home/yul/toolchain/arm-gnu-toolchain-12.2.rel1-x86_64-arm-none-eabi/bin/../lib/gcc/arm-none-eabi/12.2.1/../../../../arm-none-eabi/lib/thumb/v8-m.main+fp/hard/libc_nano.a
LOAD /home/yul/toolchain/arm-gnu-toolchain-12.2.rel1-x86_64-arm-none-eabi/bin/../lib/gcc/arm-none-eabi/12.2.1/../../../../arm-none-eabi/lib/thumb/v8-m.main+fp/hard/libm.a
LOAD /home/yul/toolchain/arm-gnu-toolchain-12.2.rel1-x86_64-arm-none-eabi/bin/../lib/gcc/arm-none-eabi/12.2.1/../../../../arm-none-eabi/lib/thumb/v8-m.main+fp/hard/libnosys.a
START GROUP
LOAD /home/yul/toolchain/arm-gnu-toolchain-12.2.rel1-x86_64-arm-none-eabi/bin/../lib/gcc/arm-none-eabi/12.2.1/thumb/v8-m.main+fp/hard/libgcc.a
LOAD /home/yul/toolchain/arm-gnu-toolchain-12.2.rel1-x86_64-arm-none-eabi/bin/../lib/gcc/arm-none-eabi/12.2.1/../../../../arm-none-eabi/lib/thumb/v8-m.main+fp/hard/libc_nano.a
END GROUP
START GROUP
LOAD /home/yul/toolchain/arm-gnu-toolchain-12.2.rel1-x86_64-arm-none-eabi/bin/../lib/gcc/arm-none-eabi/12.2.1/thumb/v8-m.main+fp/hard/libgcc.a
LOAD /home/yul/toolchain/arm-gnu-toolchain-12.2.rel1-x86_64-arm-none-eabi/bin/../lib/gcc/arm-none-eabi/12.2.1/../../../../arm-none-eabi/lib/thumb/v8-m.main+fp/hard/libc_nano.a
END GROUP
LOAD /home/yul/toolchain/arm-gnu-toolchain-12.2.rel1-x86_64-arm-none-eabi/bin/../lib/gcc/arm-none-eabi/12.2.1/thumb/v8-m.main+fp/hard/crtend.o
LOAD /home/yul/toolchain/arm-gnu-toolchain-12.2.rel1-x86_64-arm-none-eabi/bin/../lib/gcc/arm-none-eabi/12.2.1/thumb/v8-m.main+fp/hard/crtn.o
                0x0000000020030000                _estack = (ORIGIN (RAM) + LENGTH (RAM))
                0x0000000000000200                _Min_Heap_Size = 0x200
                0x0000000000004000                _Min_Stack_Size = 0x4000

.isr_vector     0x0000000008000000      0x1f8
                0x0000000008000000                . = ALIGN (0x8)
 *(.isr_vector)
 .isr_vector    0x0000000008000000      0x1f4 build/startup_stm32l562xx.o
                0x0000000008000000                g_pfnVectors
                0x00000000080001f8                . = ALIGN (0x8)
 *fill*         0x00000000080001f4        0x4 

.text           0x00000000080001f8     0x68b8
                0x00000000080001f8                . = ALIGN (0x8)
 *(.text)
 .text          0x00000000080001f8       0x14 /home/yul/toolchain/arm-gnu-toolchain-12.2.rel1-x86_64-arm-none-eabi/bin/../lib/gcc/arm-none-eabi/12.2.1/../../../../arm-none-eabi/lib/thumb/v8-m.main+fp/hard/libc_nano.a(libc_a-strcmp.o)
                0x00000000080001f8                strcmp
 *(.text*)
 .text.deregister_tm_clones
                0x000000000800020c       0x1c /home/yul/toolchain/arm-gnu-toolchain-12.2.rel1-x86_64-arm-none-eabi/bin/../lib/gcc/arm-none-eabi/12.2.1/thumb/v8-m.main+fp/hard/crtbegin.o
 .text.register_tm_clones
                0x0000000008000228       0x28 /home/yul/toolchain/arm-gnu-toolchain-12.2.rel1-x86_64-arm-none-eabi/bin/../lib/gcc/arm-none-eabi/12.2.1/thumb/v8-m.main+fp/hard/crtbegin.o
 .text.__do_global_dtors_aux
                0x0000000008000250       0x28 /home/yul/toolchain/arm-gnu-toolchain-12.2.rel1-x86_64-arm-none-eabi/bin/../lib/gcc/arm-none-eabi/12.2.1/thumb/v8-m.main+fp/hard/crtbegin.o
 .text.frame_dummy
                0x0000000008000278       0x24 /home/yul/toolchain/arm-gnu-toolchain-12.2.rel1-x86_64-arm-none-eabi/bin/../lib/gcc/arm-none-eabi/12.2.1/thumb/v8-m.main+fp/hard/crtbegin.o
 .text.MX_GPIO_Init
                0x000000000800029c       0xe0 build/main.o
 .text._write   0x000000000800037c       0x28 build/main.o
                0x000000000800037c                _write
 .text.Error_Handler
                0x00000000080003a4        0x4 build/main.o
                0x00000000080003a4                Error_Handler
 .text.MX_I2C1_Init
                0x00000000080003a8       0x58 build/main.o
 .text.MX_I2C2_Init
                0x0000000008000400       0x58 build/main.o
 .text.MX_ICACHE_Init
                0x0000000008000458       0x1a build/main.o
 .text.SystemClock_Config
                0x0000000008000472       0x76 build/main.o
                0x0000000008000472                SystemClock_Config
 .text.main     0x00000000080004e8       0x48 build/main.o
                0x00000000080004e8                main
 .text.__NVIC_SystemReset
                0x0000000008000530       0x24 build/shell.o
 .text.shell_check_cmd
                0x0000000008000554        0xe build/shell.o
                0x0000000008000554                shell_check_cmd
 .text.shell_reset
                0x0000000008000562        0x6 build/shell.o
                0x0000000008000562                shell_reset
 .text.i2c_handler
                0x0000000008000568       0xa4 build/shell.o
                0x0000000008000568                i2c_handler
 .text.shell_process_cmd
                0x000000000800060c       0xa4 build/shell.o
                0x000000000800060c                shell_process_cmd
 .text.shell_start
                0x00000000080006b0       0xd4 build/shell.o
                0x00000000080006b0                shell_start
 .text.NMI_Handler
                0x0000000008000784        0x2 build/stm32l5xx_it.o
                0x0000000008000784                NMI_Handler
 .text.HardFault_Handler
                0x0000000008000786        0x2 build/stm32l5xx_it.o
                0x0000000008000786                HardFault_Handler
 .text.MemManage_Handler
                0x0000000008000788        0x2 build/stm32l5xx_it.o
                0x0000000008000788                MemManage_Handler
 .text.BusFault_Handler
                0x000000000800078a        0x2 build/stm32l5xx_it.o
                0x000000000800078a                BusFault_Handler
 .text.UsageFault_Handler
                0x000000000800078c        0x2 build/stm32l5xx_it.o
                0x000000000800078c                UsageFault_Handler
 .text.SVC_Handler
                0x000000000800078e        0x2 build/stm32l5xx_it.o
                0x000000000800078e                SVC_Handler
 .text.DebugMon_Handler
                0x0000000008000790        0x2 build/stm32l5xx_it.o
                0x0000000008000790                DebugMon_Handler
 .text.PendSV_Handler
                0x0000000008000792        0x2 build/stm32l5xx_it.o
                0x0000000008000792                PendSV_Handler
 .text.SysTick_Handler
                0x0000000008000794        0x8 build/stm32l5xx_it.o
                0x0000000008000794                SysTick_Handler
 .text.USB_FS_IRQHandler
                0x000000000800079c       0x10 build/stm32l5xx_it.o
                0x000000000800079c                USB_FS_IRQHandler
 .text.HAL_MspInit
                0x00000000080007ac       0x38 build/stm32l5xx_hal_msp.o
                0x00000000080007ac                HAL_MspInit
 .text.HAL_I2C_MspInit
                0x00000000080007e4       0xe8 build/stm32l5xx_hal_msp.o
                0x00000000080007e4                HAL_I2C_MspInit
 .text.USBD_Get_USB_Status
                0x00000000080008cc       0x14 build/usbd_conf.o
 .text.SystemClockConfig_Resume
                0x00000000080008e0        0x8 build/usbd_conf.o
 .text.HAL_PCD_MspInit
                0x00000000080008e8       0xbc build/usbd_conf.o
                0x00000000080008e8                HAL_PCD_MspInit
 .text.HAL_PCD_SetupStageCallback
                0x00000000080009a4       0x10 build/usbd_conf.o
                0x00000000080009a4                HAL_PCD_SetupStageCallback
 .text.HAL_PCD_DataOutStageCallback
                0x00000000080009b4       0x18 build/usbd_conf.o
                0x00000000080009b4                HAL_PCD_DataOutStageCallback
 .text.HAL_PCD_DataInStageCallback
                0x00000000080009cc       0x16 build/usbd_conf.o
                0x00000000080009cc                HAL_PCD_DataInStageCallback
 .text.HAL_PCD_SOFCallback
                0x00000000080009e2        0xc build/usbd_conf.o
                0x00000000080009e2                HAL_PCD_SOFCallback
 .text.HAL_PCD_ResetCallback
                0x00000000080009ee       0x24 build/usbd_conf.o
                0x00000000080009ee                HAL_PCD_ResetCallback
 *fill*         0x0000000008000a12        0x2 
 .text.HAL_PCD_SuspendCallback
                0x0000000008000a14       0x20 build/usbd_conf.o
                0x0000000008000a14                HAL_PCD_SuspendCallback
 .text.HAL_PCD_ResumeCallback
                0x0000000008000a34       0x28 build/usbd_conf.o
                0x0000000008000a34                HAL_PCD_ResumeCallback
 .text.USBD_LL_Init
                0x0000000008000a5c       0x90 build/usbd_conf.o
                0x0000000008000a5c                USBD_LL_Init
 .text.USBD_LL_Start
                0x0000000008000aec       0x10 build/usbd_conf.o
                0x0000000008000aec                USBD_LL_Start
 .text.USBD_LL_OpenEP
                0x0000000008000afc       0x16 build/usbd_conf.o
                0x0000000008000afc                USBD_LL_OpenEP
 .text.USBD_LL_CloseEP
                0x0000000008000b12       0x10 build/usbd_conf.o
                0x0000000008000b12                USBD_LL_CloseEP
 .text.USBD_LL_StallEP
                0x0000000008000b22       0x10 build/usbd_conf.o
                0x0000000008000b22                USBD_LL_StallEP
 .text.USBD_LL_ClearStallEP
                0x0000000008000b32       0x10 build/usbd_conf.o
                0x0000000008000b32                USBD_LL_ClearStallEP
 .text.USBD_LL_IsStallEP
                0x0000000008000b42       0x2e build/usbd_conf.o
                0x0000000008000b42                USBD_LL_IsStallEP
 .text.USBD_LL_SetUSBAddress
                0x0000000008000b70       0x10 build/usbd_conf.o
                0x0000000008000b70                USBD_LL_SetUSBAddress
 .text.USBD_LL_Transmit
                0x0000000008000b80       0x10 build/usbd_conf.o
                0x0000000008000b80                USBD_LL_Transmit
 .text.USBD_LL_PrepareReceive
                0x0000000008000b90       0x10 build/usbd_conf.o
                0x0000000008000b90                USBD_LL_PrepareReceive
 .text.USBD_LL_GetRxDataSize
                0x0000000008000ba0        0xc build/usbd_conf.o
                0x0000000008000ba0                USBD_LL_GetRxDataSize
 .text.HAL_PCDEx_LPM_Callback
                0x0000000008000bac       0x48 build/usbd_conf.o
                0x0000000008000bac                HAL_PCDEx_LPM_Callback
 .text.USBD_static_malloc
                0x0000000008000bf4        0x8 build/usbd_conf.o
                0x0000000008000bf4                USBD_static_malloc
 .text.USBD_static_free
                0x0000000008000bfc        0x2 build/usbd_conf.o
                0x0000000008000bfc                USBD_static_free
 *fill*         0x0000000008000bfe        0x2 
 .text.MX_USB_Device_Init
                0x0000000008000c00       0x54 build/usb_device.o
                0x0000000008000c00                MX_USB_Device_Init
 .text.USBD_CDC_DeviceDescriptor
                0x0000000008000c54        0xc build/usbd_desc.o
                0x0000000008000c54                USBD_CDC_DeviceDescriptor
 .text.USBD_CDC_LangIDStrDescriptor
                0x0000000008000c60        0xc build/usbd_desc.o
                0x0000000008000c60                USBD_CDC_LangIDStrDescriptor
 .text.IntToUnicode
                0x0000000008000c6c       0x46 build/usbd_desc.o
 *fill*         0x0000000008000cb2        0x2 
 .text.Get_SerialNum
                0x0000000008000cb4       0x38 build/usbd_desc.o
 .text.USBD_CDC_SerialStrDescriptor
                0x0000000008000cec       0x14 build/usbd_desc.o
                0x0000000008000cec                USBD_CDC_SerialStrDescriptor
 .text.USBD_CDC_ProductStrDescriptor
                0x0000000008000d00       0x24 build/usbd_desc.o
                0x0000000008000d00                USBD_CDC_ProductStrDescriptor
 .text.USBD_CDC_ManufacturerStrDescriptor
                0x0000000008000d24       0x1c build/usbd_desc.o
                0x0000000008000d24                USBD_CDC_ManufacturerStrDescriptor
 .text.USBD_CDC_ConfigStrDescriptor
                0x0000000008000d40       0x24 build/usbd_desc.o
                0x0000000008000d40                USBD_CDC_ConfigStrDescriptor
 .text.USBD_CDC_InterfaceStrDescriptor
                0x0000000008000d64       0x24 build/usbd_desc.o
                0x0000000008000d64                USBD_CDC_InterfaceStrDescriptor
 .text.CDC_DeInit_FS
                0x0000000008000d88        0x4 build/usbd_cdc_if.o
 .text.CDC_Control_FS
                0x0000000008000d8c        0x4 build/usbd_cdc_if.o
 .text.CDC_TransmitCplt_FS
                0x0000000008000d90        0x4 build/usbd_cdc_if.o
 .text.CDC_Receive_FS
                0x0000000008000d94       0x38 build/usbd_cdc_if.o
 .text.CDC_Init_FS
                0x0000000008000dcc       0x28 build/usbd_cdc_if.o
 .text.CDC_Transmit_FS
                0x0000000008000df4       0x2c build/usbd_cdc_if.o
                0x0000000008000df4                CDC_Transmit_FS
 .text.VCP_retrieveInputData
                0x0000000008000e20       0x38 build/usbd_cdc_if.o
                0x0000000008000e20                VCP_retrieveInputData
 .text.HAL_PCD_EP_DB_Receive
                0x0000000008000e58      0x118 build/stm32l5xx_hal_pcd.o
 .text.HAL_PCD_Init
                0x0000000008000f70       0xdc build/stm32l5xx_hal_pcd.o
                0x0000000008000f70                HAL_PCD_Init
 .text.HAL_PCD_Start
                0x000000000800104c       0x2a build/stm32l5xx_hal_pcd.o
                0x000000000800104c                HAL_PCD_Start
 .text.HAL_PCD_EP_DB_Transmit
                0x0000000008001076      0x414 build/stm32l5xx_hal_pcd.o
 .text.PCD_EP_ISR_Handler
                0x000000000800148a      0x520 build/stm32l5xx_hal_pcd.o
 .text.HAL_PCD_SetAddress
                0x00000000080019aa       0x28 build/stm32l5xx_hal_pcd.o
                0x00000000080019aa                HAL_PCD_SetAddress
 .text.HAL_PCD_IRQHandler
                0x00000000080019d2      0x1b2 build/stm32l5xx_hal_pcd.o
                0x00000000080019d2                HAL_PCD_IRQHandler
 .text.HAL_PCD_EP_Open
                0x0000000008001b84       0x7c build/stm32l5xx_hal_pcd.o
                0x0000000008001b84                HAL_PCD_EP_Open
 .text.HAL_PCD_EP_Close
                0x0000000008001c00       0x64 build/stm32l5xx_hal_pcd.o
                0x0000000008001c00                HAL_PCD_EP_Close
 .text.HAL_PCD_EP_Receive
                0x0000000008001c64       0x3a build/stm32l5xx_hal_pcd.o
                0x0000000008001c64                HAL_PCD_EP_Receive
 .text.HAL_PCD_EP_GetRxCount
                0x0000000008001c9e       0x12 build/stm32l5xx_hal_pcd.o
                0x0000000008001c9e                HAL_PCD_EP_GetRxCount
 .text.HAL_PCD_EP_Transmit
                0x0000000008001cb0       0x44 build/stm32l5xx_hal_pcd.o
                0x0000000008001cb0                HAL_PCD_EP_Transmit
 .text.HAL_PCD_EP_SetStall
                0x0000000008001cf4       0x6a build/stm32l5xx_hal_pcd.o
                0x0000000008001cf4                HAL_PCD_EP_SetStall
 .text.HAL_PCD_EP_ClrStall
                0x0000000008001d5e       0x76 build/stm32l5xx_hal_pcd.o
                0x0000000008001d5e                HAL_PCD_EP_ClrStall
 .text.HAL_PCDEx_PMAConfig
                0x0000000008001dd4       0x38 build/stm32l5xx_hal_pcd_ex.o
                0x0000000008001dd4                HAL_PCDEx_PMAConfig
 .text.HAL_PCDEx_ActivateLPM
                0x0000000008001e0c       0x2c build/stm32l5xx_hal_pcd_ex.o
                0x0000000008001e0c                HAL_PCDEx_ActivateLPM
 .text.USB_EnableGlobalInt
                0x0000000008001e38       0x12 build/stm32l5xx_ll_usb.o
                0x0000000008001e38                USB_EnableGlobalInt
 .text.USB_DisableGlobalInt
                0x0000000008001e4a       0x14 build/stm32l5xx_ll_usb.o
                0x0000000008001e4a                USB_DisableGlobalInt
 .text.USB_DevInit
                0x0000000008001e5e       0x22 build/stm32l5xx_ll_usb.o
                0x0000000008001e5e                USB_DevInit
 .text.USB_ActivateEndpoint
                0x0000000008001e80      0x3ca build/stm32l5xx_ll_usb.o
                0x0000000008001e80                USB_ActivateEndpoint
 .text.USB_DeactivateEndpoint
                0x000000000800224a      0x1d6 build/stm32l5xx_ll_usb.o
                0x000000000800224a                USB_DeactivateEndpoint
 .text.USB_EPSetStall
                0x0000000008002420       0x4a build/stm32l5xx_ll_usb.o
                0x0000000008002420                USB_EPSetStall
 .text.USB_EPClearStall
                0x000000000800246a       0xa2 build/stm32l5xx_ll_usb.o
                0x000000000800246a                USB_EPClearStall
 .text.USB_SetDevAddress
                0x000000000800250c        0xc build/stm32l5xx_ll_usb.o
                0x000000000800250c                USB_SetDevAddress
 .text.USB_DevConnect
                0x0000000008002518       0x16 build/stm32l5xx_ll_usb.o
                0x0000000008002518                USB_DevConnect
 .text.USB_ReadInterrupts
                0x000000000800252e        0x8 build/stm32l5xx_ll_usb.o
                0x000000000800252e                USB_ReadInterrupts
 .text.USB_WritePMA
                0x0000000008002536       0x24 build/stm32l5xx_ll_usb.o
                0x0000000008002536                USB_WritePMA
 .text.USB_EPStartXfer
                0x000000000800255a      0x7ce build/stm32l5xx_ll_usb.o
                0x000000000800255a                USB_EPStartXfer
 .text.USB_ReadPMA
                0x0000000008002d28       0x30 build/stm32l5xx_ll_usb.o
                0x0000000008002d28                USB_ReadPMA
 .text.HAL_InitTick
                0x0000000008002d58       0x50 build/stm32l5xx_hal.o
                0x0000000008002d58                HAL_InitTick
 .text.HAL_Init
                0x0000000008002da8       0x22 build/stm32l5xx_hal.o
                0x0000000008002da8                HAL_Init
 *fill*         0x0000000008002dca        0x2 
 .text.HAL_IncTick
                0x0000000008002dcc       0x18 build/stm32l5xx_hal.o
                0x0000000008002dcc                HAL_IncTick
 .text.HAL_GetTick
                0x0000000008002de4        0xc build/stm32l5xx_hal.o
                0x0000000008002de4                HAL_GetTick
 .text.HAL_Delay
                0x0000000008002df0       0x28 build/stm32l5xx_hal.o
                0x0000000008002df0                HAL_Delay
 .text.I2C_WaitOnFlagUntilTimeout
                0x0000000008002e18       0x6a build/stm32l5xx_hal_i2c.o
 .text.HAL_I2C_Init
                0x0000000008002e82       0xbc build/stm32l5xx_hal_i2c.o
                0x0000000008002e82                HAL_I2C_Init
 .text.HAL_I2C_IsDeviceReady
                0x0000000008002f3e      0x16c build/stm32l5xx_hal_i2c.o
                0x0000000008002f3e                HAL_I2C_IsDeviceReady
 .text.HAL_I2CEx_ConfigAnalogFilter
                0x00000000080030aa       0x5c build/stm32l5xx_hal_i2c_ex.o
                0x00000000080030aa                HAL_I2CEx_ConfigAnalogFilter
 .text.HAL_I2CEx_ConfigDigitalFilter
                0x0000000008003106       0x58 build/stm32l5xx_hal_i2c_ex.o
                0x0000000008003106                HAL_I2CEx_ConfigDigitalFilter
 *fill*         0x000000000800315e        0x2 
 .text.RCC_GetSysClockFreqFromPLLSource
                0x0000000008003160       0x90 build/stm32l5xx_hal_rcc.o
 .text.RCC_SetFlashLatencyFromMSIRange
                0x00000000080031f0       0x94 build/stm32l5xx_hal_rcc.o
 .text.HAL_RCC_GetSysClockFreq
                0x0000000008003284       0xd8 build/stm32l5xx_hal_rcc.o
                0x0000000008003284                HAL_RCC_GetSysClockFreq
 .text.HAL_RCC_GetHCLKFreq
                0x000000000800335c       0x20 build/stm32l5xx_hal_rcc.o
                0x000000000800335c                HAL_RCC_GetHCLKFreq
 .text.HAL_RCC_OscConfig
                0x000000000800337c      0x7b4 build/stm32l5xx_hal_rcc.o
                0x000000000800337c                HAL_RCC_OscConfig
 .text.HAL_RCC_ClockConfig
                0x0000000008003b30      0x1fc build/stm32l5xx_hal_rcc.o
                0x0000000008003b30                HAL_RCC_ClockConfig
 .text.RCCEx_PLLSAI2_Config
                0x0000000008003d2c       0xe0 build/stm32l5xx_hal_rcc_ex.o
 .text.RCCEx_PLLSAI1_Config
                0x0000000008003e0c      0x140 build/stm32l5xx_hal_rcc_ex.o
 .text.HAL_RCCEx_PeriphCLKConfig
                0x0000000008003f4c      0x568 build/stm32l5xx_hal_rcc_ex.o
                0x0000000008003f4c                HAL_RCCEx_PeriphCLKConfig
 .text.HAL_GPIO_Init
                0x00000000080044b4      0x1c8 build/stm32l5xx_hal_gpio.o
                0x00000000080044b4                HAL_GPIO_Init
 .text.HAL_PWREx_GetVoltageRange
                0x000000000800467c       0x10 build/stm32l5xx_hal_pwr_ex.o
                0x000000000800467c                HAL_PWREx_GetVoltageRange
 .text.HAL_PWREx_EnableVddUSB
                0x000000000800468c       0x10 build/stm32l5xx_hal_pwr_ex.o
                0x000000000800468c                HAL_PWREx_EnableVddUSB
 .text.HAL_PWREx_DisableUCPDDeadBattery
                0x000000000800469c       0x10 build/stm32l5xx_hal_pwr_ex.o
                0x000000000800469c                HAL_PWREx_DisableUCPDDeadBattery
 .text.HAL_PWREx_SMPS_GetEffectiveMode
                0x00000000080046ac       0x24 build/stm32l5xx_hal_pwr_ex.o
                0x00000000080046ac                HAL_PWREx_SMPS_GetEffectiveMode
 .text.HAL_PWREx_ControlVoltageScaling
                0x00000000080046d0       0x90 build/stm32l5xx_hal_pwr_ex.o
                0x00000000080046d0                HAL_PWREx_ControlVoltageScaling
 .text.__NVIC_EnableIRQ
                0x0000000008004760       0x1c build/stm32l5xx_hal_cortex.o
 .text.__NVIC_SetPriority
                0x000000000800477c       0x28 build/stm32l5xx_hal_cortex.o
 .text.NVIC_EncodePriority
                0x00000000080047a4       0x3e build/stm32l5xx_hal_cortex.o
 *fill*         0x00000000080047e2        0x2 
 .text.HAL_NVIC_SetPriorityGrouping
                0x00000000080047e4       0x24 build/stm32l5xx_hal_cortex.o
                0x00000000080047e4                HAL_NVIC_SetPriorityGrouping
 .text.HAL_NVIC_SetPriority
                0x0000000008004808       0x20 build/stm32l5xx_hal_cortex.o
                0x0000000008004808                HAL_NVIC_SetPriority
 .text.HAL_NVIC_EnableIRQ
                0x0000000008004828        0x8 build/stm32l5xx_hal_cortex.o
                0x0000000008004828                HAL_NVIC_EnableIRQ
 .text.HAL_SYSTICK_Config
                0x0000000008004830       0x28 build/stm32l5xx_hal_cortex.o
                0x0000000008004830                HAL_SYSTICK_Config
 .text.HAL_ICACHE_ConfigAssociativityMode
                0x0000000008004858       0x24 build/stm32l5xx_hal_icache.o
                0x0000000008004858                HAL_ICACHE_ConfigAssociativityMode
 .text.HAL_ICACHE_Enable
                0x000000000800487c       0x14 build/stm32l5xx_hal_icache.o
                0x000000000800487c                HAL_ICACHE_Enable
 .text.SystemInit
                0x0000000008004890       0x14 build/system_stm32l5xx.o
                0x0000000008004890                SystemInit
 .text.SystemCoreClockUpdate
                0x00000000080048a4       0xd8 build/system_stm32l5xx.o
                0x00000000080048a4                SystemCoreClockUpdate
 .text.USBD_Init
                0x000000000800497c       0x2e build/usbd_core.o
                0x000000000800497c                USBD_Init
 .text.USBD_RegisterClass
                0x00000000080049aa       0x34 build/usbd_core.o
                0x00000000080049aa                USBD_RegisterClass
 .text.USBD_Start
                0x00000000080049de        0x8 build/usbd_core.o
                0x00000000080049de                USBD_Start
 .text.USBD_SetClassConfig
                0x00000000080049e6       0x12 build/usbd_core.o
                0x00000000080049e6                USBD_SetClassConfig
 .text.USBD_ClrClassConfig
                0x00000000080049f8       0x12 build/usbd_core.o
                0x00000000080049f8                USBD_ClrClassConfig
 .text.USBD_LL_SetupStage
                0x0000000008004a0a       0x58 build/usbd_core.o
                0x0000000008004a0a                USBD_LL_SetupStage
 .text.USBD_LL_Reset
                0x0000000008004a62       0x64 build/usbd_core.o
                0x0000000008004a62                USBD_LL_Reset
 .text.USBD_LL_SetSpeed
                0x0000000008004ac6        0x6 build/usbd_core.o
                0x0000000008004ac6                USBD_LL_SetSpeed
 .text.USBD_LL_Suspend
                0x0000000008004acc       0x1e build/usbd_core.o
                0x0000000008004acc                USBD_LL_Suspend
 .text.USBD_LL_Resume
                0x0000000008004aea       0x1a build/usbd_core.o
                0x0000000008004aea                USBD_LL_Resume
 .text.USBD_LL_SOF
                0x0000000008004b04       0x22 build/usbd_core.o
                0x0000000008004b04                USBD_LL_SOF
 .text.USBD_CoreFindIF
                0x0000000008004b26        0x4 build/usbd_core.o
                0x0000000008004b26                USBD_CoreFindIF
 .text.USBD_CoreFindEP
                0x0000000008004b2a        0x4 build/usbd_core.o
                0x0000000008004b2a                USBD_CoreFindEP
 .text.USBD_LL_DataOutStage
                0x0000000008004b2e       0xc6 build/usbd_core.o
                0x0000000008004b2e                USBD_LL_DataOutStage
 .text.USBD_LL_DataInStage
                0x0000000008004bf4       0xd6 build/usbd_core.o
                0x0000000008004bf4                USBD_LL_DataInStage
 .text.USBD_GetNextDesc
                0x0000000008004cca        0xe build/usbd_core.o
                0x0000000008004cca                USBD_GetNextDesc
 .text.USBD_GetEpDesc
                0x0000000008004cd8       0x3e build/usbd_core.o
                0x0000000008004cd8                USBD_GetEpDesc
 .text.USBD_GetLen
                0x0000000008004d16       0x14 build/usbd_ctlreq.o
 .text.USBD_ParseSetupRequest
                0x0000000008004d2a       0x28 build/usbd_ctlreq.o
                0x0000000008004d2a                USBD_ParseSetupRequest
 .text.USBD_CtlError
                0x0000000008004d52       0x14 build/usbd_ctlreq.o
                0x0000000008004d52                USBD_CtlError
 .text.USBD_GetDescriptor
                0x0000000008004d66      0x1ac build/usbd_ctlreq.o
 .text.USBD_SetAddress
                0x0000000008004f12       0x50 build/usbd_ctlreq.o
 *fill*         0x0000000008004f62        0x2 
 .text.USBD_SetConfig
                0x0000000008004f64       0xcc build/usbd_ctlreq.o
 .text.USBD_GetConfig
                0x0000000008005030       0x40 build/usbd_ctlreq.o
 .text.USBD_GetStatus
                0x0000000008005070       0x38 build/usbd_ctlreq.o
 .text.USBD_SetFeature
                0x00000000080050a8       0x2a build/usbd_ctlreq.o
 .text.USBD_ClrFeature
                0x00000000080050d2       0x26 build/usbd_ctlreq.o
 .text.USBD_StdDevReq
                0x00000000080050f8       0x76 build/usbd_ctlreq.o
                0x00000000080050f8                USBD_StdDevReq
 .text.USBD_StdItfReq
                0x000000000800516e       0x84 build/usbd_ctlreq.o
                0x000000000800516e                USBD_StdItfReq
 .text.USBD_StdEPReq
                0x00000000080051f2      0x230 build/usbd_ctlreq.o
                0x00000000080051f2                USBD_StdEPReq
 .text.USBD_GetString
                0x0000000008005422       0x3a build/usbd_ctlreq.o
                0x0000000008005422                USBD_GetString
 .text.USBD_CtlSendData
                0x000000000800545c       0x1a build/usbd_ioreq.o
                0x000000000800545c                USBD_CtlSendData
 .text.USBD_CtlContinueSendData
                0x0000000008005476       0x10 build/usbd_ioreq.o
                0x0000000008005476                USBD_CtlContinueSendData
 .text.USBD_CtlPrepareRx
                0x0000000008005486       0x1e build/usbd_ioreq.o
                0x0000000008005486                USBD_CtlPrepareRx
 .text.USBD_CtlContinueRx
                0x00000000080054a4       0x10 build/usbd_ioreq.o
                0x00000000080054a4                USBD_CtlContinueRx
 .text.USBD_CtlSendStatus
                0x00000000080054b4       0x16 build/usbd_ioreq.o
                0x00000000080054b4                USBD_CtlSendStatus
 .text.USBD_CtlReceiveStatus
                0x00000000080054ca       0x16 build/usbd_ioreq.o
                0x00000000080054ca                USBD_CtlReceiveStatus
 .text.USBD_CDC_EP0_RxReady
                0x00000000080054e0       0x40 build/usbd_cdc.o
 .text.USBD_CDC_GetDeviceQualifierDescriptor
                0x0000000008005520        0xc build/usbd_cdc.o
                0x0000000008005520                USBD_CDC_GetDeviceQualifierDescriptor
 .text.USBD_CDC_GetOtherSpeedCfgDesc
                0x000000000800552c       0x48 build/usbd_cdc.o
 .text.USBD_CDC_GetFSCfgDesc
                0x0000000008005574       0x48 build/usbd_cdc.o
 .text.USBD_CDC_GetHSCfgDesc
                0x00000000080055bc       0x48 build/usbd_cdc.o
 .text.USBD_CDC_DataOut
                0x0000000008005604       0x38 build/usbd_cdc.o
 .text.USBD_CDC_DataIn
                0x000000000800563c       0x7c build/usbd_cdc.o
 .text.USBD_CDC_Setup
                0x00000000080056b8      0x11a build/usbd_cdc.o
 .text.USBD_CDC_DeInit
                0x00000000080057d2       0x64 build/usbd_cdc.o
 .text.USBD_CDC_Init
                0x0000000008005836       0xee build/usbd_cdc.o
 .text.USBD_CDC_RegisterInterface
                0x0000000008005924       0x16 build/usbd_cdc.o
                0x0000000008005924                USBD_CDC_RegisterInterface
 .text.USBD_CDC_SetTxBuffer
                0x000000000800593a       0x1c build/usbd_cdc.o
                0x000000000800593a                USBD_CDC_SetTxBuffer
 .text.USBD_CDC_SetRxBuffer
                0x0000000008005956       0x18 build/usbd_cdc.o
                0x0000000008005956                USBD_CDC_SetRxBuffer
 .text.USBD_CDC_TransmitPacket
                0x000000000800596e       0x36 build/usbd_cdc.o
                0x000000000800596e                USBD_CDC_TransmitPacket
 .text.USBD_CDC_ReceivePacket
                0x00000000080059a4       0x38 build/usbd_cdc.o
                0x00000000080059a4                USBD_CDC_ReceivePacket
 .text.Reset_Handler
                0x00000000080059dc       0x50 build/startup_stm32l562xx.o
                0x00000000080059dc                Reset_Handler
 .text.Default_Handler
                0x0000000008005a2c        0x2 build/startup_stm32l562xx.o
                0x0000000008005a2c                EXTI2_IRQHandler
                0x0000000008005a2c                TIM8_TRG_COM_IRQHandler
                0x0000000008005a2c                TIM8_CC_IRQHandler
                0x0000000008005a2c                EXTI5_IRQHandler
                0x0000000008005a2c                FLASH_S_IRQHandler
                0x0000000008005a2c                EXTI13_IRQHandler
                0x0000000008005a2c                TIM1_CC_IRQHandler
                0x0000000008005a2c                TSC_IRQHandler
                0x0000000008005a2c                TAMP_IRQHandler
                0x0000000008005a2c                TIM6_IRQHandler
                0x0000000008005a2c                EXTI12_IRQHandler
                0x0000000008005a2c                DMA2_Channel8_IRQHandler
                0x0000000008005a2c                EXTI3_IRQHandler
                0x0000000008005a2c                EXTI8_IRQHandler
                0x0000000008005a2c                LPTIM2_IRQHandler
                0x0000000008005a2c                DFSDM1_FLT1_IRQHandler
                0x0000000008005a2c                I2C3_ER_IRQHandler
                0x0000000008005a2c                DFSDM1_FLT2_IRQHandler
                0x0000000008005a2c                DMAMUX1_IRQHandler
                0x0000000008005a2c                LPTIM3_IRQHandler
                0x0000000008005a2c                EXTI0_IRQHandler
                0x0000000008005a2c                I2C2_EV_IRQHandler
                0x0000000008005a2c                FPU_IRQHandler
                0x0000000008005a2c                FDCAN1_IT1_IRQHandler
                0x0000000008005a2c                ADC1_2_IRQHandler
                0x0000000008005a2c                SPI1_IRQHandler
                0x0000000008005a2c                OCTOSPI1_IRQHandler
                0x0000000008005a2c                TIM8_UP_IRQHandler
                0x0000000008005a2c                RCC_S_IRQHandler
                0x0000000008005a2c                DMA2_Channel2_IRQHandler
                0x0000000008005a2c                DMA1_Channel4_IRQHandler
                0x0000000008005a2c                SAI2_IRQHandler
                0x0000000008005a2c                DFSDM1_FLT3_IRQHandler
                0x0000000008005a2c                PKA_IRQHandler
                0x0000000008005a2c                EXTI15_IRQHandler
                0x0000000008005a2c                TIM17_IRQHandler
                0x0000000008005a2c                USART3_IRQHandler
                0x0000000008005a2c                RTC_IRQHandler
                0x0000000008005a2c                EXTI9_IRQHandler
                0x0000000008005a2c                DMA1_Channel7_IRQHandler
                0x0000000008005a2c                UART5_IRQHandler
                0x0000000008005a2c                TIM4_IRQHandler
                0x0000000008005a2c                DMA2_Channel1_IRQHandler
                0x0000000008005a2c                I2C1_EV_IRQHandler
                0x0000000008005a2c                DMA1_Channel6_IRQHandler
                0x0000000008005a2c                TIM16_IRQHandler
                0x0000000008005a2c                UART4_IRQHandler
                0x0000000008005a2c                DMA2_Channel4_IRQHandler
                0x0000000008005a2c                SecureFault_Handler
                0x0000000008005a2c                TIM3_IRQHandler
                0x0000000008005a2c                RCC_IRQHandler
                0x0000000008005a2c                TIM1_TRG_COM_IRQHandler
                0x0000000008005a2c                DMA1_Channel1_IRQHandler
                0x0000000008005a2c                Default_Handler
                0x0000000008005a2c                DMA2_Channel7_IRQHandler
                0x0000000008005a2c                OTFDEC1_IRQHandler
                0x0000000008005a2c                DMA1_Channel8_IRQHandler
                0x0000000008005a2c                TIM7_IRQHandler
                0x0000000008005a2c                SDMMC1_IRQHandler
                0x0000000008005a2c                TIM5_IRQHandler
                0x0000000008005a2c                UCPD1_IRQHandler
                0x0000000008005a2c                TIM15_IRQHandler
                0x0000000008005a2c                I2C3_EV_IRQHandler
                0x0000000008005a2c                PVD_PVM_IRQHandler
                0x0000000008005a2c                SPI2_IRQHandler
                0x0000000008005a2c                EXTI14_IRQHandler
                0x0000000008005a2c                EXTI11_IRQHandler
                0x0000000008005a2c                DMA2_Channel5_IRQHandler
                0x0000000008005a2c                CRS_IRQHandler
                0x0000000008005a2c                DMA1_Channel5_IRQHandler
                0x0000000008005a2c                EXTI4_IRQHandler
                0x0000000008005a2c                RTC_S_IRQHandler
                0x0000000008005a2c                RNG_IRQHandler
                0x0000000008005a2c                DMAMUX1_S_IRQHandler
                0x0000000008005a2c                DMA1_Channel3_IRQHandler
                0x0000000008005a2c                COMP_IRQHandler
                0x0000000008005a2c                TIM1_UP_IRQHandler
                0x0000000008005a2c                WWDG_IRQHandler
                0x0000000008005a2c                I2C4_EV_IRQHandler
                0x0000000008005a2c                LPUART1_IRQHandler
                0x0000000008005a2c                DMA2_Channel6_IRQHandler
                0x0000000008005a2c                FDCAN1_IT0_IRQHandler
                0x0000000008005a2c                TIM2_IRQHandler
                0x0000000008005a2c                TAMP_S_IRQHandler
                0x0000000008005a2c                EXTI7_IRQHandler
                0x0000000008005a2c                TIM1_BRK_IRQHandler
                0x0000000008005a2c                DAC_IRQHandler
                0x0000000008005a2c                EXTI1_IRQHandler
                0x0000000008005a2c                AES_IRQHandler
                0x0000000008005a2c                GTZC_IRQHandler
                0x0000000008005a2c                USART2_IRQHandler
                0x0000000008005a2c                DFSDM1_FLT0_IRQHandler
                0x0000000008005a2c                I2C2_ER_IRQHandler
                0x0000000008005a2c                DMA1_Channel2_IRQHandler
                0x0000000008005a2c                TIM8_BRK_IRQHandler
                0x0000000008005a2c                FLASH_IRQHandler
                0x0000000008005a2c                USART1_IRQHandler
                0x0000000008005a2c                EXTI10_IRQHandler
                0x0000000008005a2c                SPI3_IRQHandler
                0x0000000008005a2c                I2C1_ER_IRQHandler
                0x0000000008005a2c                FMC_IRQHandler
                0x0000000008005a2c                EXTI6_IRQHandler
                0x0000000008005a2c                LPTIM1_IRQHandler
                0x0000000008005a2c                I2C4_ER_IRQHandler
                0x0000000008005a2c                ICACHE_IRQHandler
                0x0000000008005a2c                SAI1_IRQHandler
                0x0000000008005a2c                HASH_IRQHandler
                0x0000000008005a2c                DMA2_Channel3_IRQHandler
 *fill*         0x0000000008005a2e        0x2 
 .text.__libc_init_array
                0x0000000008005a30       0x48 /home/yul/toolchain/arm-gnu-toolchain-12.2.rel1-x86_64-arm-none-eabi/bin/../lib/gcc/arm-none-eabi/12.2.1/../../../../arm-none-eabi/lib/thumb/v8-m.main+fp/hard/libc_nano.a(libc_a-init.o)
                0x0000000008005a30                __libc_init_array
 .text.printf   0x0000000008005a78       0x24 /home/yul/toolchain/arm-gnu-toolchain-12.2.rel1-x86_64-arm-none-eabi/bin/../lib/gcc/arm-none-eabi/12.2.1/../../../../arm-none-eabi/lib/thumb/v8-m.main+fp/hard/libc_nano.a(libc_a-printf.o)
                0x0000000008005a78                printf
                0x0000000008005a78                iprintf
 .text.__sfputc_r
                0x0000000008005a9c       0x2e /home/yul/toolchain/arm-gnu-toolchain-12.2.rel1-x86_64-arm-none-eabi/bin/../lib/gcc/arm-none-eabi/12.2.1/../../../../arm-none-eabi/lib/thumb/v8-m.main+fp/hard/libc_nano.a(libc_a-nano-vfprintf.o)
 .text.__sfputs_r
                0x0000000008005aca       0x24 /home/yul/toolchain/arm-gnu-toolchain-12.2.rel1-x86_64-arm-none-eabi/bin/../lib/gcc/arm-none-eabi/12.2.1/../../../../arm-none-eabi/lib/thumb/v8-m.main+fp/hard/libc_nano.a(libc_a-nano-vfprintf.o)
                0x0000000008005aca                __sfputs_r
 *fill*         0x0000000008005aee        0x2 
 .text._vfprintf_r
                0x0000000008005af0      0x230 /home/yul/toolchain/arm-gnu-toolchain-12.2.rel1-x86_64-arm-none-eabi/bin/../lib/gcc/arm-none-eabi/12.2.1/../../../../arm-none-eabi/lib/thumb/v8-m.main+fp/hard/libc_nano.a(libc_a-nano-vfprintf.o)
                0x0000000008005af0                _vfiprintf_r
                0x0000000008005af0                _vfprintf_r
 .text.__swbuf_r
                0x0000000008005d20       0x7c /home/yul/toolchain/arm-gnu-toolchain-12.2.rel1-x86_64-arm-none-eabi/bin/../lib/gcc/arm-none-eabi/12.2.1/../../../../arm-none-eabi/lib/thumb/v8-m.main+fp/hard/libc_nano.a(libc_a-wbuf.o)
                0x0000000008005d20                __swbuf_r
 .text.__swsetup_r
                0x0000000008005d9c       0xac /home/yul/toolchain/arm-gnu-toolchain-12.2.rel1-x86_64-arm-none-eabi/bin/../lib/gcc/arm-none-eabi/12.2.1/../../../../arm-none-eabi/lib/thumb/v8-m.main+fp/hard/libc_nano.a(libc_a-wsetup.o)
                0x0000000008005d9c                __swsetup_r
 .text.putchar  0x0000000008005e48       0x10 /home/yul/toolchain/arm-gnu-toolchain-12.2.rel1-x86_64-arm-none-eabi/bin/../lib/gcc/arm-none-eabi/12.2.1/../../../../arm-none-eabi/lib/thumb/v8-m.main+fp/hard/libc_nano.a(libc_a-putchar.o)
                0x0000000008005e48                putchar
 .text._printf_common
                0x0000000008005e58       0xe4 /home/yul/toolchain/arm-gnu-toolchain-12.2.rel1-x86_64-arm-none-eabi/bin/../lib/gcc/arm-none-eabi/12.2.1/../../../../arm-none-eabi/lib/thumb/v8-m.main+fp/hard/libc_nano.a(libc_a-nano-vfprintf_i.o)
                0x0000000008005e58                _printf_common
 .text._printf_i
                0x0000000008005f3c      0x258 /home/yul/toolchain/arm-gnu-toolchain-12.2.rel1-x86_64-arm-none-eabi/bin/../lib/gcc/arm-none-eabi/12.2.1/../../../../arm-none-eabi/lib/thumb/v8-m.main+fp/hard/libc_nano.a(libc_a-nano-vfprintf_i.o)
                0x0000000008005f3c                _printf_i
 .text._puts_r  0x0000000008006194       0xaa /home/yul/toolchain/arm-gnu-toolchain-12.2.rel1-x86_64-arm-none-eabi/bin/../lib/gcc/arm-none-eabi/12.2.1/../../../../arm-none-eabi/lib/thumb/v8-m.main+fp/hard/libc_nano.a(libc_a-puts.o)
                0x0000000008006194                _puts_r
 *fill*         0x000000000800623e        0x2 
 .text.puts     0x0000000008006240       0x10 /home/yul/toolchain/arm-gnu-toolchain-12.2.rel1-x86_64-arm-none-eabi/bin/../lib/gcc/arm-none-eabi/12.2.1/../../../../arm-none-eabi/lib/thumb/v8-m.main+fp/hard/libc_nano.a(libc_a-puts.o)
                0x0000000008006240                puts
 .text.__sflush_r
                0x0000000008006250      0x106 /home/yul/toolchain/arm-gnu-toolchain-12.2.rel1-x86_64-arm-none-eabi/bin/../lib/gcc/arm-none-eabi/12.2.1/../../../../arm-none-eabi/lib/thumb/v8-m.main+fp/hard/libc_nano.a(libc_a-fflush.o)
                0x0000000008006250                __sflush_r
 .text._fflush_r
                0x0000000008006356       0x50 /home/yul/toolchain/arm-gnu-toolchain-12.2.rel1-x86_64-arm-none-eabi/bin/../lib/gcc/arm-none-eabi/12.2.1/../../../../arm-none-eabi/lib/thumb/v8-m.main+fp/hard/libc_nano.a(libc_a-fflush.o)
                0x0000000008006356                _fflush_r
 *fill*         0x00000000080063a6        0x2 
 .text.fflush   0x00000000080063a8       0x28 /home/yul/toolchain/arm-gnu-toolchain-12.2.rel1-x86_64-arm-none-eabi/bin/../lib/gcc/arm-none-eabi/12.2.1/../../../../arm-none-eabi/lib/thumb/v8-m.main+fp/hard/libc_nano.a(libc_a-fflush.o)
                0x00000000080063a8                fflush
 .text.memchr   0x00000000080063d0       0x1c /home/yul/toolchain/arm-gnu-toolchain-12.2.rel1-x86_64-arm-none-eabi/bin/../lib/gcc/arm-none-eabi/12.2.1/../../../../arm-none-eabi/lib/thumb/v8-m.main+fp/hard/libc_nano.a(libc_a-memchr-stub.o)
                0x00000000080063d0                memchr
 .text.memcpy   0x00000000080063ec       0x1a /home/yul/toolchain/arm-gnu-toolchain-12.2.rel1-x86_64-arm-none-eabi/bin/../lib/gcc/arm-none-eabi/12.2.1/../../../../arm-none-eabi/lib/thumb/v8-m.main+fp/hard/libc_nano.a(libc_a-memcpy-stub.o)
                0x00000000080063ec                memcpy
 *fill*         0x0000000008006406        0x2 
 .text.std      0x0000000008006408       0x6c /home/yul/toolchain/arm-gnu-toolchain-12.2.rel1-x86_64-arm-none-eabi/bin/../lib/gcc/arm-none-eabi/12.2.1/../../../../arm-none-eabi/lib/thumb/v8-m.main+fp/hard/libc_nano.a(libc_a-findfp.o)
 .text.stdio_exit_handler
                0x0000000008006474       0x18 /home/yul/toolchain/arm-gnu-toolchain-12.2.rel1-x86_64-arm-none-eabi/bin/../lib/gcc/arm-none-eabi/12.2.1/../../../../arm-none-eabi/lib/thumb/v8-m.main+fp/hard/libc_nano.a(libc_a-findfp.o)
 .text.cleanup_stdio
                0x000000000800648c       0x40 /home/yul/toolchain/arm-gnu-toolchain-12.2.rel1-x86_64-arm-none-eabi/bin/../lib/gcc/arm-none-eabi/12.2.1/../../../../arm-none-eabi/lib/thumb/v8-m.main+fp/hard/libc_nano.a(libc_a-findfp.o)
 .text.global_stdio_init.part.0
                0x00000000080064cc       0x3c /home/yul/toolchain/arm-gnu-toolchain-12.2.rel1-x86_64-arm-none-eabi/bin/../lib/gcc/arm-none-eabi/12.2.1/../../../../arm-none-eabi/lib/thumb/v8-m.main+fp/hard/libc_nano.a(libc_a-findfp.o)
 .text.__sfp_lock_acquire
                0x0000000008006508        0xc /home/yul/toolchain/arm-gnu-toolchain-12.2.rel1-x86_64-arm-none-eabi/bin/../lib/gcc/arm-none-eabi/12.2.1/../../../../arm-none-eabi/lib/thumb/v8-m.main+fp/hard/libc_nano.a(libc_a-findfp.o)
                0x0000000008006508                __sfp_lock_acquire
 .text.__sfp_lock_release
                0x0000000008006514        0xc /home/yul/toolchain/arm-gnu-toolchain-12.2.rel1-x86_64-arm-none-eabi/bin/../lib/gcc/arm-none-eabi/12.2.1/../../../../arm-none-eabi/lib/thumb/v8-m.main+fp/hard/libc_nano.a(libc_a-findfp.o)
                0x0000000008006514                __sfp_lock_release
 .text.__sinit  0x0000000008006520       0x30 /home/yul/toolchain/arm-gnu-toolchain-12.2.rel1-x86_64-arm-none-eabi/bin/../lib/gcc/arm-none-eabi/12.2.1/../../../../arm-none-eabi/lib/thumb/v8-m.main+fp/hard/libc_nano.a(libc_a-findfp.o)
                0x0000000008006520                __sinit
 .text.__sread  0x0000000008006550       0x22 /home/yul/toolchain/arm-gnu-toolchain-12.2.rel1-x86_64-arm-none-eabi/bin/../lib/gcc/arm-none-eabi/12.2.1/../../../../arm-none-eabi/lib/thumb/v8-m.main+fp/hard/libc_nano.a(libc_a-stdio.o)
                0x0000000008006550                __sread
 .text.__swrite
                0x0000000008006572       0x38 /home/yul/toolchain/arm-gnu-toolchain-12.2.rel1-x86_64-arm-none-eabi/bin/../lib/gcc/arm-none-eabi/12.2.1/../../../../arm-none-eabi/lib/thumb/v8-m.main+fp/hard/libc_nano.a(libc_a-stdio.o)
                0x0000000008006572                __swrite
 .text.__sseek  0x00000000080065aa       0x24 /home/yul/toolchain/arm-gnu-toolchain-12.2.rel1-x86_64-arm-none-eabi/bin/../lib/gcc/arm-none-eabi/12.2.1/../../../../arm-none-eabi/lib/thumb/v8-m.main+fp/hard/libc_nano.a(libc_a-stdio.o)
                0x00000000080065aa                __sseek
 .text.__sclose
                0x00000000080065ce        0x8 /home/yul/toolchain/arm-gnu-toolchain-12.2.rel1-x86_64-arm-none-eabi/bin/../lib/gcc/arm-none-eabi/12.2.1/../../../../arm-none-eabi/lib/thumb/v8-m.main+fp/hard/libc_nano.a(libc_a-stdio.o)
                0x00000000080065ce                __sclose
 *fill*         0x00000000080065d6        0x2 
 .text._write_r
                0x00000000080065d8       0x24 /home/yul/toolchain/arm-gnu-toolchain-12.2.rel1-x86_64-arm-none-eabi/bin/../lib/gcc/arm-none-eabi/12.2.1/../../../../arm-none-eabi/lib/thumb/v8-m.main+fp/hard/libc_nano.a(libc_a-writer.o)
                0x00000000080065d8                _write_r
 .text._fwalk_sglue
                0x00000000080065fc       0x3c /home/yul/toolchain/arm-gnu-toolchain-12.2.rel1-x86_64-arm-none-eabi/bin/../lib/gcc/arm-none-eabi/12.2.1/../../../../arm-none-eabi/lib/thumb/v8-m.main+fp/hard/libc_nano.a(libc_a-fwalk.o)
                0x00000000080065fc                _fwalk_sglue
 .text.memset   0x0000000008006638       0x10 /home/yul/toolchain/arm-gnu-toolchain-12.2.rel1-x86_64-arm-none-eabi/bin/../lib/gcc/arm-none-eabi/12.2.1/../../../../arm-none-eabi/lib/thumb/v8-m.main+fp/hard/libc_nano.a(libc_a-memset.o)
                0x0000000008006638                memset
 .text._free_r  0x0000000008006648       0x94 /home/yul/toolchain/arm-gnu-toolchain-12.2.rel1-x86_64-arm-none-eabi/bin/../lib/gcc/arm-none-eabi/12.2.1/../../../../arm-none-eabi/lib/thumb/v8-m.main+fp/hard/libc_nano.a(libc_a-freer.o)
                0x0000000008006648                _free_r
 .text.__retarget_lock_init_recursive
                0x00000000080066dc        0x2 /home/yul/toolchain/arm-gnu-toolchain-12.2.rel1-x86_64-arm-none-eabi/bin/../lib/gcc/arm-none-eabi/12.2.1/../../../../arm-none-eabi/lib/thumb/v8-m.main+fp/hard/libc_nano.a(libc_a-lock.o)
                0x00000000080066dc                __retarget_lock_init_recursive
 .text.__retarget_lock_acquire_recursive
                0x00000000080066de        0x2 /home/yul/toolchain/arm-gnu-toolchain-12.2.rel1-x86_64-arm-none-eabi/bin/../lib/gcc/arm-none-eabi/12.2.1/../../../../arm-none-eabi/lib/thumb/v8-m.main+fp/hard/libc_nano.a(libc_a-lock.o)
                0x00000000080066de                __retarget_lock_acquire_recursive
 .text.__retarget_lock_release_recursive
                0x00000000080066e0        0x2 /home/yul/toolchain/arm-gnu-toolchain-12.2.rel1-x86_64-arm-none-eabi/bin/../lib/gcc/arm-none-eabi/12.2.1/../../../../arm-none-eabi/lib/thumb/v8-m.main+fp/hard/libc_nano.a(libc_a-lock.o)
                0x00000000080066e0                __retarget_lock_release_recursive
 .text.__swhatbuf_r
                0x00000000080066e2       0x4a /home/yul/toolchain/arm-gnu-toolchain-12.2.rel1-x86_64-arm-none-eabi/bin/../lib/gcc/arm-none-eabi/12.2.1/../../../../arm-none-eabi/lib/thumb/v8-m.main+fp/hard/libc_nano.a(libc_a-makebuf.o)
                0x00000000080066e2                __swhatbuf_r
 .text.__smakebuf_r
                0x000000000800672c       0x78 /home/yul/toolchain/arm-gnu-toolchain-12.2.rel1-x86_64-arm-none-eabi/bin/../lib/gcc/arm-none-eabi/12.2.1/../../../../arm-none-eabi/lib/thumb/v8-m.main+fp/hard/libc_nano.a(libc_a-makebuf.o)
                0x000000000800672c                __smakebuf_r
 .text._putc_r  0x00000000080067a4       0x68 /home/yul/toolchain/arm-gnu-toolchain-12.2.rel1-x86_64-arm-none-eabi/bin/../lib/gcc/arm-none-eabi/12.2.1/../../../../arm-none-eabi/lib/thumb/v8-m.main+fp/hard/libc_nano.a(libc_a-putc.o)
                0x00000000080067a4                _putc_r
 .text._close_r
                0x000000000800680c       0x20 /home/yul/toolchain/arm-gnu-toolchain-12.2.rel1-x86_64-arm-none-eabi/bin/../lib/gcc/arm-none-eabi/12.2.1/../../../../arm-none-eabi/lib/thumb/v8-m.main+fp/hard/libc_nano.a(libc_a-closer.o)
                0x000000000800680c                _close_r
 .text.sbrk_aligned
                0x000000000800682c       0x44 /home/yul/toolchain/arm-gnu-toolchain-12.2.rel1-x86_64-arm-none-eabi/bin/../lib/gcc/arm-none-eabi/12.2.1/../../../../arm-none-eabi/lib/thumb/v8-m.main+fp/hard/libc_nano.a(libc_a-mallocr.o)
 .text._malloc_r
                0x0000000008006870       0xf0 /home/yul/toolchain/arm-gnu-toolchain-12.2.rel1-x86_64-arm-none-eabi/bin/../lib/gcc/arm-none-eabi/12.2.1/../../../../arm-none-eabi/lib/thumb/v8-m.main+fp/hard/libc_nano.a(libc_a-mallocr.o)
                0x0000000008006870                _malloc_r
 .text._fstat_r
                0x0000000008006960       0x24 /home/yul/toolchain/arm-gnu-toolchain-12.2.rel1-x86_64-arm-none-eabi/bin/../lib/gcc/arm-none-eabi/12.2.1/../../../../arm-none-eabi/lib/thumb/v8-m.main+fp/hard/libc_nano.a(libc_a-fstatr.o)
                0x0000000008006960                _fstat_r
 .text._isatty_r
                0x0000000008006984       0x20 /home/yul/toolchain/arm-gnu-toolchain-12.2.rel1-x86_64-arm-none-eabi/bin/../lib/gcc/arm-none-eabi/12.2.1/../../../../arm-none-eabi/lib/thumb/v8-m.main+fp/hard/libc_nano.a(libc_a-isattyr.o)
                0x0000000008006984                _isatty_r
 .text._lseek_r
                0x00000000080069a4       0x24 /home/yul/toolchain/arm-gnu-toolchain-12.2.rel1-x86_64-arm-none-eabi/bin/../lib/gcc/arm-none-eabi/12.2.1/../../../../arm-none-eabi/lib/thumb/v8-m.main+fp/hard/libc_nano.a(libc_a-lseekr.o)
                0x00000000080069a4                _lseek_r
 .text._read_r  0x00000000080069c8       0x24 /home/yul/toolchain/arm-gnu-toolchain-12.2.rel1-x86_64-arm-none-eabi/bin/../lib/gcc/arm-none-eabi/12.2.1/../../../../arm-none-eabi/lib/thumb/v8-m.main+fp/hard/libc_nano.a(libc_a-readr.o)
                0x00000000080069c8                _read_r
 .text.__malloc_lock
                0x00000000080069ec        0xc /home/yul/toolchain/arm-gnu-toolchain-12.2.rel1-x86_64-arm-none-eabi/bin/../lib/gcc/arm-none-eabi/12.2.1/../../../../arm-none-eabi/lib/thumb/v8-m.main+fp/hard/libc_nano.a(libc_a-mlock.o)
                0x00000000080069ec                __malloc_lock
 .text.__malloc_unlock
                0x00000000080069f8        0xc /home/yul/toolchain/arm-gnu-toolchain-12.2.rel1-x86_64-arm-none-eabi/bin/../lib/gcc/arm-none-eabi/12.2.1/../../../../arm-none-eabi/lib/thumb/v8-m.main+fp/hard/libc_nano.a(libc_a-mlock.o)
                0x00000000080069f8                __malloc_unlock
 .text._sbrk_r  0x0000000008006a04       0x20 /home/yul/toolchain/arm-gnu-toolchain-12.2.rel1-x86_64-arm-none-eabi/bin/../lib/gcc/arm-none-eabi/12.2.1/../../../../arm-none-eabi/lib/thumb/v8-m.main+fp/hard/libc_nano.a(libc_a-sbrkr.o)
                0x0000000008006a04                _sbrk_r
 .text._close   0x0000000008006a24       0x10 /home/yul/toolchain/arm-gnu-toolchain-12.2.rel1-x86_64-arm-none-eabi/bin/../lib/gcc/arm-none-eabi/12.2.1/../../../../arm-none-eabi/lib/thumb/v8-m.main+fp/hard/libnosys.a(close.o)
                0x0000000008006a24                _close
 .text._fstat   0x0000000008006a34       0x10 /home/yul/toolchain/arm-gnu-toolchain-12.2.rel1-x86_64-arm-none-eabi/bin/../lib/gcc/arm-none-eabi/12.2.1/../../../../arm-none-eabi/lib/thumb/v8-m.main+fp/hard/libnosys.a(fstat.o)
                0x0000000008006a34                _fstat
 .text._isatty  0x0000000008006a44       0x10 /home/yul/toolchain/arm-gnu-toolchain-12.2.rel1-x86_64-arm-none-eabi/bin/../lib/gcc/arm-none-eabi/12.2.1/../../../../arm-none-eabi/lib/thumb/v8-m.main+fp/hard/libnosys.a(isatty.o)
                0x0000000008006a44                _isatty
 .text._lseek   0x0000000008006a54       0x10 /home/yul/toolchain/arm-gnu-toolchain-12.2.rel1-x86_64-arm-none-eabi/bin/../lib/gcc/arm-none-eabi/12.2.1/../../../../arm-none-eabi/lib/thumb/v8-m.main+fp/hard/libnosys.a(lseek.o)
                0x0000000008006a54                _lseek
 .text._read    0x0000000008006a64       0x10 /home/yul/toolchain/arm-gnu-toolchain-12.2.rel1-x86_64-arm-none-eabi/bin/../lib/gcc/arm-none-eabi/12.2.1/../../../../arm-none-eabi/lib/thumb/v8-m.main+fp/hard/libnosys.a(read.o)
                0x0000000008006a64                _read
 .text._sbrk    0x0000000008006a74       0x20 /home/yul/toolchain/arm-gnu-toolchain-12.2.rel1-x86_64-arm-none-eabi/bin/../lib/gcc/arm-none-eabi/12.2.1/../../../../arm-none-eabi/lib/thumb/v8-m.main+fp/hard/libnosys.a(sbrk.o)
                0x0000000008006a74                _sbrk
 *(.glue_7)
 .glue_7        0x0000000008006a94        0x0 linker stubs
 *(.glue_7t)
 .glue_7t       0x0000000008006a94        0x0 linker stubs
 *(.eh_frame)
 .eh_frame      0x0000000008006a94        0x0 /home/yul/toolchain/arm-gnu-toolchain-12.2.rel1-x86_64-arm-none-eabi/bin/../lib/gcc/arm-none-eabi/12.2.1/thumb/v8-m.main+fp/hard/crtbegin.o
 *(.init)
 .init          0x0000000008006a94        0x4 /home/yul/toolchain/arm-gnu-toolchain-12.2.rel1-x86_64-arm-none-eabi/bin/../lib/gcc/arm-none-eabi/12.2.1/thumb/v8-m.main+fp/hard/crti.o
                0x0000000008006a94                _init
 .init          0x0000000008006a98        0x8 /home/yul/toolchain/arm-gnu-toolchain-12.2.rel1-x86_64-arm-none-eabi/bin/../lib/gcc/arm-none-eabi/12.2.1/thumb/v8-m.main+fp/hard/crtn.o
 *(.fini)
 .fini          0x0000000008006aa0        0x4 /home/yul/toolchain/arm-gnu-toolchain-12.2.rel1-x86_64-arm-none-eabi/bin/../lib/gcc/arm-none-eabi/12.2.1/thumb/v8-m.main+fp/hard/crti.o
                0x0000000008006aa0                _fini
 .fini          0x0000000008006aa4        0x8 /home/yul/toolchain/arm-gnu-toolchain-12.2.rel1-x86_64-arm-none-eabi/bin/../lib/gcc/arm-none-eabi/12.2.1/thumb/v8-m.main+fp/hard/crtn.o
                0x0000000008006ab0                . = ALIGN (0x8)
 *fill*         0x0000000008006aac        0x4 
                0x0000000008006ab0                _etext = .

.vfp11_veneer   0x0000000008006ab0        0x0
 .vfp11_veneer  0x0000000008006ab0        0x0 linker stubs

.v4_bx          0x0000000008006ab0        0x0
 .v4_bx         0x0000000008006ab0        0x0 linker stubs

.iplt           0x0000000008006ab0        0x0
 .iplt          0x0000000008006ab0        0x0 /home/yul/toolchain/arm-gnu-toolchain-12.2.rel1-x86_64-arm-none-eabi/bin/../lib/gcc/arm-none-eabi/12.2.1/thumb/v8-m.main+fp/hard/crtbegin.o

.rodata         0x0000000008006ab0      0x150
                0x0000000008006ab0                . = ALIGN (0x8)
 *(.rodata)
 *(.rodata*)
 .rodata.main.str1.4
                0x0000000008006ab0       0x1a build/main.o
 *fill*         0x0000000008006aca        0x2 
 .rodata.i2c_handler.str1.4
                0x0000000008006acc       0x47 build/shell.o
 *fill*         0x0000000008006b13        0x1 
 .rodata.shell_process_cmd.str1.4
                0x0000000008006b14       0x14 build/shell.o
 .rodata.shell_start.str1.4
                0x0000000008006b28        0x9 build/shell.o
                                          0xe (size before relaxing)
 *fill*         0x0000000008006b31        0x3 
 .rodata.USBD_CDC_ProductStrDescriptor.str1.4
                0x0000000008006b34       0x16 build/usbd_desc.o
 *fill*         0x0000000008006b4a        0x2 
 .rodata.USBD_CDC_ManufacturerStrDescriptor.str1.4
                0x0000000008006b4c       0x13 build/usbd_desc.o
 *fill*         0x0000000008006b5f        0x1 
 .rodata.USBD_CDC_ConfigStrDescriptor.str1.4
                0x0000000008006b60        0xb build/usbd_desc.o
 *fill*         0x0000000008006b6b        0x1 
 .rodata.USBD_CDC_InterfaceStrDescriptor.str1.4
                0x0000000008006b6c        0xe build/usbd_desc.o
 *fill*         0x0000000008006b7a        0x2 
 .rodata.MSIRangeTable
                0x0000000008006b7c       0x40 build/system_stm32l5xx.o
                0x0000000008006b7c                MSIRangeTable
 .rodata.AHBPrescTable
                0x0000000008006bbc       0x10 build/system_stm32l5xx.o
                0x0000000008006bbc                AHBPrescTable
 .rodata._vfprintf_r.str1.1
                0x0000000008006bcc       0x11 /home/yul/toolchain/arm-gnu-toolchain-12.2.rel1-x86_64-arm-none-eabi/bin/../lib/gcc/arm-none-eabi/12.2.1/../../../../arm-none-eabi/lib/thumb/v8-m.main+fp/hard/libc_nano.a(libc_a-nano-vfprintf.o)
 .rodata._printf_i.str1.1
                0x0000000008006bdd       0x22 /home/yul/toolchain/arm-gnu-toolchain-12.2.rel1-x86_64-arm-none-eabi/bin/../lib/gcc/arm-none-eabi/12.2.1/../../../../arm-none-eabi/lib/thumb/v8-m.main+fp/hard/libc_nano.a(libc_a-nano-vfprintf_i.o)
                0x0000000008006c00                . = ALIGN (0x8)
 *fill*         0x0000000008006bff        0x1 

.rel.dyn        0x0000000008006c00        0x0
 .rel.iplt      0x0000000008006c00        0x0 /home/yul/toolchain/arm-gnu-toolchain-12.2.rel1-x86_64-arm-none-eabi/bin/../lib/gcc/arm-none-eabi/12.2.1/thumb/v8-m.main+fp/hard/crtbegin.o

.ARM.extab      0x0000000008006c00        0x0
                0x0000000008006c00                . = ALIGN (0x8)
 *(.ARM.extab* .gnu.linkonce.armextab.*)
                0x0000000008006c00                . = ALIGN (0x8)

.ARM            0x0000000008006c00        0x0
                0x0000000008006c00                . = ALIGN (0x8)
                0x0000000008006c00                __exidx_start = .
 *(.ARM.exidx*)
                0x0000000008006c00                __exidx_end = .
                0x0000000008006c00                . = ALIGN (0x8)

.preinit_array  0x0000000008006c00        0x0
                0x0000000008006c00                . = ALIGN (0x8)
                0x0000000008006c00                PROVIDE (__preinit_array_start = .)
 *(.preinit_array*)
                0x0000000008006c00                PROVIDE (__preinit_array_end = .)
                0x0000000008006c00                . = ALIGN (0x8)

.init_array     0x0000000008006c00        0x8
                0x0000000008006c00                . = ALIGN (0x8)
                0x0000000008006c00                PROVIDE (__init_array_start = .)
 *(SORT_BY_NAME(.init_array.*))
 *(.init_array*)
 .init_array    0x0000000008006c00        0x4 /home/yul/toolchain/arm-gnu-toolchain-12.2.rel1-x86_64-arm-none-eabi/bin/../lib/gcc/arm-none-eabi/12.2.1/thumb/v8-m.main+fp/hard/crtbegin.o
                0x0000000008006c04                PROVIDE (__init_array_end = .)
                0x0000000008006c08                . = ALIGN (0x8)
 *fill*         0x0000000008006c04        0x4 

.fini_array     0x0000000008006c08        0x8
                0x0000000008006c08                . = ALIGN (0x8)
                [!provide]                        PROVIDE (__fini_array_start = .)
 *(SORT_BY_NAME(.fini_array.*))
 *(.fini_array*)
 .fini_array    0x0000000008006c08        0x4 /home/yul/toolchain/arm-gnu-toolchain-12.2.rel1-x86_64-arm-none-eabi/bin/../lib/gcc/arm-none-eabi/12.2.1/thumb/v8-m.main+fp/hard/crtbegin.o
                [!provide]                        PROVIDE (__fini_array_end = .)
                0x0000000008006c10                . = ALIGN (0x8)
 *fill*         0x0000000008006c0c        0x4 
                0x0000000008006c10                _sidata = LOADADDR (.data)

.data           0x0000000020000000      0x158 load address 0x0000000008006c10
                0x0000000020000000                . = ALIGN (0x8)
                0x0000000020000000                _sdata = .
 *(.data)
 *(.data*)
 .data.USBD_StringSerial
                0x0000000020000000       0x1a build/usbd_desc.o
                0x0000000020000000                USBD_StringSerial
 *fill*         0x000000002000001a        0x2 
 .data.USBD_LangIDDesc
                0x000000002000001c        0x4 build/usbd_desc.o
                0x000000002000001c                USBD_LangIDDesc
 .data.USBD_CDC_DeviceDesc
                0x0000000020000020       0x12 build/usbd_desc.o
                0x0000000020000020                USBD_CDC_DeviceDesc
 *fill*         0x0000000020000032        0x2 
 .data.CDC_Desc
                0x0000000020000034       0x20 build/usbd_desc.o
                0x0000000020000034                CDC_Desc
 .data.USBD_Interface_fops_FS
                0x0000000020000054       0x14 build/usbd_cdc_if.o
                0x0000000020000054                USBD_Interface_fops_FS
 .data.uwTickFreq
                0x0000000020000068        0x1 build/stm32l5xx_hal.o
                0x0000000020000068                uwTickFreq
 *fill*         0x0000000020000069        0x3 
 .data.uwTickPrio
                0x000000002000006c        0x4 build/stm32l5xx_hal.o
                0x000000002000006c                uwTickPrio
 .data.SystemCoreClock
                0x0000000020000070        0x4 build/system_stm32l5xx.o
                0x0000000020000070                SystemCoreClock
 .data.USBD_CDC_CfgDesc
                0x0000000020000074       0x43 build/usbd_cdc.o
 *fill*         0x00000000200000b7        0x1 
 .data.USBD_CDC
                0x00000000200000b8       0x38 build/usbd_cdc.o
                0x00000000200000b8                USBD_CDC
 .data.USBD_CDC_DeviceQualifierDesc
                0x00000000200000f0        0xa build/usbd_cdc.o
 *fill*         0x00000000200000fa        0x2 
 .data._impure_ptr
                0x00000000200000fc        0x4 /home/yul/toolchain/arm-gnu-toolchain-12.2.rel1-x86_64-arm-none-eabi/bin/../lib/gcc/arm-none-eabi/12.2.1/../../../../arm-none-eabi/lib/thumb/v8-m.main+fp/hard/libc_nano.a(libc_a-impure.o)
                0x00000000200000fc                _impure_ptr
 .data._impure_data
                0x0000000020000100       0x4c /home/yul/toolchain/arm-gnu-toolchain-12.2.rel1-x86_64-arm-none-eabi/bin/../lib/gcc/arm-none-eabi/12.2.1/../../../../arm-none-eabi/lib/thumb/v8-m.main+fp/hard/libc_nano.a(libc_a-impure.o)
                0x0000000020000100                _impure_data
 .data.__sglue  0x000000002000014c        0xc /home/yul/toolchain/arm-gnu-toolchain-12.2.rel1-x86_64-arm-none-eabi/bin/../lib/gcc/arm-none-eabi/12.2.1/../../../../arm-none-eabi/lib/thumb/v8-m.main+fp/hard/libc_nano.a(libc_a-findfp.o)
                0x000000002000014c                __sglue
                0x0000000020000158                . = ALIGN (0x8)
                0x0000000020000158                _edata = .

.tm_clone_table
                0x0000000020000158        0x0 load address 0x0000000008006d68
 .tm_clone_table
                0x0000000020000158        0x0 /home/yul/toolchain/arm-gnu-toolchain-12.2.rel1-x86_64-arm-none-eabi/bin/../lib/gcc/arm-none-eabi/12.2.1/thumb/v8-m.main+fp/hard/crtbegin.o
 .tm_clone_table
                0x0000000020000158        0x0 /home/yul/toolchain/arm-gnu-toolchain-12.2.rel1-x86_64-arm-none-eabi/bin/../lib/gcc/arm-none-eabi/12.2.1/thumb/v8-m.main+fp/hard/crtend.o

.igot.plt       0x0000000020000158        0x0 load address 0x0000000008006d68
 .igot.plt      0x0000000020000158        0x0 /home/yul/toolchain/arm-gnu-toolchain-12.2.rel1-x86_64-arm-none-eabi/bin/../lib/gcc/arm-none-eabi/12.2.1/thumb/v8-m.main+fp/hard/crtbegin.o
                0x0000000020000158                . = ALIGN (0x8)

.bss            0x0000000020000158     0x1c18 load address 0x0000000008006d68
                0x0000000020000158                _sbss = .
                0x0000000020000158                __bss_start__ = _sbss
 *(.bss)
 *(.bss*)
 .bss.completed.1
                0x0000000020000158        0x1 /home/yul/toolchain/arm-gnu-toolchain-12.2.rel1-x86_64-arm-none-eabi/bin/../lib/gcc/arm-none-eabi/12.2.1/thumb/v8-m.main+fp/hard/crtbegin.o
 *fill*         0x0000000020000159        0x3 
 .bss.object.0  0x000000002000015c       0x18 /home/yul/toolchain/arm-gnu-toolchain-12.2.rel1-x86_64-arm-none-eabi/bin/../lib/gcc/arm-none-eabi/12.2.1/thumb/v8-m.main+fp/hard/crtbegin.o
 .bss.rc.0      0x0000000020000174        0x1 build/main.o
 *fill*         0x0000000020000175        0x3 
 .bss.hi2c2     0x0000000020000178       0x54 build/main.o
                0x0000000020000178                hi2c2
 .bss.hi2c1     0x00000000200001cc       0x54 build/main.o
                0x00000000200001cc                hi2c1
 .bss.mem.0     0x0000000020000220      0x220 build/usbd_conf.o
 .bss.hpcd_USB_FS
                0x0000000020000440      0x2f4 build/usbd_conf.o
                0x0000000020000440                hpcd_USB_FS
 .bss.hUsbDeviceFS
                0x0000000020000734      0x2dc build/usb_device.o
                0x0000000020000734                hUsbDeviceFS
 .bss.USBD_StrDesc
                0x0000000020000a10      0x200 build/usbd_desc.o
                0x0000000020000a10                USBD_StrDesc
 .bss.UserTxBufferFS
                0x0000000020000c10      0x800 build/usbd_cdc_if.o
                0x0000000020000c10                UserTxBufferFS
 .bss.UserRxLength
                0x0000000020001410        0x1 build/usbd_cdc_if.o
 *fill*         0x0000000020001411        0x3 
 .bss.UserRxBufferFS
                0x0000000020001414      0x800 build/usbd_cdc_if.o
                0x0000000020001414                UserRxBufferFS
 .bss.uwTick    0x0000000020001c14        0x4 build/stm32l5xx_hal.o
                0x0000000020001c14                uwTick
 .bss.cfgidx.0  0x0000000020001c18        0x1 build/usbd_ctlreq.o
 *fill*         0x0000000020001c19        0x3 
 .bss.__sf      0x0000000020001c1c      0x138 /home/yul/toolchain/arm-gnu-toolchain-12.2.rel1-x86_64-arm-none-eabi/bin/../lib/gcc/arm-none-eabi/12.2.1/../../../../arm-none-eabi/lib/thumb/v8-m.main+fp/hard/libc_nano.a(libc_a-findfp.o)
                0x0000000020001c1c                __sf
 .bss.__stdio_exit_handler
                0x0000000020001d54        0x4 /home/yul/toolchain/arm-gnu-toolchain-12.2.rel1-x86_64-arm-none-eabi/bin/../lib/gcc/arm-none-eabi/12.2.1/../../../../arm-none-eabi/lib/thumb/v8-m.main+fp/hard/libc_nano.a(libc_a-findfp.o)
                0x0000000020001d54                __stdio_exit_handler
 .bss.__lock___malloc_recursive_mutex
                0x0000000020001d58        0x1 /home/yul/toolchain/arm-gnu-toolchain-12.2.rel1-x86_64-arm-none-eabi/bin/../lib/gcc/arm-none-eabi/12.2.1/../../../../arm-none-eabi/lib/thumb/v8-m.main+fp/hard/libc_nano.a(libc_a-lock.o)
                0x0000000020001d58                __lock___malloc_recursive_mutex
 .bss.__lock___sfp_recursive_mutex
                0x0000000020001d59        0x1 /home/yul/toolchain/arm-gnu-toolchain-12.2.rel1-x86_64-arm-none-eabi/bin/../lib/gcc/arm-none-eabi/12.2.1/../../../../arm-none-eabi/lib/thumb/v8-m.main+fp/hard/libc_nano.a(libc_a-lock.o)
                0x0000000020001d59                __lock___sfp_recursive_mutex
 *fill*         0x0000000020001d5a        0x2 
 .bss.errno     0x0000000020001d5c        0x4 /home/yul/toolchain/arm-gnu-toolchain-12.2.rel1-x86_64-arm-none-eabi/bin/../lib/gcc/arm-none-eabi/12.2.1/../../../../arm-none-eabi/lib/thumb/v8-m.main+fp/hard/libc_nano.a(libc_a-reent.o)
                0x0000000020001d5c                errno
 .bss.__malloc_sbrk_start
                0x0000000020001d60        0x4 /home/yul/toolchain/arm-gnu-toolchain-12.2.rel1-x86_64-arm-none-eabi/bin/../lib/gcc/arm-none-eabi/12.2.1/../../../../arm-none-eabi/lib/thumb/v8-m.main+fp/hard/libc_nano.a(libc_a-mallocr.o)
                0x0000000020001d60                __malloc_sbrk_start
 .bss.__malloc_free_list
                0x0000000020001d64        0x4 /home/yul/toolchain/arm-gnu-toolchain-12.2.rel1-x86_64-arm-none-eabi/bin/../lib/gcc/arm-none-eabi/12.2.1/../../../../arm-none-eabi/lib/thumb/v8-m.main+fp/hard/libc_nano.a(libc_a-mallocr.o)
                0x0000000020001d64                __malloc_free_list
 .bss.heap_end.0
                0x0000000020001d68        0x4 /home/yul/toolchain/arm-gnu-toolchain-12.2.rel1-x86_64-arm-none-eabi/bin/../lib/gcc/arm-none-eabi/12.2.1/../../../../arm-none-eabi/lib/thumb/v8-m.main+fp/hard/libnosys.a(sbrk.o)
 *(COMMON)
                0x0000000020001d70                . = ALIGN (0x8)
 *fill*         0x0000000020001d6c        0x4 
                0x0000000020001d70                _ebss = .
                0x0000000020001d70                __bss_end__ = _ebss

._user_heap_stack
                0x0000000020001d70     0x4200 load address 0x0000000008006d68
                0x0000000020001d70                . = ALIGN (0x8)
                0x0000000020001d70                PROVIDE (end = .)
                [!provide]                        PROVIDE (_end = .)
                0x0000000020001f70                . = (. + _Min_Heap_Size)
 *fill*         0x0000000020001d70      0x200 
                0x0000000020005f70                . = (. + _Min_Stack_Size)
 *fill*         0x0000000020001f70     0x4000 
                0x0000000020005f70                . = ALIGN (0x8)

/DISCARD/
 libc.a(*)
 libm.a(*)
 libgcc.a(*)

.ARM.attributes
                0x0000000000000000       0x36
 *(.ARM.attributes)
 .ARM.attributes
                0x0000000000000000       0x26 /home/yul/toolchain/arm-gnu-toolchain-12.2.rel1-x86_64-arm-none-eabi/bin/../lib/gcc/arm-none-eabi/12.2.1/thumb/v8-m.main+fp/hard/crti.o
 .ARM.attributes
                0x0000000000000026       0x38 /home/yul/toolchain/arm-gnu-toolchain-12.2.rel1-x86_64-arm-none-eabi/bin/../lib/gcc/arm-none-eabi/12.2.1/thumb/v8-m.main+fp/hard/crtbegin.o
 .ARM.attributes
                0x000000000000005e       0x3a build/main.o
 .ARM.attributes
                0x0000000000000098       0x3a build/shell.o
 .ARM.attributes
                0x00000000000000d2       0x3a build/stm32l5xx_it.o
 .ARM.attributes
                0x000000000000010c       0x3a build/stm32l5xx_hal_msp.o
 .ARM.attributes
                0x0000000000000146       0x3a build/usbd_conf.o
 .ARM.attributes
                0x0000000000000180       0x3a build/usb_device.o
 .ARM.attributes
                0x00000000000001ba       0x3a build/usbd_desc.o
 .ARM.attributes
                0x00000000000001f4       0x3a build/usbd_cdc_if.o
 .ARM.attributes
                0x000000000000022e       0x3a build/stm32l5xx_hal_pcd.o
 .ARM.attributes
                0x0000000000000268       0x3a build/stm32l5xx_hal_pcd_ex.o
 .ARM.attributes
                0x00000000000002a2       0x3a build/stm32l5xx_ll_usb.o
 .ARM.attributes
                0x00000000000002dc       0x3a build/stm32l5xx_hal.o
 .ARM.attributes
                0x0000000000000316       0x3a build/stm32l5xx_hal_i2c.o
 .ARM.attributes
                0x0000000000000350       0x3a build/stm32l5xx_hal_i2c_ex.o
 .ARM.attributes
                0x000000000000038a       0x3a build/stm32l5xx_hal_rcc.o
 .ARM.attributes
                0x00000000000003c4       0x3a build/stm32l5xx_hal_rcc_ex.o
 .ARM.attributes
                0x00000000000003fe       0x3a build/stm32l5xx_hal_gpio.o
 .ARM.attributes
                0x0000000000000438       0x3a build/stm32l5xx_hal_pwr_ex.o
 .ARM.attributes
                0x0000000000000472       0x3a build/stm32l5xx_hal_cortex.o
 .ARM.attributes
                0x00000000000004ac       0x3a build/stm32l5xx_hal_icache.o
 .ARM.attributes
                0x00000000000004e6       0x3a build/system_stm32l5xx.o
 .ARM.attributes
                0x0000000000000520       0x3a build/usbd_core.o
 .ARM.attributes
                0x000000000000055a       0x3a build/usbd_ctlreq.o
 .ARM.attributes
                0x0000000000000594       0x3a build/usbd_ioreq.o
 .ARM.attributes
                0x00000000000005ce       0x3a build/usbd_cdc.o
 .ARM.attributes
                0x0000000000000608       0x24 build/startup_stm32l562xx.o
 .ARM.attributes
                0x000000000000062c       0x38 /home/yul/toolchain/arm-gnu-toolchain-12.2.rel1-x86_64-arm-none-eabi/bin/../lib/gcc/arm-none-eabi/12.2.1/../../../../arm-none-eabi/lib/thumb/v8-m.main+fp/hard/libc_nano.a(libc_a-init.o)
 .ARM.attributes
                0x0000000000000664       0x24 /home/yul/toolchain/arm-gnu-toolchain-12.2.rel1-x86_64-arm-none-eabi/bin/../lib/gcc/arm-none-eabi/12.2.1/../../../../arm-none-eabi/lib/thumb/v8-m.main+fp/hard/libc_nano.a(libc_a-strcmp.o)
 .ARM.attributes
                0x0000000000000688       0x38 /home/yul/toolchain/arm-gnu-toolchain-12.2.rel1-x86_64-arm-none-eabi/bin/../lib/gcc/arm-none-eabi/12.2.1/../../../../arm-none-eabi/lib/thumb/v8-m.main+fp/hard/libc_nano.a(libc_a-printf.o)
 .ARM.attributes
                0x00000000000006c0       0x38 /home/yul/toolchain/arm-gnu-toolchain-12.2.rel1-x86_64-arm-none-eabi/bin/../lib/gcc/arm-none-eabi/12.2.1/../../../../arm-none-eabi/lib/thumb/v8-m.main+fp/hard/libc_nano.a(libc_a-nano-vfprintf.o)
 .ARM.attributes
                0x00000000000006f8       0x38 /home/yul/toolchain/arm-gnu-toolchain-12.2.rel1-x86_64-arm-none-eabi/bin/../lib/gcc/arm-none-eabi/12.2.1/../../../../arm-none-eabi/lib/thumb/v8-m.main+fp/hard/libc_nano.a(libc_a-wbuf.o)
 .ARM.attributes
                0x0000000000000730       0x38 /home/yul/toolchain/arm-gnu-toolchain-12.2.rel1-x86_64-arm-none-eabi/bin/../lib/gcc/arm-none-eabi/12.2.1/../../../../arm-none-eabi/lib/thumb/v8-m.main+fp/hard/libc_nano.a(libc_a-wsetup.o)
 .ARM.attributes
                0x0000000000000768       0x38 /home/yul/toolchain/arm-gnu-toolchain-12.2.rel1-x86_64-arm-none-eabi/bin/../lib/gcc/arm-none-eabi/12.2.1/../../../../arm-none-eabi/lib/thumb/v8-m.main+fp/hard/libc_nano.a(libc_a-putchar.o)
 .ARM.attributes
                0x00000000000007a0       0x38 /home/yul/toolchain/arm-gnu-toolchain-12.2.rel1-x86_64-arm-none-eabi/bin/../lib/gcc/arm-none-eabi/12.2.1/../../../../arm-none-eabi/lib/thumb/v8-m.main+fp/hard/libc_nano.a(libc_a-nano-vfprintf_i.o)
 .ARM.attributes
                0x00000000000007d8       0x38 /home/yul/toolchain/arm-gnu-toolchain-12.2.rel1-x86_64-arm-none-eabi/bin/../lib/gcc/arm-none-eabi/12.2.1/../../../../arm-none-eabi/lib/thumb/v8-m.main+fp/hard/libc_nano.a(libc_a-puts.o)
 .ARM.attributes
                0x0000000000000810       0x38 /home/yul/toolchain/arm-gnu-toolchain-12.2.rel1-x86_64-arm-none-eabi/bin/../lib/gcc/arm-none-eabi/12.2.1/../../../../arm-none-eabi/lib/thumb/v8-m.main+fp/hard/libc_nano.a(libc_a-impure.o)
 .ARM.attributes
                0x0000000000000848       0x38 /home/yul/toolchain/arm-gnu-toolchain-12.2.rel1-x86_64-arm-none-eabi/bin/../lib/gcc/arm-none-eabi/12.2.1/../../../../arm-none-eabi/lib/thumb/v8-m.main+fp/hard/libc_nano.a(libc_a-fflush.o)
 .ARM.attributes
                0x0000000000000880       0x38 /home/yul/toolchain/arm-gnu-toolchain-12.2.rel1-x86_64-arm-none-eabi/bin/../lib/gcc/arm-none-eabi/12.2.1/../../../../arm-none-eabi/lib/thumb/v8-m.main+fp/hard/libc_nano.a(libc_a-memchr-stub.o)
 .ARM.attributes
                0x00000000000008b8       0x38 /home/yul/toolchain/arm-gnu-toolchain-12.2.rel1-x86_64-arm-none-eabi/bin/../lib/gcc/arm-none-eabi/12.2.1/../../../../arm-none-eabi/lib/thumb/v8-m.main+fp/hard/libc_nano.a(libc_a-memcpy-stub.o)
 .ARM.attributes
                0x00000000000008f0       0x38 /home/yul/toolchain/arm-gnu-toolchain-12.2.rel1-x86_64-arm-none-eabi/bin/../lib/gcc/arm-none-eabi/12.2.1/../../../../arm-none-eabi/lib/thumb/v8-m.main+fp/hard/libc_nano.a(libc_a-findfp.o)
 .ARM.attributes
                0x0000000000000928       0x38 /home/yul/toolchain/arm-gnu-toolchain-12.2.rel1-x86_64-arm-none-eabi/bin/../lib/gcc/arm-none-eabi/12.2.1/../../../../arm-none-eabi/lib/thumb/v8-m.main+fp/hard/libc_nano.a(libc_a-stdio.o)
 .ARM.attributes
                0x0000000000000960       0x38 /home/yul/toolchain/arm-gnu-toolchain-12.2.rel1-x86_64-arm-none-eabi/bin/../lib/gcc/arm-none-eabi/12.2.1/../../../../arm-none-eabi/lib/thumb/v8-m.main+fp/hard/libc_nano.a(libc_a-writer.o)
 .ARM.attributes
                0x0000000000000998       0x38 /home/yul/toolchain/arm-gnu-toolchain-12.2.rel1-x86_64-arm-none-eabi/bin/../lib/gcc/arm-none-eabi/12.2.1/../../../../arm-none-eabi/lib/thumb/v8-m.main+fp/hard/libc_nano.a(libc_a-fwalk.o)
 .ARM.attributes
                0x00000000000009d0       0x38 /home/yul/toolchain/arm-gnu-toolchain-12.2.rel1-x86_64-arm-none-eabi/bin/../lib/gcc/arm-none-eabi/12.2.1/../../../../arm-none-eabi/lib/thumb/v8-m.main+fp/hard/libc_nano.a(libc_a-memset.o)
 .ARM.attributes
                0x0000000000000a08       0x38 /home/yul/toolchain/arm-gnu-toolchain-12.2.rel1-x86_64-arm-none-eabi/bin/../lib/gcc/arm-none-eabi/12.2.1/../../../../arm-none-eabi/lib/thumb/v8-m.main+fp/hard/libc_nano.a(libc_a-freer.o)
 .ARM.attributes
                0x0000000000000a40       0x38 /home/yul/toolchain/arm-gnu-toolchain-12.2.rel1-x86_64-arm-none-eabi/bin/../lib/gcc/arm-none-eabi/12.2.1/../../../../arm-none-eabi/lib/thumb/v8-m.main+fp/hard/libc_nano.a(libc_a-lock.o)
 .ARM.attributes
                0x0000000000000a78       0x38 /home/yul/toolchain/arm-gnu-toolchain-12.2.rel1-x86_64-arm-none-eabi/bin/../lib/gcc/arm-none-eabi/12.2.1/../../../../arm-none-eabi/lib/thumb/v8-m.main+fp/hard/libc_nano.a(libc_a-makebuf.o)
 .ARM.attributes
                0x0000000000000ab0       0x38 /home/yul/toolchain/arm-gnu-toolchain-12.2.rel1-x86_64-arm-none-eabi/bin/../lib/gcc/arm-none-eabi/12.2.1/../../../../arm-none-eabi/lib/thumb/v8-m.main+fp/hard/libc_nano.a(libc_a-putc.o)
 .ARM.attributes
                0x0000000000000ae8       0x38 /home/yul/toolchain/arm-gnu-toolchain-12.2.rel1-x86_64-arm-none-eabi/bin/../lib/gcc/arm-none-eabi/12.2.1/../../../../arm-none-eabi/lib/thumb/v8-m.main+fp/hard/libc_nano.a(libc_a-closer.o)
 .ARM.attributes
                0x0000000000000b20       0x38 /home/yul/toolchain/arm-gnu-toolchain-12.2.rel1-x86_64-arm-none-eabi/bin/../lib/gcc/arm-none-eabi/12.2.1/../../../../arm-none-eabi/lib/thumb/v8-m.main+fp/hard/libc_nano.a(libc_a-reent.o)
 .ARM.attributes
                0x0000000000000b58       0x38 /home/yul/toolchain/arm-gnu-toolchain-12.2.rel1-x86_64-arm-none-eabi/bin/../lib/gcc/arm-none-eabi/12.2.1/../../../../arm-none-eabi/lib/thumb/v8-m.main+fp/hard/libc_nano.a(libc_a-mallocr.o)
 .ARM.attributes
                0x0000000000000b90       0x38 /home/yul/toolchain/arm-gnu-toolchain-12.2.rel1-x86_64-arm-none-eabi/bin/../lib/gcc/arm-none-eabi/12.2.1/../../../../arm-none-eabi/lib/thumb/v8-m.main+fp/hard/libc_nano.a(libc_a-fstatr.o)
 .ARM.attributes
                0x0000000000000bc8       0x38 /home/yul/toolchain/arm-gnu-toolchain-12.2.rel1-x86_64-arm-none-eabi/bin/../lib/gcc/arm-none-eabi/12.2.1/../../../../arm-none-eabi/lib/thumb/v8-m.main+fp/hard/libc_nano.a(libc_a-isattyr.o)
 .ARM.attributes
                0x0000000000000c00       0x38 /home/yul/toolchain/arm-gnu-toolchain-12.2.rel1-x86_64-arm-none-eabi/bin/../lib/gcc/arm-none-eabi/12.2.1/../../../../arm-none-eabi/lib/thumb/v8-m.main+fp/hard/libc_nano.a(libc_a-lseekr.o)
 .ARM.attributes
                0x0000000000000c38       0x38 /home/yul/toolchain/arm-gnu-toolchain-12.2.rel1-x86_64-arm-none-eabi/bin/../lib/gcc/arm-none-eabi/12.2.1/../../../../arm-none-eabi/lib/thumb/v8-m.main+fp/hard/libc_nano.a(libc_a-readr.o)
 .ARM.attributes
                0x0000000000000c70       0x38 /home/yul/toolchain/arm-gnu-toolchain-12.2.rel1-x86_64-arm-none-eabi/bin/../lib/gcc/arm-none-eabi/12.2.1/../../../../arm-none-eabi/lib/thumb/v8-m.main+fp/hard/libc_nano.a(libc_a-mlock.o)
 .ARM.attributes
                0x0000000000000ca8       0x38 /home/yul/toolchain/arm-gnu-toolchain-12.2.rel1-x86_64-arm-none-eabi/bin/../lib/gcc/arm-none-eabi/12.2.1/../../../../arm-none-eabi/lib/thumb/v8-m.main+fp/hard/libc_nano.a(libc_a-sbrkr.o)
 .ARM.attributes
                0x0000000000000ce0       0x38 /home/yul/toolchain/arm-gnu-toolchain-12.2.rel1-x86_64-arm-none-eabi/bin/../lib/gcc/arm-none-eabi/12.2.1/../../../../arm-none-eabi/lib/thumb/v8-m.main+fp/hard/libnosys.a(close.o)
 .ARM.attributes
                0x0000000000000d18       0x38 /home/yul/toolchain/arm-gnu-toolchain-12.2.rel1-x86_64-arm-none-eabi/bin/../lib/gcc/arm-none-eabi/12.2.1/../../../../arm-none-eabi/lib/thumb/v8-m.main+fp/hard/libnosys.a(fstat.o)
 .ARM.attributes
                0x0000000000000d50       0x38 /home/yul/toolchain/arm-gnu-toolchain-12.2.rel1-x86_64-arm-none-eabi/bin/../lib/gcc/arm-none-eabi/12.2.1/../../../../arm-none-eabi/lib/thumb/v8-m.main+fp/hard/libnosys.a(isatty.o)
 .ARM.attributes
                0x0000000000000d88       0x38 /home/yul/toolchain/arm-gnu-toolchain-12.2.rel1-x86_64-arm-none-eabi/bin/../lib/gcc/arm-none-eabi/12.2.1/../../../../arm-none-eabi/lib/thumb/v8-m.main+fp/hard/libnosys.a(lseek.o)
 .ARM.attributes
                0x0000000000000dc0       0x38 /home/yul/toolchain/arm-gnu-toolchain-12.2.rel1-x86_64-arm-none-eabi/bin/../lib/gcc/arm-none-eabi/12.2.1/../../../../arm-none-eabi/lib/thumb/v8-m.main+fp/hard/libnosys.a(read.o)
 .ARM.attributes
                0x0000000000000df8       0x38 /home/yul/toolchain/arm-gnu-toolchain-12.2.rel1-x86_64-arm-none-eabi/bin/../lib/gcc/arm-none-eabi/12.2.1/../../../../arm-none-eabi/lib/thumb/v8-m.main+fp/hard/libnosys.a(sbrk.o)
 .ARM.attributes
                0x0000000000000e30       0x38 /home/yul/toolchain/arm-gnu-toolchain-12.2.rel1-x86_64-arm-none-eabi/bin/../lib/gcc/arm-none-eabi/12.2.1/thumb/v8-m.main+fp/hard/crtend.o
 .ARM.attributes
                0x0000000000000e68       0x26 /home/yul/toolchain/arm-gnu-toolchain-12.2.rel1-x86_64-arm-none-eabi/bin/../lib/gcc/arm-none-eabi/12.2.1/thumb/v8-m.main+fp/hard/crtn.o
OUTPUT(build/debug_asus_falchion.elf elf32-littlearm)
LOAD linker stubs
LOAD /home/yul/toolchain/arm-gnu-toolchain-12.2.rel1-x86_64-arm-none-eabi/bin/../lib/gcc/arm-none-eabi/12.2.1/../../../../arm-none-eabi/lib/thumb/v8-m.main+fp/hard/libc.a
LOAD /home/yul/toolchain/arm-gnu-toolchain-12.2.rel1-x86_64-arm-none-eabi/bin/../lib/gcc/arm-none-eabi/12.2.1/../../../../arm-none-eabi/lib/thumb/v8-m.main+fp/hard/libm.a
LOAD /home/yul/toolchain/arm-gnu-toolchain-12.2.rel1-x86_64-arm-none-eabi/bin/../lib/gcc/arm-none-eabi/12.2.1/thumb/v8-m.main+fp/hard/libgcc.a

.debug_info     0x0000000000000000    0x1f7f1
 .debug_info    0x0000000000000000     0x1940 build/main.o
 .debug_info    0x0000000000001940     0x194d build/shell.o
 .debug_info    0x000000000000328d      0x774 build/stm32l5xx_it.o
 .debug_info    0x0000000000003a01     0x1782 build/stm32l5xx_hal_msp.o
 .debug_info    0x0000000000005183     0x2beb build/usbd_conf.o
 .debug_info    0x0000000000007d6e      0x8a4 build/usb_device.o
 .debug_info    0x0000000000008612      0x657 build/usbd_desc.o
 .debug_info    0x0000000000008c69      0xc1d build/usbd_cdc_if.o
 .debug_info    0x0000000000009886     0x1dbd build/stm32l5xx_hal_pcd.o
 .debug_info    0x000000000000b643      0xa9d build/stm32l5xx_hal_pcd_ex.o
 .debug_info    0x000000000000c0e0     0x1b43 build/stm32l5xx_ll_usb.o
 .debug_info    0x000000000000dc23      0xf8b build/stm32l5xx_hal.o
 .debug_info    0x000000000000ebae     0x45a2 build/stm32l5xx_hal_i2c.o
 .debug_info    0x0000000000013150      0xdf7 build/stm32l5xx_hal_i2c_ex.o
 .debug_info    0x0000000000013f47     0x154a build/stm32l5xx_hal_rcc.o
 .debug_info    0x0000000000015491     0x18fb build/stm32l5xx_hal_rcc_ex.o
 .debug_info    0x0000000000016d8c      0x728 build/stm32l5xx_hal_gpio.o
 .debug_info    0x00000000000174b4     0x109b build/stm32l5xx_hal_pwr_ex.o
 .debug_info    0x000000000001854f     0x1563 build/stm32l5xx_hal_cortex.o
 .debug_info    0x0000000000019ab2      0x6bf build/stm32l5xx_hal_icache.o
 .debug_info    0x000000000001a171      0x8fb build/system_stm32l5xx.o
 .debug_info    0x000000000001aa6c     0x144a build/usbd_core.o
 .debug_info    0x000000000001beb6     0x1599 build/usbd_ctlreq.o
 .debug_info    0x000000000001d44f      0x9c2 build/usbd_ioreq.o
 .debug_info    0x000000000001de11     0x19b0 build/usbd_cdc.o
 .debug_info    0x000000000001f7c1       0x30 build/startup_stm32l562xx.o

.debug_abbrev   0x0000000000000000     0x41ea
 .debug_abbrev  0x0000000000000000      0x331 build/main.o
 .debug_abbrev  0x0000000000000331      0x32f build/shell.o
 .debug_abbrev  0x0000000000000660      0x183 build/stm32l5xx_it.o
 .debug_abbrev  0x00000000000007e3      0x242 build/stm32l5xx_hal_msp.o
 .debug_abbrev  0x0000000000000a25      0x39d build/usbd_conf.o
 .debug_abbrev  0x0000000000000dc2      0x19c build/usb_device.o
 .debug_abbrev  0x0000000000000f5e      0x24b build/usbd_desc.o
 .debug_abbrev  0x00000000000011a9      0x32d build/usbd_cdc_if.o
 .debug_abbrev  0x00000000000014d6      0x300 build/stm32l5xx_hal_pcd.o
 .debug_abbrev  0x00000000000017d6      0x25a build/stm32l5xx_hal_pcd_ex.o
 .debug_abbrev  0x0000000000001a30      0x309 build/stm32l5xx_ll_usb.o
 .debug_abbrev  0x0000000000001d39      0x2e1 build/stm32l5xx_hal.o
 .debug_abbrev  0x000000000000201a      0x2dd build/stm32l5xx_hal_i2c.o
 .debug_abbrev  0x00000000000022f7      0x1c4 build/stm32l5xx_hal_i2c_ex.o
 .debug_abbrev  0x00000000000024bb      0x301 build/stm32l5xx_hal_rcc.o
 .debug_abbrev  0x00000000000027bc      0x2ed build/stm32l5xx_hal_rcc_ex.o
 .debug_abbrev  0x0000000000002aa9      0x221 build/stm32l5xx_hal_gpio.o
 .debug_abbrev  0x0000000000002cca      0x2c7 build/stm32l5xx_hal_pwr_ex.o
 .debug_abbrev  0x0000000000002f91      0x3da build/stm32l5xx_hal_cortex.o
 .debug_abbrev  0x000000000000336b      0x24d build/stm32l5xx_hal_icache.o
 .debug_abbrev  0x00000000000035b8      0x11b build/system_stm32l5xx.o
 .debug_abbrev  0x00000000000036d3      0x2ec build/usbd_core.o
 .debug_abbrev  0x00000000000039bf      0x359 build/usbd_ctlreq.o
 .debug_abbrev  0x0000000000003d18      0x195 build/usbd_ioreq.o
 .debug_abbrev  0x0000000000003ead      0x320 build/usbd_cdc.o
 .debug_abbrev  0x00000000000041cd       0x1d build/startup_stm32l562xx.o

.debug_loc      0x0000000000000000    0x13dc1
 .debug_loc     0x0000000000000000      0x187 build/main.o
 .debug_loc     0x0000000000000187      0x3d2 build/shell.o
 .debug_loc     0x0000000000000559       0x40 build/stm32l5xx_it.o
 .debug_loc     0x0000000000000599      0x240 build/stm32l5xx_hal_msp.o
 .debug_loc     0x00000000000007d9     0x1084 build/usbd_conf.o
 .debug_loc     0x000000000000185d       0x20 build/usb_device.o
 .debug_loc     0x000000000000187d      0x47b build/usbd_desc.o
 .debug_loc     0x0000000000001cf8      0x2a1 build/usbd_cdc_if.o
 .debug_loc     0x0000000000001f99     0x17e2 build/stm32l5xx_hal_pcd.o
 .debug_loc     0x000000000000377b      0x2b2 build/stm32l5xx_hal_pcd_ex.o
 .debug_loc     0x0000000000003a2d     0x1920 build/stm32l5xx_ll_usb.o
 .debug_loc     0x000000000000534d      0x3af build/stm32l5xx_hal.o
 .debug_loc     0x00000000000056fc     0x5888 build/stm32l5xx_hal_i2c.o
 .debug_loc     0x000000000000af84      0x237 build/stm32l5xx_hal_i2c_ex.o
 .debug_loc     0x000000000000b1bb      0xcd8 build/stm32l5xx_hal_rcc.o
 .debug_loc     0x000000000000be93     0x278c build/stm32l5xx_hal_rcc_ex.o
 .debug_loc     0x000000000000e61f      0x432 build/stm32l5xx_hal_gpio.o
 .debug_loc     0x000000000000ea51      0x9fe build/stm32l5xx_hal_pwr_ex.o
 .debug_loc     0x000000000000f44f      0x913 build/stm32l5xx_hal_cortex.o
 .debug_loc     0x000000000000fd62      0x522 build/stm32l5xx_hal_icache.o
 .debug_loc     0x0000000000010284      0x127 build/system_stm32l5xx.o
 .debug_loc     0x00000000000103ab     0x102a build/usbd_core.o
 .debug_loc     0x00000000000113d5     0x1a78 build/usbd_ctlreq.o
 .debug_loc     0x0000000000012e4d      0x398 build/usbd_ioreq.o
 .debug_loc     0x00000000000131e5      0xbdc build/usbd_cdc.o

.debug_aranges  0x0000000000000000     0x11a0
 .debug_aranges
                0x0000000000000000       0x58 build/main.o
 .debug_aranges
                0x0000000000000058       0x48 build/shell.o
 .debug_aranges
                0x00000000000000a0       0x68 build/stm32l5xx_it.o
 .debug_aranges
                0x0000000000000108       0x40 build/stm32l5xx_hal_msp.o
 .debug_aranges
                0x0000000000000148      0x120 build/usbd_conf.o
 .debug_aranges
                0x0000000000000268       0x20 build/usb_device.o
 .debug_aranges
                0x0000000000000288       0x60 build/usbd_desc.o
 .debug_aranges
                0x00000000000002e8       0x50 build/usbd_cdc_if.o
 .debug_aranges
                0x0000000000000338      0x138 build/stm32l5xx_hal_pcd.o
 .debug_aranges
                0x0000000000000470       0x58 build/stm32l5xx_hal_pcd_ex.o
 .debug_aranges
                0x00000000000004c8       0xb8 build/stm32l5xx_ll_usb.o
 .debug_aranges
                0x0000000000000580      0x130 build/stm32l5xx_hal.o
 .debug_aranges
                0x00000000000006b0      0x2a0 build/stm32l5xx_hal_i2c.o
 .debug_aranges
                0x0000000000000950       0x48 build/stm32l5xx_hal_i2c_ex.o
 .debug_aranges
                0x0000000000000998       0xa8 build/stm32l5xx_hal_rcc.o
 .debug_aranges
                0x0000000000000a40      0x118 build/stm32l5xx_hal_rcc_ex.o
 .debug_aranges
                0x0000000000000b58       0x60 build/stm32l5xx_hal_gpio.o
 .debug_aranges
                0x0000000000000bb8      0x1b8 build/stm32l5xx_hal_pwr_ex.o
 .debug_aranges
                0x0000000000000d70       0xf8 build/stm32l5xx_hal_cortex.o
 .debug_aranges
                0x0000000000000e68       0xa8 build/stm32l5xx_hal_icache.o
 .debug_aranges
                0x0000000000000f10       0x28 build/system_stm32l5xx.o
 .debug_aranges
                0x0000000000000f38       0xd8 build/usbd_core.o
 .debug_aranges
                0x0000000000001010       0x88 build/usbd_ctlreq.o
 .debug_aranges
                0x0000000000001098       0x50 build/usbd_ioreq.o
 .debug_aranges
                0x00000000000010e8       0x90 build/usbd_cdc.o
 .debug_aranges
                0x0000000000001178       0x28 build/startup_stm32l562xx.o

.debug_ranges   0x0000000000000000     0x1350
 .debug_ranges  0x0000000000000000       0x48 build/main.o
 .debug_ranges  0x0000000000000048       0x38 build/shell.o
 .debug_ranges  0x0000000000000080       0x58 build/stm32l5xx_it.o
 .debug_ranges  0x00000000000000d8       0x30 build/stm32l5xx_hal_msp.o
 .debug_ranges  0x0000000000000108      0x110 build/usbd_conf.o
 .debug_ranges  0x0000000000000218       0x10 build/usb_device.o
 .debug_ranges  0x0000000000000228       0x50 build/usbd_desc.o
 .debug_ranges  0x0000000000000278       0x40 build/usbd_cdc_if.o
 .debug_ranges  0x00000000000002b8      0x208 build/stm32l5xx_hal_pcd.o
 .debug_ranges  0x00000000000004c0       0x48 build/stm32l5xx_hal_pcd_ex.o
 .debug_ranges  0x0000000000000508      0x2e0 build/stm32l5xx_ll_usb.o
 .debug_ranges  0x00000000000007e8      0x120 build/stm32l5xx_hal.o
 .debug_ranges  0x0000000000000908      0x290 build/stm32l5xx_hal_i2c.o
 .debug_ranges  0x0000000000000b98       0x38 build/stm32l5xx_hal_i2c_ex.o
 .debug_ranges  0x0000000000000bd0       0xb0 build/stm32l5xx_hal_rcc.o
 .debug_ranges  0x0000000000000c80      0x120 build/stm32l5xx_hal_rcc_ex.o
 .debug_ranges  0x0000000000000da0       0x50 build/stm32l5xx_hal_gpio.o
 .debug_ranges  0x0000000000000df0      0x1a8 build/stm32l5xx_hal_pwr_ex.o