Archive member included to satisfy reference by file (symbol)

/home/yul/toolchain/arm-gnu-toolchain-12.2.rel1-x86_64-arm-none-eabi/bin/../lib/gcc/arm-none-eabi/12.2.1/../../../../arm-none-eabi/lib/thumb/v8-m.main+fp/hard/libc_nano.a(libc_a-exit.o)
                              /home/yul/toolchain/arm-gnu-toolchain-12.2.rel1-x86_64-arm-none-eabi/bin/../lib/gcc/arm-none-eabi/12.2.1/../../../../arm-none-eabi/lib/thumb/v8-m.main+fp/hard/crt0.o (exit)
/home/yul/toolchain/arm-gnu-toolchain-12.2.rel1-x86_64-arm-none-eabi/bin/../lib/gcc/arm-none-eabi/12.2.1/../../../../arm-none-eabi/lib/thumb/v8-m.main+fp/hard/libc_nano.a(libc_a-init.o)
                              /home/yul/toolchain/arm-gnu-toolchain-12.2.rel1-x86_64-arm-none-eabi/bin/../lib/gcc/arm-none-eabi/12.2.1/../../../../arm-none-eabi/lib/thumb/v8-m.main+fp/hard/crt0.o (__libc_init_array)
/home/yul/toolchain/arm-gnu-toolchain-12.2.rel1-x86_64-arm-none-eabi/bin/../lib/gcc/arm-none-eabi/12.2.1/../../../../arm-none-eabi/lib/thumb/v8-m.main+fp/hard/libc_nano.a(libc_a-strcmp.o)
                              build/shell.o (strcmp)
/home/yul/toolchain/arm-gnu-toolchain-12.2.rel1-x86_64-arm-none-eabi/bin/../lib/gcc/arm-none-eabi/12.2.1/../../../../arm-none-eabi/lib/thumb/v8-m.main+fp/hard/libc_nano.a(libc_a-printf.o)
                              build/shell.o (printf)
/home/yul/toolchain/arm-gnu-toolchain-12.2.rel1-x86_64-arm-none-eabi/bin/../lib/gcc/arm-none-eabi/12.2.1/../../../../arm-none-eabi/lib/thumb/v8-m.main+fp/hard/libc_nano.a(libc_a-nano-vfprintf.o)
                              /home/yul/toolchain/arm-gnu-toolchain-12.2.rel1-x86_64-arm-none-eabi/bin/../lib/gcc/arm-none-eabi/12.2.1/../../../../arm-none-eabi/lib/thumb/v8-m.main+fp/hard/libc_nano.a(libc_a-printf.o) (_vfprintf_r)
/home/yul/toolchain/arm-gnu-toolchain-12.2.rel1-x86_64-arm-none-eabi/bin/../lib/gcc/arm-none-eabi/12.2.1/../../../../arm-none-eabi/lib/thumb/v8-m.main+fp/hard/libc_nano.a(libc_a-wbuf.o)
                              /home/yul/toolchain/arm-gnu-toolchain-12.2.rel1-x86_64-arm-none-eabi/bin/../lib/gcc/arm-none-eabi/12.2.1/../../../../arm-none-eabi/lib/thumb/v8-m.main+fp/hard/libc_nano.a(libc_a-nano-vfprintf.o) (__swbuf_r)
/home/yul/toolchain/arm-gnu-toolchain-12.2.rel1-x86_64-arm-none-eabi/bin/../lib/gcc/arm-none-eabi/12.2.1/../../../../arm-none-eabi/lib/thumb/v8-m.main+fp/hard/libc_nano.a(libc_a-wsetup.o)
                              /home/yul/toolchain/arm-gnu-toolchain-12.2.rel1-x86_64-arm-none-eabi/bin/../lib/gcc/arm-none-eabi/12.2.1/../../../../arm-none-eabi/lib/thumb/v8-m.main+fp/hard/libc_nano.a(libc_a-nano-vfprintf.o) (__swsetup_r)
/home/yul/toolchain/arm-gnu-toolchain-12.2.rel1-x86_64-arm-none-eabi/bin/../lib/gcc/arm-none-eabi/12.2.1/../../../../arm-none-eabi/lib/thumb/v8-m.main+fp/hard/libc_nano.a(libc_a-putchar.o)
                              build/shell.o (putchar)
/home/yul/toolchain/arm-gnu-toolchain-12.2.rel1-x86_64-arm-none-eabi/bin/../lib/gcc/arm-none-eabi/12.2.1/../../../../arm-none-eabi/lib/thumb/v8-m.main+fp/hard/libc_nano.a(libc_a-nano-vfprintf_i.o)
                              /home/yul/toolchain/arm-gnu-toolchain-12.2.rel1-x86_64-arm-none-eabi/bin/../lib/gcc/arm-none-eabi/12.2.1/../../../../arm-none-eabi/lib/thumb/v8-m.main+fp/hard/libc_nano.a(libc_a-nano-vfprintf.o) (_printf_i)
/home/yul/toolchain/arm-gnu-toolchain-12.2.rel1-x86_64-arm-none-eabi/bin/../lib/gcc/arm-none-eabi/12.2.1/../../../../arm-none-eabi/lib/thumb/v8-m.main+fp/hard/libc_nano.a(libc_a-puts.o)
                              build/main.o (puts)
/home/yul/toolchain/arm-gnu-toolchain-12.2.rel1-x86_64-arm-none-eabi/bin/../lib/gcc/arm-none-eabi/12.2.1/../../../../arm-none-eabi/lib/thumb/v8-m.main+fp/hard/libc_nano.a(libc_a-impure.o)
                              build/shell.o (_impure_ptr)
/home/yul/toolchain/arm-gnu-toolchain-12.2.rel1-x86_64-arm-none-eabi/bin/../lib/gcc/arm-none-eabi/12.2.1/../../../../arm-none-eabi/lib/thumb/v8-m.main+fp/hard/libc_nano.a(libc_a-fflush.o)
                              /home/yul/toolchain/arm-gnu-toolchain-12.2.rel1-x86_64-arm-none-eabi/bin/../lib/gcc/arm-none-eabi/12.2.1/../../../../arm-none-eabi/lib/thumb/v8-m.main+fp/hard/libc_nano.a(libc_a-wbuf.o) (_fflush_r)
/home/yul/toolchain/arm-gnu-toolchain-12.2.rel1-x86_64-arm-none-eabi/bin/../lib/gcc/arm-none-eabi/12.2.1/../../../../arm-none-eabi/lib/thumb/v8-m.main+fp/hard/libc_nano.a(libc_a-memchr-stub.o)
                              /home/yul/toolchain/arm-gnu-toolchain-12.2.rel1-x86_64-arm-none-eabi/bin/../lib/gcc/arm-none-eabi/12.2.1/../../../../arm-none-eabi/lib/thumb/v8-m.main+fp/hard/libc_nano.a(libc_a-nano-vfprintf.o) (memchr)
/home/yul/toolchain/arm-gnu-toolchain-12.2.rel1-x86_64-arm-none-eabi/bin/../lib/gcc/arm-none-eabi/12.2.1/../../../../arm-none-eabi/lib/thumb/v8-m.main+fp/hard/libc_nano.a(libc_a-memcpy-stub.o)
                              build/shell.o (memcpy)
[...]
Memory Configuration

Name             Origin             Length             Attributes
RAM              0x0000000020000000 0x0000000000030000 xrw
RAM2             0x0000000020030000 0x0000000000010000 xrw
ROM              0x0000000008000000 0x0000000000080000 xr
*default*        0x0000000000000000 0xffffffffffffffff

Linker script and memory map

LOAD /home/yul/toolchain/arm-gnu-toolchain-12.2.rel1-x86_64-arm-none-eabi/bin/../lib/gcc/arm-none-eabi/12.2.1/thumb/v8-m.main+fp/hard/crti.o
LOAD /home/yul/toolchain/arm-gnu-toolchain-12.2.rel1-x86_64-arm-none-eabi/bin/../lib/gcc/arm-none-eabi/12.2.1/thumb/v8-m.main+fp/hard/crtbegin.o
LOAD /home/yul/toolchain/arm-gnu-toolchain-12.2.rel1-x86_64-arm-none-eabi/bin/../lib/gcc/arm-none-eabi/12.2.1/../../../../arm-none-eabi/lib/thumb/v8-m.main+fp/hard/crt0.o
LOAD build/main.o
LOAD build/shell.o
LOAD build/stm32l5xx_it.o
LOAD build/stm32l5xx_hal_msp.o
LOAD build/usbd_conf.o
LOAD build/usb_device.o
LOAD build/usbd_desc.o
LOAD build/usbd_cdc_if.o
LOAD build/stm32l5xx_hal_pcd.o
LOAD build/stm32l5xx_hal_pcd_ex.o
LOAD build/stm32l5xx_ll_usb.o
LOAD build/stm32l5xx_hal.o
LOAD build/stm32l5xx_hal_i2c.o
LOAD build/stm32l5xx_hal_i2c_ex.o
LOAD build/stm32l5xx_hal_rcc.o
LOAD build/stm32l5xx_hal_rcc_ex.o
LOAD build/stm32l5xx_hal_flash.o
LOAD build/stm32l5xx_hal_flash_ex.o
LOAD build/stm32l5xx_hal_flash_ramfunc.o
LOAD build/stm32l5xx_hal_gpio.o
LOAD build/stm32l5xx_hal_dma.o
LOAD build/stm32l5xx_hal_dma_ex.o
LOAD build/stm32l5xx_hal_exti.o
LOAD build/stm32l5xx_hal_pwr.o
LOAD build/stm32l5xx_hal_pwr_ex.o
LOAD build/stm32l5xx_hal_cortex.o
LOAD build/stm32l5xx_hal_icache.o
LOAD build/stm32l5xx_hal_tim.o
LOAD build/stm32l5xx_hal_tim_ex.o
LOAD build/stm32l5xx_hal_uart.o
LOAD build/stm32l5xx_hal_uart_ex.o
LOAD build/system_stm32l5xx.o
LOAD build/usbd_core.o
LOAD build/usbd_ctlreq.o
LOAD build/usbd_ioreq.o
LOAD build/usbd_cdc.o
LOAD build/startup_stm32l562xx.o
LOAD /home/yul/toolchain/arm-gnu-toolchain-12.2.rel1-x86_64-arm-none-eabi/bin/../lib/gcc/arm-none-eabi/12.2.1/../../../../arm-none-eabi/lib/thumb/v8-m.main+fp/hard/libc_nano.a
LOAD /home/yul/toolchain/arm-gnu-toolchain-12.2.rel1-x86_64-arm-none-eabi/bin/../lib/gcc/arm-none-eabi/12.2.1/../../../../arm-none-eabi/lib/thumb/v8-m.main+fp/hard/libm.a
LOAD /home/yul/toolchain/arm-gnu-toolchain-12.2.rel1-x86_64-arm-none-eabi/bin/../lib/gcc/arm-none-eabi/12.2.1/../../../../arm-none-eabi/lib/thumb/v8-m.main+fp/hard/libnosys.a
START GROUP
LOAD /home/yul/toolchain/arm-gnu-toolchain-12.2.rel1-x86_64-arm-none-eabi/bin/../lib/gcc/arm-none-eabi/12.2.1/thumb/v8-m.main+fp/hard/libgcc.a
LOAD /home/yul/toolchain/arm-gnu-toolchain-12.2.rel1-x86_64-arm-none-eabi/bin/../lib/gcc/arm-none-eabi/12.2.1/../../../../arm-none-eabi/lib/thumb/v8-m.main+fp/hard/libc_nano.a
END GROUP
START GROUP
LOAD /home/yul/toolchain/arm-gnu-toolchain-12.2.rel1-x86_64-arm-none-eabi/bin/../lib/gcc/arm-none-eabi/12.2.1/thumb/v8-m.main+fp/hard/libgcc.a
LOAD /home/yul/toolchain/arm-gnu-toolchain-12.2.rel1-x86_64-arm-none-eabi/bin/../lib/gcc/arm-none-eabi/12.2.1/../../../../arm-none-eabi/lib/thumb/v8-m.main+fp/hard/libc_nano.a
END GROUP
LOAD /home/yul/toolchain/arm-gnu-toolchain-12.2.rel1-x86_64-arm-none-eabi/bin/../lib/gcc/arm-none-eabi/12.2.1/thumb/v8-m.main+fp/hard/crtend.o
LOAD /home/yul/toolchain/arm-gnu-toolchain-12.2.rel1-x86_64-arm-none-eabi/bin/../lib/gcc/arm-none-eabi/12.2.1/thumb/v8-m.main+fp/hard/crtn.o
                0x0000000020030000                _estack = (ORIGIN (RAM) + LENGTH (RAM))
                0x0000000000000200                _Min_Heap_Size = 0x200
                0x0000000000004000                _Min_Stack_Size = 0x4000

.isr_vector     0x0000000008000000      0x1f8
                0x0000000008000000                . = ALIGN (0x8)
 *(.isr_vector)
 .isr_vector    0x0000000008000000      0x1f4 build/startup_stm32l562xx.o
                0x0000000008000000                g_pfnVectors
                0x00000000080001f8                . = ALIGN (0x8)
 *fill*         0x00000000080001f4        0x4 

.text           0x00000000080001f8     0x6a10
                0x00000000080001f8                . = ALIGN (0x8)
 *(.text)
 .text          0x00000000080001f8       0x14 /home/yul/toolchain/arm-gnu-toolchain-12.2.rel1-x86_64-arm-none-eabi/bin/../lib/gcc/arm-none-eabi/12.2.1/../../../../arm-none-eabi/lib/thumb/v8-m.main+fp/hard/libc_nano.a(libc_a-strcmp.o)
                0x00000000080001f8                strcmp
 *(.text*)
 .text.deregister_tm_clones
                0x000000000800020c       0x1c /home/yul/toolchain/arm-gnu-toolchain-12.2.rel1-x86_64-arm-none-eabi/bin/../lib/gcc/arm-none-eabi/12.2.1/thumb/v8-m.main+fp/hard/crtbegin.o
 .text.register_tm_clones
                0x0000000008000228       0x28 /home/yul/toolchain/arm-gnu-toolchain-12.2.rel1-x86_64-arm-none-eabi/bin/../lib/gcc/arm-none-eabi/12.2.1/thumb/v8-m.main+fp/hard/crtbegin.o
 .text.__do_global_dtors_aux
                0x0000000008000250       0x28 /home/yul/toolchain/arm-gnu-toolchain-12.2.rel1-x86_64-arm-none-eabi/bin/../lib/gcc/arm-none-eabi/12.2.1/thumb/v8-m.main+fp/hard/crtbegin.o
 .text.frame_dummy
                0x0000000008000278       0x24 /home/yul/toolchain/arm-gnu-toolchain-12.2.rel1-x86_64-arm-none-eabi/bin/../lib/gcc/arm-none-eabi/12.2.1/thumb/v8-m.main+fp/hard/crtbegin.o
 .text.MX_GPIO_Init
                0x000000000800029c      0x124 build/main.o
 .text._write   0x00000000080003c0       0x28 build/main.o
                0x00000000080003c0                _write
 .text.Error_Handler
                0x00000000080003e8        0x4 build/main.o
                0x00000000080003e8                Error_Handler
 .text.MX_I2C1_Init
                0x00000000080003ec       0x58 build/main.o
 .text.MX_I2C2_Init
                0x0000000008000444       0x58 build/main.o
 .text.MX_ICACHE_Init
                0x000000000800049c       0x1a build/main.o
 .text.SystemClock_Config
                0x00000000080004b6       0x76 build/main.o
                0x00000000080004b6                SystemClock_Config
 .text.main     0x000000000800052c       0x48 build/main.o
                0x000000000800052c                main
 .text.__NVIC_SystemReset
                0x0000000008000574       0x24 build/shell.o
 .text.shell_check_cmd
                0x0000000008000598        0xe build/shell.o
                0x0000000008000598                shell_check_cmd
 .text.shell_reset
                0x00000000080005a6        0x6 build/shell.o
                0x00000000080005a6                shell_reset
 .text.gpio_handler
                0x00000000080005ac       0xf0 build/shell.o
                0x00000000080005ac                gpio_handler
 .text.i2c_handler
                0x000000000800069c       0xa4 build/shell.o
                0x000000000800069c                i2c_handler
 .text.shell_process_cmd
                0x0000000008000740       0xbc build/shell.o
                0x0000000008000740                shell_process_cmd
 .text.shell_start
                0x00000000080007fc       0xd4 build/shell.o
                0x00000000080007fc                shell_start
 .text.NMI_Handler
                0x00000000080008d0        0x2 build/stm32l5xx_it.o
                0x00000000080008d0                NMI_Handler
 .text.HardFault_Handler
                0x00000000080008d2        0x2 build/stm32l5xx_it.o
                0x00000000080008d2                HardFault_Handler
 .text.MemManage_Handler
                0x00000000080008d4        0x2 build/stm32l5xx_it.o
                0x00000000080008d4                MemManage_Handler
 .text.BusFault_Handler
                0x00000000080008d6        0x2 build/stm32l5xx_it.o
                0x00000000080008d6                BusFault_Handler
 .text.UsageFault_Handler
                0x00000000080008d8        0x2 build/stm32l5xx_it.o
                0x00000000080008d8                UsageFault_Handler
 .text.SVC_Handler
                0x00000000080008da        0x2 build/stm32l5xx_it.o
                0x00000000080008da                SVC_Handler
 .text.DebugMon_Handler
                0x00000000080008dc        0x2 build/stm32l5xx_it.o
                0x00000000080008dc                DebugMon_Handler
 .text.PendSV_Handler
                0x00000000080008de        0x2 build/stm32l5xx_it.o
                0x00000000080008de                PendSV_Handler
 .text.SysTick_Handler
                0x00000000080008e0        0x8 build/stm32l5xx_it.o
                0x00000000080008e0                SysTick_Handler
 .text.USB_FS_IRQHandler
                0x00000000080008e8       0x10 build/stm32l5xx_it.o
                0x00000000080008e8                USB_FS_IRQHandler
 .text.HAL_MspInit
                0x00000000080008f8       0x38 build/stm32l5xx_hal_msp.o
                0x00000000080008f8                HAL_MspInit
 .text.HAL_I2C_MspInit
                0x0000000008000930       0xe8 build/stm32l5xx_hal_msp.o
                0x0000000008000930                HAL_I2C_MspInit
 .text.USBD_Get_USB_Status
                0x0000000008000a18       0x14 build/usbd_conf.o
 .text.SystemClockConfig_Resume
                0x0000000008000a2c        0x8 build/usbd_conf.o
 .text.HAL_PCD_MspInit
                0x0000000008000a34       0xbc build/usbd_conf.o
                0x0000000008000a34                HAL_PCD_MspInit
 .text.HAL_PCD_SetupStageCallback
                0x0000000008000af0       0x10 build/usbd_conf.o
                0x0000000008000af0                HAL_PCD_SetupStageCallback
 .text.HAL_PCD_DataOutStageCallback
                0x0000000008000b00       0x18 build/usbd_conf.o
                0x0000000008000b00                HAL_PCD_DataOutStageCallback
 .text.HAL_PCD_DataInStageCallback
                0x0000000008000b18       0x16 build/usbd_conf.o
                0x0000000008000b18                HAL_PCD_DataInStageCallback
 .text.HAL_PCD_SOFCallback
                0x0000000008000b2e        0xc build/usbd_conf.o
                0x0000000008000b2e                HAL_PCD_SOFCallback
 .text.HAL_PCD_ResetCallback
                0x0000000008000b3a       0x24 build/usbd_conf.o
                0x0000000008000b3a                HAL_PCD_ResetCallback
 *fill*         0x0000000008000b5e        0x2 
 .text.HAL_PCD_SuspendCallback
                0x0000000008000b60       0x20 build/usbd_conf.o
                0x0000000008000b60                HAL_PCD_SuspendCallback
 .text.HAL_PCD_ResumeCallback
                0x0000000008000b80       0x28 build/usbd_conf.o
                0x0000000008000b80                HAL_PCD_ResumeCallback
 .text.USBD_LL_Init
                0x0000000008000ba8       0x90 build/usbd_conf.o
                0x0000000008000ba8                USBD_LL_Init
 .text.USBD_LL_Start
                0x0000000008000c38       0x10 build/usbd_conf.o
                0x0000000008000c38                USBD_LL_Start
 .text.USBD_LL_OpenEP
                0x0000000008000c48       0x16 build/usbd_conf.o
                0x0000000008000c48                USBD_LL_OpenEP
 .text.USBD_LL_CloseEP
                0x0000000008000c5e       0x10 build/usbd_conf.o
                0x0000000008000c5e                USBD_LL_CloseEP
 .text.USBD_LL_StallEP
                0x0000000008000c6e       0x10 build/usbd_conf.o
                0x0000000008000c6e                USBD_LL_StallEP
 .text.USBD_LL_ClearStallEP
                0x0000000008000c7e       0x10 build/usbd_conf.o
                0x0000000008000c7e                USBD_LL_ClearStallEP
 .text.USBD_LL_IsStallEP
                0x0000000008000c8e       0x2e build/usbd_conf.o
                0x0000000008000c8e                USBD_LL_IsStallEP
 .text.USBD_LL_SetUSBAddress
                0x0000000008000cbc       0x10 build/usbd_conf.o
                0x0000000008000cbc                USBD_LL_SetUSBAddress
 .text.USBD_LL_Transmit
                0x0000000008000ccc       0x10 build/usbd_conf.o
                0x0000000008000ccc                USBD_LL_Transmit
 .text.USBD_LL_PrepareReceive
                0x0000000008000cdc       0x10 build/usbd_conf.o
                0x0000000008000cdc                USBD_LL_PrepareReceive
 .text.USBD_LL_GetRxDataSize
                0x0000000008000cec        0xc build/usbd_conf.o
                0x0000000008000cec                USBD_LL_GetRxDataSize
 .text.HAL_PCDEx_LPM_Callback
                0x0000000008000cf8       0x48 build/usbd_conf.o
                0x0000000008000cf8                HAL_PCDEx_LPM_Callback
 .text.USBD_static_malloc
                0x0000000008000d40        0x8 build/usbd_conf.o
                0x0000000008000d40                USBD_static_malloc
 .text.USBD_static_free
                0x0000000008000d48        0x2 build/usbd_conf.o
                0x0000000008000d48                USBD_static_free
 *fill*         0x0000000008000d4a        0x2 
 .text.MX_USB_Device_Init
                0x0000000008000d4c       0x54 build/usb_device.o
                0x0000000008000d4c                MX_USB_Device_Init
 .text.USBD_CDC_DeviceDescriptor
                0x0000000008000da0        0xc build/usbd_desc.o
                0x0000000008000da0                USBD_CDC_DeviceDescriptor
 .text.USBD_CDC_LangIDStrDescriptor
                0x0000000008000dac        0xc build/usbd_desc.o
                0x0000000008000dac                USBD_CDC_LangIDStrDescriptor
 .text.IntToUnicode
                0x0000000008000db8       0x46 build/usbd_desc.o
 *fill*         0x0000000008000dfe        0x2 
 .text.Get_SerialNum
                0x0000000008000e00       0x38 build/usbd_desc.o
 .text.USBD_CDC_SerialStrDescriptor
                0x0000000008000e38       0x14 build/usbd_desc.o
                0x0000000008000e38                USBD_CDC_SerialStrDescriptor
 .text.USBD_CDC_ProductStrDescriptor
                0x0000000008000e4c       0x24 build/usbd_desc.o
                0x0000000008000e4c                USBD_CDC_ProductStrDescriptor
 .text.USBD_CDC_ManufacturerStrDescriptor
                0x0000000008000e70       0x1c build/usbd_desc.o
                0x0000000008000e70                USBD_CDC_ManufacturerStrDescriptor
 .text.USBD_CDC_ConfigStrDescriptor
                0x0000000008000e8c       0x24 build/usbd_desc.o
                0x0000000008000e8c                USBD_CDC_ConfigStrDescriptor
 .text.USBD_CDC_InterfaceStrDescriptor
                0x0000000008000eb0       0x24 build/usbd_desc.o
                0x0000000008000eb0                USBD_CDC_InterfaceStrDescriptor
 .text.CDC_DeInit_FS
                0x0000000008000ed4        0x4 build/usbd_cdc_if.o
 .text.CDC_Control_FS
                0x0000000008000ed8        0x4 build/usbd_cdc_if.o
 .text.CDC_TransmitCplt_FS
                0x0000000008000edc        0x4 build/usbd_cdc_if.o
 .text.CDC_Receive_FS
                0x0000000008000ee0       0x38 build/usbd_cdc_if.o
 .text.CDC_Init_FS
                0x0000000008000f18       0x28 build/usbd_cdc_if.o
 .text.CDC_Transmit_FS
                0x0000000008000f40       0x2c build/usbd_cdc_if.o
                0x0000000008000f40                CDC_Transmit_FS
 .text.VCP_retrieveInputData
                0x0000000008000f6c       0x38 build/usbd_cdc_if.o
                0x0000000008000f6c                VCP_retrieveInputData
 .text.HAL_PCD_EP_DB_Receive
                0x0000000008000fa4      0x118 build/stm32l5xx_hal_pcd.o
 .text.HAL_PCD_Init
                0x00000000080010bc       0xdc build/stm32l5xx_hal_pcd.o
                0x00000000080010bc                HAL_PCD_Init
 .text.HAL_PCD_Start
                0x0000000008001198       0x2a build/stm32l5xx_hal_pcd.o
                0x0000000008001198                HAL_PCD_Start
 .text.HAL_PCD_EP_DB_Transmit
                0x00000000080011c2      0x414 build/stm32l5xx_hal_pcd.o
 .text.PCD_EP_ISR_Handler
                0x00000000080015d6      0x520 build/stm32l5xx_hal_pcd.o
 .text.HAL_PCD_SetAddress
                0x0000000008001af6       0x28 build/stm32l5xx_hal_pcd.o
                0x0000000008001af6                HAL_PCD_SetAddress
 .text.HAL_PCD_IRQHandler
                0x0000000008001b1e      0x1b2 build/stm32l5xx_hal_pcd.o
                0x0000000008001b1e                HAL_PCD_IRQHandler
 .text.HAL_PCD_EP_Open
                0x0000000008001cd0       0x7c build/stm32l5xx_hal_pcd.o
                0x0000000008001cd0                HAL_PCD_EP_Open
 .text.HAL_PCD_EP_Close
                0x0000000008001d4c       0x64 build/stm32l5xx_hal_pcd.o
                0x0000000008001d4c                HAL_PCD_EP_Close
 .text.HAL_PCD_EP_Receive
                0x0000000008001db0       0x3a build/stm32l5xx_hal_pcd.o
                0x0000000008001db0                HAL_PCD_EP_Receive
 .text.HAL_PCD_EP_GetRxCount
                0x0000000008001dea       0x12 build/stm32l5xx_hal_pcd.o
                0x0000000008001dea                HAL_PCD_EP_GetRxCount
 .text.HAL_PCD_EP_Transmit
                0x0000000008001dfc       0x44 build/stm32l5xx_hal_pcd.o
                0x0000000008001dfc                HAL_PCD_EP_Transmit
 .text.HAL_PCD_EP_SetStall
                0x0000000008001e40       0x6a build/stm32l5xx_hal_pcd.o
                0x0000000008001e40                HAL_PCD_EP_SetStall
 .text.HAL_PCD_EP_ClrStall
                0x0000000008001eaa       0x76 build/stm32l5xx_hal_pcd.o
                0x0000000008001eaa                HAL_PCD_EP_ClrStall
 .text.HAL_PCDEx_PMAConfig
                0x0000000008001f20       0x38 build/stm32l5xx_hal_pcd_ex.o
                0x0000000008001f20                HAL_PCDEx_PMAConfig
 .text.HAL_PCDEx_ActivateLPM
                0x0000000008001f58       0x2c build/stm32l5xx_hal_pcd_ex.o
                0x0000000008001f58                HAL_PCDEx_ActivateLPM
 .text.USB_EnableGlobalInt
                0x0000000008001f84       0x12 build/stm32l5xx_ll_usb.o
                0x0000000008001f84                USB_EnableGlobalInt
 .text.USB_DisableGlobalInt
                0x0000000008001f96       0x14 build/stm32l5xx_ll_usb.o
                0x0000000008001f96                USB_DisableGlobalInt
 .text.USB_DevInit
                0x0000000008001faa       0x22 build/stm32l5xx_ll_usb.o
                0x0000000008001faa                USB_DevInit
 .text.USB_ActivateEndpoint
                0x0000000008001fcc      0x3ca build/stm32l5xx_ll_usb.o
                0x0000000008001fcc                USB_ActivateEndpoint
 .text.USB_DeactivateEndpoint
                0x0000000008002396      0x1d6 build/stm32l5xx_ll_usb.o
                0x0000000008002396                USB_DeactivateEndpoint
 .text.USB_EPSetStall
                0x000000000800256c       0x4a build/stm32l5xx_ll_usb.o
                0x000000000800256c                USB_EPSetStall
 .text.USB_EPClearStall
                0x00000000080025b6       0xa2 build/stm32l5xx_ll_usb.o
                0x00000000080025b6                USB_EPClearStall
 .text.USB_SetDevAddress
                0x0000000008002658        0xc build/stm32l5xx_ll_usb.o
                0x0000000008002658                USB_SetDevAddress
 .text.USB_DevConnect
                0x0000000008002664       0x16 build/stm32l5xx_ll_usb.o
                0x0000000008002664                USB_DevConnect
 .text.USB_ReadInterrupts
                0x000000000800267a        0x8 build/stm32l5xx_ll_usb.o
                0x000000000800267a                USB_ReadInterrupts
 .text.USB_WritePMA
                0x0000000008002682       0x24 build/stm32l5xx_ll_usb.o
                0x0000000008002682                USB_WritePMA
 .text.USB_EPStartXfer
                0x00000000080026a6      0x7ce build/stm32l5xx_ll_usb.o
                0x00000000080026a6                USB_EPStartXfer
 .text.USB_ReadPMA
                0x0000000008002e74       0x30 build/stm32l5xx_ll_usb.o
                0x0000000008002e74                USB_ReadPMA
 .text.HAL_InitTick
                0x0000000008002ea4       0x50 build/stm32l5xx_hal.o
                0x0000000008002ea4                HAL_InitTick
 .text.HAL_Init
                0x0000000008002ef4       0x22 build/stm32l5xx_hal.o
                0x0000000008002ef4                HAL_Init
 *fill*         0x0000000008002f16        0x2 
 .text.HAL_IncTick
                0x0000000008002f18       0x18 build/stm32l5xx_hal.o
                0x0000000008002f18                HAL_IncTick
 .text.HAL_GetTick
                0x0000000008002f30        0xc build/stm32l5xx_hal.o
                0x0000000008002f30                HAL_GetTick
 .text.HAL_Delay
                0x0000000008002f3c       0x28 build/stm32l5xx_hal.o
                0x0000000008002f3c                HAL_Delay
 .text.I2C_WaitOnFlagUntilTimeout
                0x0000000008002f64       0x6a build/stm32l5xx_hal_i2c.o
 .text.HAL_I2C_Init
                0x0000000008002fce       0xbc build/stm32l5xx_hal_i2c.o
                0x0000000008002fce                HAL_I2C_Init
 .text.HAL_I2C_IsDeviceReady
                0x000000000800308a      0x16c build/stm32l5xx_hal_i2c.o
                0x000000000800308a                HAL_I2C_IsDeviceReady
 .text.HAL_I2CEx_ConfigAnalogFilter
                0x00000000080031f6       0x5c build/stm32l5xx_hal_i2c_ex.o
                0x00000000080031f6                HAL_I2CEx_ConfigAnalogFilter
 .text.HAL_I2CEx_ConfigDigitalFilter
                0x0000000008003252       0x58 build/stm32l5xx_hal_i2c_ex.o
                0x0000000008003252                HAL_I2CEx_ConfigDigitalFilter
 *fill*         0x00000000080032aa        0x2 
 .text.RCC_GetSysClockFreqFromPLLSource
                0x00000000080032ac       0x90 build/stm32l5xx_hal_rcc.o
 .text.RCC_SetFlashLatencyFromMSIRange
                0x000000000800333c       0x94 build/stm32l5xx_hal_rcc.o
 .text.HAL_RCC_GetSysClockFreq
                0x00000000080033d0       0xd8 build/stm32l5xx_hal_rcc.o
                0x00000000080033d0                HAL_RCC_GetSysClockFreq
 .text.HAL_RCC_GetHCLKFreq
                0x00000000080034a8       0x20 build/stm32l5xx_hal_rcc.o
                0x00000000080034a8                HAL_RCC_GetHCLKFreq
 .text.HAL_RCC_OscConfig
                0x00000000080034c8      0x7b4 build/stm32l5xx_hal_rcc.o
                0x00000000080034c8                HAL_RCC_OscConfig
 .text.HAL_RCC_ClockConfig
                0x0000000008003c7c      0x1fc build/stm32l5xx_hal_rcc.o
                0x0000000008003c7c                HAL_RCC_ClockConfig
 .text.RCCEx_PLLSAI2_Config
                0x0000000008003e78       0xe0 build/stm32l5xx_hal_rcc_ex.o
 .text.RCCEx_PLLSAI1_Config
                0x0000000008003f58      0x140 build/stm32l5xx_hal_rcc_ex.o
 .text.HAL_RCCEx_PeriphCLKConfig
                0x0000000008004098      0x568 build/stm32l5xx_hal_rcc_ex.o
                0x0000000008004098                HAL_RCCEx_PeriphCLKConfig
 .text.HAL_GPIO_Init
                0x0000000008004600      0x1c8 build/stm32l5xx_hal_gpio.o
                0x0000000008004600                HAL_GPIO_Init
 .text.HAL_GPIO_WritePin
                0x00000000080047c8        0xa build/stm32l5xx_hal_gpio.o
                0x00000000080047c8                HAL_GPIO_WritePin
 *fill*         0x00000000080047d2        0x2 
 .text.HAL_PWREx_GetVoltageRange
                0x00000000080047d4       0x10 build/stm32l5xx_hal_pwr_ex.o
                0x00000000080047d4                HAL_PWREx_GetVoltageRange
 .text.HAL_PWREx_EnableVddUSB
                0x00000000080047e4       0x10 build/stm32l5xx_hal_pwr_ex.o
                0x00000000080047e4                HAL_PWREx_EnableVddUSB
 .text.HAL_PWREx_DisableUCPDDeadBattery
                0x00000000080047f4       0x10 build/stm32l5xx_hal_pwr_ex.o
                0x00000000080047f4                HAL_PWREx_DisableUCPDDeadBattery
 .text.HAL_PWREx_SMPS_GetEffectiveMode
                0x0000000008004804       0x24 build/stm32l5xx_hal_pwr_ex.o
                0x0000000008004804                HAL_PWREx_SMPS_GetEffectiveMode
 .text.HAL_PWREx_ControlVoltageScaling
                0x0000000008004828       0x90 build/stm32l5xx_hal_pwr_ex.o
                0x0000000008004828                HAL_PWREx_ControlVoltageScaling
 .text.__NVIC_EnableIRQ
                0x00000000080048b8       0x1c build/stm32l5xx_hal_cortex.o
 .text.__NVIC_SetPriority
                0x00000000080048d4       0x28 build/stm32l5xx_hal_cortex.o
 .text.NVIC_EncodePriority
                0x00000000080048fc       0x3e build/stm32l5xx_hal_cortex.o
 *fill*         0x000000000800493a        0x2 
 .text.HAL_NVIC_SetPriorityGrouping
                0x000000000800493c       0x24 build/stm32l5xx_hal_cortex.o
                0x000000000800493c                HAL_NVIC_SetPriorityGrouping
 .text.HAL_NVIC_SetPriority
                0x0000000008004960       0x20 build/stm32l5xx_hal_cortex.o
                0x0000000008004960                HAL_NVIC_SetPriority
 .text.HAL_NVIC_EnableIRQ
                0x0000000008004980        0x8 build/stm32l5xx_hal_cortex.o
                0x0000000008004980                HAL_NVIC_EnableIRQ
 .text.HAL_SYSTICK_Config
                0x0000000008004988       0x28 build/stm32l5xx_hal_cortex.o
                0x0000000008004988                HAL_SYSTICK_Config
 .text.HAL_ICACHE_ConfigAssociativityMode
                0x00000000080049b0       0x24 build/stm32l5xx_hal_icache.o
                0x00000000080049b0                HAL_ICACHE_ConfigAssociativityMode
 .text.HAL_ICACHE_Enable
                0x00000000080049d4       0x14 build/stm32l5xx_hal_icache.o
                0x00000000080049d4                HAL_ICACHE_Enable
 .text.SystemInit
                0x00000000080049e8       0x14 build/system_stm32l5xx.o
                0x00000000080049e8                SystemInit
 .text.SystemCoreClockUpdate
                0x00000000080049fc       0xd8 build/system_stm32l5xx.o
                0x00000000080049fc                SystemCoreClockUpdate
 .text.USBD_Init
                0x0000000008004ad4       0x2e build/usbd_core.o
                0x0000000008004ad4                USBD_Init
 .text.USBD_RegisterClass
                0x0000000008004b02       0x34 build/usbd_core.o
                0x0000000008004b02                USBD_RegisterClass
 .text.USBD_Start
                0x0000000008004b36        0x8 build/usbd_core.o
                0x0000000008004b36                USBD_Start
 .text.USBD_SetClassConfig
                0x0000000008004b3e       0x12 build/usbd_core.o
                0x0000000008004b3e                USBD_SetClassConfig
 .text.USBD_ClrClassConfig
                0x0000000008004b50       0x12 build/usbd_core.o
                0x0000000008004b50                USBD_ClrClassConfig
 .text.USBD_LL_SetupStage
                0x0000000008004b62       0x58 build/usbd_core.o
                0x0000000008004b62                USBD_LL_SetupStage
 .text.USBD_LL_Reset
                0x0000000008004bba       0x64 build/usbd_core.o
                0x0000000008004bba                USBD_LL_Reset
 .text.USBD_LL_SetSpeed
                0x0000000008004c1e        0x6 build/usbd_core.o
                0x0000000008004c1e                USBD_LL_SetSpeed
 .text.USBD_LL_Suspend
                0x0000000008004c24       0x1e build/usbd_core.o
                0x0000000008004c24                USBD_LL_Suspend
 .text.USBD_LL_Resume
                0x0000000008004c42       0x1a build/usbd_core.o
                0x0000000008004c42                USBD_LL_Resume
 .text.USBD_LL_SOF
                0x0000000008004c5c       0x22 build/usbd_core.o
                0x0000000008004c5c                USBD_LL_SOF
 .text.USBD_CoreFindIF
                0x0000000008004c7e        0x4 build/usbd_core.o
                0x0000000008004c7e                USBD_CoreFindIF
 .text.USBD_CoreFindEP
                0x0000000008004c82        0x4 build/usbd_core.o
                0x0000000008004c82                USBD_CoreFindEP
 .text.USBD_LL_DataOutStage
                0x0000000008004c86       0xc6 build/usbd_core.o
                0x0000000008004c86                USBD_LL_DataOutStage
 .text.USBD_LL_DataInStage
                0x0000000008004d4c       0xd6 build/usbd_core.o
                0x0000000008004d4c                USBD_LL_DataInStage
 .text.USBD_GetNextDesc
                0x0000000008004e22        0xe build/usbd_core.o
                0x0000000008004e22                USBD_GetNextDesc
 .text.USBD_GetEpDesc
                0x0000000008004e30       0x3e build/usbd_core.o
                0x0000000008004e30                USBD_GetEpDesc
 .text.USBD_GetLen
                0x0000000008004e6e       0x14 build/usbd_ctlreq.o
 .text.USBD_ParseSetupRequest
                0x0000000008004e82       0x28 build/usbd_ctlreq.o
                0x0000000008004e82                USBD_ParseSetupRequest
 .text.USBD_CtlError
                0x0000000008004eaa       0x14 build/usbd_ctlreq.o
                0x0000000008004eaa                USBD_CtlError
 .text.USBD_GetDescriptor
                0x0000000008004ebe      0x1ac build/usbd_ctlreq.o
 .text.USBD_SetAddress
                0x000000000800506a       0x50 build/usbd_ctlreq.o
 *fill*         0x00000000080050ba        0x2 
 .text.USBD_SetConfig
                0x00000000080050bc       0xcc build/usbd_ctlreq.o
 .text.USBD_GetConfig
                0x0000000008005188       0x40 build/usbd_ctlreq.o
 .text.USBD_GetStatus
                0x00000000080051c8       0x38 build/usbd_ctlreq.o
 .text.USBD_SetFeature
                0x0000000008005200       0x2a build/usbd_ctlreq.o
 .text.USBD_ClrFeature
                0x000000000800522a       0x26 build/usbd_ctlreq.o
 .text.USBD_StdDevReq
                0x0000000008005250       0x76 build/usbd_ctlreq.o
                0x0000000008005250                USBD_StdDevReq
 .text.USBD_StdItfReq
                0x00000000080052c6       0x84 build/usbd_ctlreq.o
                0x00000000080052c6                USBD_StdItfReq
 .text.USBD_StdEPReq
                0x000000000800534a      0x230 build/usbd_ctlreq.o
                0x000000000800534a                USBD_StdEPReq
 .text.USBD_GetString
                0x000000000800557a       0x3a build/usbd_ctlreq.o
                0x000000000800557a                USBD_GetString
 .text.USBD_CtlSendData
                0x00000000080055b4       0x1a build/usbd_ioreq.o
                0x00000000080055b4                USBD_CtlSendData
 .text.USBD_CtlContinueSendData
                0x00000000080055ce       0x10 build/usbd_ioreq.o
                0x00000000080055ce                USBD_CtlContinueSendData
 .text.USBD_CtlPrepareRx
                0x00000000080055de       0x1e build/usbd_ioreq.o
                0x00000000080055de                USBD_CtlPrepareRx
 .text.USBD_CtlContinueRx
                0x00000000080055fc       0x10 build/usbd_ioreq.o
                0x00000000080055fc                USBD_CtlContinueRx
 .text.USBD_CtlSendStatus
                0x000000000800560c       0x16 build/usbd_ioreq.o
                0x000000000800560c                USBD_CtlSendStatus
 .text.USBD_CtlReceiveStatus
                0x0000000008005622       0x16 build/usbd_ioreq.o
                0x0000000008005622                USBD_CtlReceiveStatus
 .text.USBD_CDC_EP0_RxReady
                0x0000000008005638       0x40 build/usbd_cdc.o
 .text.USBD_CDC_GetDeviceQualifierDescriptor
                0x0000000008005678        0xc build/usbd_cdc.o
                0x0000000008005678                USBD_CDC_GetDeviceQualifierDescriptor
 .text.USBD_CDC_GetOtherSpeedCfgDesc
                0x0000000008005684       0x48 build/usbd_cdc.o
 .text.USBD_CDC_GetFSCfgDesc
                0x00000000080056cc       0x48 build/usbd_cdc.o
 .text.USBD_CDC_GetHSCfgDesc
                0x0000000008005714       0x48 build/usbd_cdc.o
 .text.USBD_CDC_DataOut
                0x000000000800575c       0x38 build/usbd_cdc.o
 .text.USBD_CDC_DataIn
                0x0000000008005794       0x7c build/usbd_cdc.o
 .text.USBD_CDC_Setup
                0x0000000008005810      0x11a build/usbd_cdc.o
 .text.USBD_CDC_DeInit
                0x000000000800592a       0x64 build/usbd_cdc.o
 .text.USBD_CDC_Init
                0x000000000800598e       0xee build/usbd_cdc.o
 .text.USBD_CDC_RegisterInterface
                0x0000000008005a7c       0x16 build/usbd_cdc.o
                0x0000000008005a7c                USBD_CDC_RegisterInterface
 .text.USBD_CDC_SetTxBuffer
                0x0000000008005a92       0x1c build/usbd_cdc.o
                0x0000000008005a92                USBD_CDC_SetTxBuffer
 .text.USBD_CDC_SetRxBuffer
                0x0000000008005aae       0x18 build/usbd_cdc.o
                0x0000000008005aae                USBD_CDC_SetRxBuffer
 .text.USBD_CDC_TransmitPacket
                0x0000000008005ac6       0x36 build/usbd_cdc.o
                0x0000000008005ac6                USBD_CDC_TransmitPacket
 .text.USBD_CDC_ReceivePacket
                0x0000000008005afc       0x38 build/usbd_cdc.o
                0x0000000008005afc                USBD_CDC_ReceivePacket
 .text.Reset_Handler
                0x0000000008005b34       0x50 build/startup_stm32l562xx.o
                0x0000000008005b34                Reset_Handler
 .text.Default_Handler
                0x0000000008005b84        0x2 build/startup_stm32l562xx.o
                0x0000000008005b84                EXTI2_IRQHandler
                0x0000000008005b84                TIM8_TRG_COM_IRQHandler
                0x0000000008005b84                TIM8_CC_IRQHandler
                0x0000000008005b84                EXTI5_IRQHandler
                0x0000000008005b84                FLASH_S_IRQHandler
                0x0000000008005b84                EXTI13_IRQHandler
                0x0000000008005b84                TIM1_CC_IRQHandler
                0x0000000008005b84                TSC_IRQHandler
                0x0000000008005b84                TAMP_IRQHandler
                0x0000000008005b84                TIM6_IRQHandler
                0x0000000008005b84                EXTI12_IRQHandler
                0x0000000008005b84                DMA2_Channel8_IRQHandler
                0x0000000008005b84                EXTI3_IRQHandler
                0x0000000008005b84                EXTI8_IRQHandler
                0x0000000008005b84                LPTIM2_IRQHandler
                0x0000000008005b84                DFSDM1_FLT1_IRQHandler
                0x0000000008005b84                I2C3_ER_IRQHandler
                0x0000000008005b84                DFSDM1_FLT2_IRQHandler
                0x0000000008005b84                DMAMUX1_IRQHandler
                0x0000000008005b84                LPTIM3_IRQHandler
                0x0000000008005b84                EXTI0_IRQHandler
                0x0000000008005b84                I2C2_EV_IRQHandler
                0x0000000008005b84                FPU_IRQHandler
                0x0000000008005b84                FDCAN1_IT1_IRQHandler
                0x0000000008005b84                ADC1_2_IRQHandler
                0x0000000008005b84                SPI1_IRQHandler
                0x0000000008005b84                OCTOSPI1_IRQHandler
                0x0000000008005b84                TIM8_UP_IRQHandler
                0x0000000008005b84                RCC_S_IRQHandler
                0x0000000008005b84                DMA2_Channel2_IRQHandler
                0x0000000008005b84                DMA1_Channel4_IRQHandler
                0x0000000008005b84                SAI2_IRQHandler
                0x0000000008005b84                DFSDM1_FLT3_IRQHandler
                0x0000000008005b84                PKA_IRQHandler
                0x0000000008005b84                EXTI15_IRQHandler
                0x0000000008005b84                TIM17_IRQHandler
                0x0000000008005b84                USART3_IRQHandler
                0x0000000008005b84                RTC_IRQHandler
                0x0000000008005b84                EXTI9_IRQHandler
                0x0000000008005b84                DMA1_Channel7_IRQHandler
                0x0000000008005b84                UART5_IRQHandler
                0x0000000008005b84                TIM4_IRQHandler
                0x0000000008005b84                DMA2_Channel1_IRQHandler
                0x0000000008005b84                I2C1_EV_IRQHandler
                0x0000000008005b84                DMA1_Channel6_IRQHandler
                0x0000000008005b84                TIM16_IRQHandler
                0x0000000008005b84                UART4_IRQHandler
                0x0000000008005b84                DMA2_Channel4_IRQHandler
                0x0000000008005b84                SecureFault_Handler
                0x0000000008005b84                TIM3_IRQHandler
                0x0000000008005b84                RCC_IRQHandler
                0x0000000008005b84                TIM1_TRG_COM_IRQHandler
                0x0000000008005b84                DMA1_Channel1_IRQHandler
                0x0000000008005b84                Default_Handler
                0x0000000008005b84                DMA2_Channel7_IRQHandler
                0x0000000008005b84                OTFDEC1_IRQHandler
                0x0000000008005b84                DMA1_Channel8_IRQHandler
                0x0000000008005b84                TIM7_IRQHandler
                0x0000000008005b84                SDMMC1_IRQHandler
                0x0000000008005b84                TIM5_IRQHandler
                0x0000000008005b84                UCPD1_IRQHandler
                0x0000000008005b84                TIM15_IRQHandler
                0x0000000008005b84                I2C3_EV_IRQHandler
                0x0000000008005b84                PVD_PVM_IRQHandler
                0x0000000008005b84                SPI2_IRQHandler
                0x0000000008005b84                EXTI14_IRQHandler
                0x0000000008005b84                EXTI11_IRQHandler
                0x0000000008005b84                DMA2_Channel5_IRQHandler
                0x0000000008005b84                CRS_IRQHandler
                0x0000000008005b84                DMA1_Channel5_IRQHandler
                0x0000000008005b84                EXTI4_IRQHandler
                0x0000000008005b84                RTC_S_IRQHandler
                0x0000000008005b84                RNG_IRQHandler
                0x0000000008005b84                DMAMUX1_S_IRQHandler
                0x0000000008005b84                DMA1_Channel3_IRQHandler
                0x0000000008005b84                COMP_IRQHandler
                0x0000000008005b84                TIM1_UP_IRQHandler
                0x0000000008005b84                WWDG_IRQHandler
                0x0000000008005b84                I2C4_EV_IRQHandler
                0x0000000008005b84                LPUART1_IRQHandler
                0x0000000008005b84                DMA2_Channel6_IRQHandler
                0x0000000008005b84                FDCAN1_IT0_IRQHandler
                0x0000000008005b84                TIM2_IRQHandler
                0x0000000008005b84                TAMP_S_IRQHandler
                0x0000000008005b84                EXTI7_IRQHandler
                0x0000000008005b84                TIM1_BRK_IRQHandler
                0x0000000008005b84                DAC_IRQHandler
                0x0000000008005b84                EXTI1_IRQHandler
                0x0000000008005b84                AES_IRQHandler
                0x0000000008005b84                GTZC_IRQHandler
                0x0000000008005b84                USART2_IRQHandler
                0x0000000008005b84                DFSDM1_FLT0_IRQHandler
                0x0000000008005b84                I2C2_ER_IRQHandler
                0x0000000008005b84                DMA1_Channel2_IRQHandler
                0x0000000008005b84                TIM8_BRK_IRQHandler
                0x0000000008005b84                FLASH_IRQHandler
                0x0000000008005b84                USART1_IRQHandler
                0x0000000008005b84                EXTI10_IRQHandler
                0x0000000008005b84                SPI3_IRQHandler
                0x0000000008005b84                I2C1_ER_IRQHandler
                0x0000000008005b84                FMC_IRQHandler
                0x0000000008005b84                EXTI6_IRQHandler
                0x0000000008005b84                LPTIM1_IRQHandler
                0x0000000008005b84                I2C4_ER_IRQHandler
                0x0000000008005b84                ICACHE_IRQHandler
                0x0000000008005b84                SAI1_IRQHandler
                0x0000000008005b84                HASH_IRQHandler
                0x0000000008005b84                DMA2_Channel3_IRQHandler
 *fill*         0x0000000008005b86        0x2 
 .text.__libc_init_array
                0x0000000008005b88       0x48 /home/yul/toolchain/arm-gnu-toolchain-12.2.rel1-x86_64-arm-none-eabi/bin/../lib/gcc/arm-none-eabi/12.2.1/../../../../arm-none-eabi/lib/thumb/v8-m.main+fp/hard/libc_nano.a(libc_a-init.o)
                0x0000000008005b88                __libc_init_array
 .text.printf   0x0000000008005bd0       0x24 /home/yul/toolchain/arm-gnu-toolchain-12.2.rel1-x86_64-arm-none-eabi/bin/../lib/gcc/arm-none-eabi/12.2.1/../../../../arm-none-eabi/lib/thumb/v8-m.main+fp/hard/libc_nano.a(libc_a-printf.o)
                0x0000000008005bd0                printf
                0x0000000008005bd0                iprintf
 .text.__sfputc_r
                0x0000000008005bf4       0x2e /home/yul/toolchain/arm-gnu-toolchain-12.2.rel1-x86_64-arm-none-eabi/bin/../lib/gcc/arm-none-eabi/12.2.1/../../../../arm-none-eabi/lib/thumb/v8-m.main+fp/hard/libc_nano.a(libc_a-nano-vfprintf.o)
 .text.__sfputs_r
                0x0000000008005c22       0x24 /home/yul/toolchain/arm-gnu-toolchain-12.2.rel1-x86_64-arm-none-eabi/bin/../lib/gcc/arm-none-eabi/12.2.1/../../../../arm-none-eabi/lib/thumb/v8-m.main+fp/hard/libc_nano.a(libc_a-nano-vfprintf.o)
                0x0000000008005c22                __sfputs_r
 *fill*         0x0000000008005c46        0x2 
 .text._vfprintf_r
                0x0000000008005c48      0x230 /home/yul/toolchain/arm-gnu-toolchain-12.2.rel1-x86_64-arm-none-eabi/bin/../lib/gcc/arm-none-eabi/12.2.1/../../../../arm-none-eabi/lib/thumb/v8-m.main+fp/hard/libc_nano.a(libc_a-nano-vfprintf.o)
                0x0000000008005c48                _vfiprintf_r
                0x0000000008005c48                _vfprintf_r
 .text.__swbuf_r
                0x0000000008005e78       0x7c /home/yul/toolchain/arm-gnu-toolchain-12.2.rel1-x86_64-arm-none-eabi/bin/../lib/gcc/arm-none-eabi/12.2.1/../../../../arm-none-eabi/lib/thumb/v8-m.main+fp/hard/libc_nano.a(libc_a-wbuf.o)
                0x0000000008005e78                __swbuf_r
 .text.__swsetup_r
                0x0000000008005ef4       0xac /home/yul/toolchain/arm-gnu-toolchain-12.2.rel1-x86_64-arm-none-eabi/bin/../lib/gcc/arm-none-eabi/12.2.1/../../../../arm-none-eabi/lib/thumb/v8-m.main+fp/hard/libc_nano.a(libc_a-wsetup.o)
                0x0000000008005ef4                __swsetup_r
 .text.putchar  0x0000000008005fa0       0x10 /home/yul/toolchain/arm-gnu-toolchain-12.2.rel1-x86_64-arm-none-eabi/bin/../lib/gcc/arm-none-eabi/12.2.1/../../../../arm-none-eabi/lib/thumb/v8-m.main+fp/hard/libc_nano.a(libc_a-putchar.o)
                0x0000000008005fa0                putchar
 .text._printf_common
                0x0000000008005fb0       0xe4 /home/yul/toolchain/arm-gnu-toolchain-12.2.rel1-x86_64-arm-none-eabi/bin/../lib/gcc/arm-none-eabi/12.2.1/../../../../arm-none-eabi/lib/thumb/v8-m.main+fp/hard/libc_nano.a(libc_a-nano-vfprintf_i.o)
                0x0000000008005fb0                _printf_common
 .text._printf_i
                0x0000000008006094      0x258 /home/yul/toolchain/arm-gnu-toolchain-12.2.rel1-x86_64-arm-none-eabi/bin/../lib/gcc/arm-none-eabi/12.2.1/../../../../arm-none-eabi/lib/thumb/v8-m.main+fp/hard/libc_nano.a(libc_a-nano-vfprintf_i.o)
                0x0000000008006094                _printf_i
 .text._puts_r  0x00000000080062ec       0xaa /home/yul/toolchain/arm-gnu-toolchain-12.2.rel1-x86_64-arm-none-eabi/bin/../lib/gcc/arm-none-eabi/12.2.1/../../../../arm-none-eabi/lib/thumb/v8-m.main+fp/hard/libc_nano.a(libc_a-puts.o)
                0x00000000080062ec                _puts_r
 *fill*         0x0000000008006396        0x2 
 .text.puts     0x0000000008006398       0x10 /home/yul/toolchain/arm-gnu-toolchain-12.2.rel1-x86_64-arm-none-eabi/bin/../lib/gcc/arm-none-eabi/12.2.1/../../../../arm-none-eabi/lib/thumb/v8-m.main+fp/hard/libc_nano.a(libc_a-puts.o)
                0x0000000008006398                puts
 .text.__sflush_r
                0x00000000080063a8      0x106 /home/yul/toolchain/arm-gnu-toolchain-12.2.rel1-x86_64-arm-none-eabi/bin/../lib/gcc/arm-none-eabi/12.2.1/../../../../arm-none-eabi/lib/thumb/v8-m.main+fp/hard/libc_nano.a(libc_a-fflush.o)
                0x00000000080063a8                __sflush_r
 .text._fflush_r
                0x00000000080064ae       0x50 /home/yul/toolchain/arm-gnu-toolchain-12.2.rel1-x86_64-arm-none-eabi/bin/../lib/gcc/arm-none-eabi/12.2.1/../../../../arm-none-eabi/lib/thumb/v8-m.main+fp/hard/libc_nano.a(libc_a-fflush.o)
                0x00000000080064ae                _fflush_r
 *fill*         0x00000000080064fe        0x2 
 .text.fflush   0x0000000008006500       0x28 /home/yul/toolchain/arm-gnu-toolchain-12.2.rel1-x86_64-arm-none-eabi/bin/../lib/gcc/arm-none-eabi/12.2.1/../../../../arm-none-eabi/lib/thumb/v8-m.main+fp/hard/libc_nano.a(libc_a-fflush.o)
                0x0000000008006500                fflush
 .text.memchr   0x0000000008006528       0x1c /home/yul/toolchain/arm-gnu-toolchain-12.2.rel1-x86_64-arm-none-eabi/bin/../lib/gcc/arm-none-eabi/12.2.1/../../../../arm-none-eabi/lib/thumb/v8-m.main+fp/hard/libc_nano.a(libc_a-memchr-stub.o)
                0x0000000008006528                memchr
 .text.memcpy   0x0000000008006544       0x1a /home/yul/toolchain/arm-gnu-toolchain-12.2.rel1-x86_64-arm-none-eabi/bin/../lib/gcc/arm-none-eabi/12.2.1/../../../../arm-none-eabi/lib/thumb/v8-m.main+fp/hard/libc_nano.a(libc_a-memcpy-stub.o)
                0x0000000008006544                memcpy
 *fill*         0x000000000800655e        0x2 
 .text.std      0x0000000008006560       0x6c /home/yul/toolchain/arm-gnu-toolchain-12.2.rel1-x86_64-arm-none-eabi/bin/../lib/gcc/arm-none-eabi/12.2.1/../../../../arm-none-eabi/lib/thumb/v8-m.main+fp/hard/libc_nano.a(libc_a-findfp.o)
 .text.stdio_exit_handler
                0x00000000080065cc       0x18 /home/yul/toolchain/arm-gnu-toolchain-12.2.rel1-x86_64-arm-none-eabi/bin/../lib/gcc/arm-none-eabi/12.2.1/../../../../arm-none-eabi/lib/thumb/v8-m.main+fp/hard/libc_nano.a(libc_a-findfp.o)
 .text.cleanup_stdio
                0x00000000080065e4       0x40 /home/yul/toolchain/arm-gnu-toolchain-12.2.rel1-x86_64-arm-none-eabi/bin/../lib/gcc/arm-none-eabi/12.2.1/../../../../arm-none-eabi/lib/thumb/v8-m.main+fp/hard/libc_nano.a(libc_a-findfp.o)
 .text.global_stdio_init.part.0
                0x0000000008006624       0x3c /home/yul/toolchain/arm-gnu-toolchain-12.2.rel1-x86_64-arm-none-eabi/bin/../lib/gcc/arm-none-eabi/12.2.1/../../../../arm-none-eabi/lib/thumb/v8-m.main+fp/hard/libc_nano.a(libc_a-findfp.o)
 .text.__sfp_lock_acquire
                0x0000000008006660        0xc /home/yul/toolchain/arm-gnu-toolchain-12.2.rel1-x86_64-arm-none-eabi/bin/../lib/gcc/arm-none-eabi/12.2.1/../../../../arm-none-eabi/lib/thumb/v8-m.main+fp/hard/libc_nano.a(libc_a-findfp.o)
                0x0000000008006660                __sfp_lock_acquire
 .text.__sfp_lock_release
                0x000000000800666c        0xc /home/yul/toolchain/arm-gnu-toolchain-12.2.rel1-x86_64-arm-none-eabi/bin/../lib/gcc/arm-none-eabi/12.2.1/../../../../arm-none-eabi/lib/thumb/v8-m.main+fp/hard/libc_nano.a(libc_a-findfp.o)
                0x000000000800666c                __sfp_lock_release
 .text.__sinit  0x0000000008006678       0x30 /home/yul/toolchain/arm-gnu-toolchain-12.2.rel1-x86_64-arm-none-eabi/bin/../lib/gcc/arm-none-eabi/12.2.1/../../../../arm-none-eabi/lib/thumb/v8-m.main+fp/hard/libc_nano.a(libc_a-findfp.o)
                0x0000000008006678                __sinit
 .text.__sread  0x00000000080066a8       0x22 /home/yul/toolchain/arm-gnu-toolchain-12.2.rel1-x86_64-arm-none-eabi/bin/../lib/gcc/arm-none-eabi/12.2.1/../../../../arm-none-eabi/lib/thumb/v8-m.main+fp/hard/libc_nano.a(libc_a-stdio.o)
                0x00000000080066a8                __sread
 .text.__swrite
                0x00000000080066ca       0x38 /home/yul/toolchain/arm-gnu-toolchain-12.2.rel1-x86_64-arm-none-eabi/bin/../lib/gcc/arm-none-eabi/12.2.1/../../../../arm-none-eabi/lib/thumb/v8-m.main+fp/hard/libc_nano.a(libc_a-stdio.o)
                0x00000000080066ca                __swrite
 .text.__sseek  0x0000000008006702       0x24 /home/yul/toolchain/arm-gnu-toolchain-12.2.rel1-x86_64-arm-none-eabi/bin/../lib/gcc/arm-none-eabi/12.2.1/../../../../arm-none-eabi/lib/thumb/v8-m.main+fp/hard/libc_nano.a(libc_a-stdio.o)
                0x0000000008006702                __sseek
 .text.__sclose
                0x0000000008006726        0x8 /home/yul/toolchain/arm-gnu-toolchain-12.2.rel1-x86_64-arm-none-eabi/bin/../lib/gcc/arm-none-eabi/12.2.1/../../../../arm-none-eabi/lib/thumb/v8-m.main+fp/hard/libc_nano.a(libc_a-stdio.o)
                0x0000000008006726                __sclose
 *fill*         0x000000000800672e        0x2 
 .text._write_r
                0x0000000008006730       0x24 /home/yul/toolchain/arm-gnu-toolchain-12.2.rel1-x86_64-arm-none-eabi/bin/../lib/gcc/arm-none-eabi/12.2.1/../../../../arm-none-eabi/lib/thumb/v8-m.main+fp/hard/libc_nano.a(libc_a-writer.o)
                0x0000000008006730                _write_r
 .text._fwalk_sglue
                0x0000000008006754       0x3c /home/yul/toolchain/arm-gnu-toolchain-12.2.rel1-x86_64-arm-none-eabi/bin/../lib/gcc/arm-none-eabi/12.2.1/../../../../arm-none-eabi/lib/thumb/v8-m.main+fp/hard/libc_nano.a(libc_a-fwalk.o)
                0x0000000008006754                _fwalk_sglue
 .text.memset   0x0000000008006790       0x10 /home/yul/toolchain/arm-gnu-toolchain-12.2.rel1-x86_64-arm-none-eabi/bin/../lib/gcc/arm-none-eabi/12.2.1/../../../../arm-none-eabi/lib/thumb/v8-m.main+fp/hard/libc_nano.a(libc_a-memset.o)
                0x0000000008006790                memset
 .text._free_r  0x00000000080067a0       0x94 /home/yul/toolchain/arm-gnu-toolchain-12.2.rel1-x86_64-arm-none-eabi/bin/../lib/gcc/arm-none-eabi/12.2.1/../../../../arm-none-eabi/lib/thumb/v8-m.main+fp/hard/libc_nano.a(libc_a-freer.o)
                0x00000000080067a0                _free_r
 .text.__retarget_lock_init_recursive
                0x0000000008006834        0x2 /home/yul/toolchain/arm-gnu-toolchain-12.2.rel1-x86_64-arm-none-eabi/bin/../lib/gcc/arm-none-eabi/12.2.1/../../../../arm-none-eabi/lib/thumb/v8-m.main+fp/hard/libc_nano.a(libc_a-lock.o)
                0x0000000008006834                __retarget_lock_init_recursive
 .text.__retarget_lock_acquire_recursive
                0x0000000008006836        0x2 /home/yul/toolchain/arm-gnu-toolchain-12.2.rel1-x86_64-arm-none-eabi/bin/../lib/gcc/arm-none-eabi/12.2.1/../../../../arm-none-eabi/lib/thumb/v8-m.main+fp/hard/libc_nano.a(libc_a-lock.o)
                0x0000000008006836                __retarget_lock_acquire_recursive
 .text.__retarget_lock_release_recursive
                0x0000000008006838        0x2 /home/yul/toolchain/arm-gnu-toolchain-12.2.rel1-x86_64-arm-none-eabi/bin/../lib/gcc/arm-none-eabi/12.2.1/../../../../arm-none-eabi/lib/thumb/v8-m.main+fp/hard/libc_nano.a(libc_a-lock.o)
                0x0000000008006838                __retarget_lock_release_recursive
 .text.__swhatbuf_r
                0x000000000800683a       0x4a /home/yul/toolchain/arm-gnu-toolchain-12.2.rel1-x86_64-arm-none-eabi/bin/../lib/gcc/arm-none-eabi/12.2.1/../../../../arm-none-eabi/lib/thumb/v8-m.main+fp/hard/libc_nano.a(libc_a-makebuf.o)
                0x000000000800683a                __swhatbuf_r
 .text.__smakebuf_r
                0x0000000008006884       0x78 /home/yul/toolchain/arm-gnu-toolchain-12.2.rel1-x86_64-arm-none-eabi/bin/../lib/gcc/arm-none-eabi/12.2.1/../../../../arm-none-eabi/lib/thumb/v8-m.main+fp/hard/libc_nano.a(libc_a-makebuf.o)
                0x0000000008006884                __smakebuf_r
 .text._putc_r  0x00000000080068fc       0x68 /home/yul/toolchain/arm-gnu-toolchain-12.2.rel1-x86_64-arm-none-eabi/bin/../lib/gcc/arm-none-eabi/12.2.1/../../../../arm-none-eabi/lib/thumb/v8-m.main+fp/hard/libc_nano.a(libc_a-putc.o)
                0x00000000080068fc                _putc_r
 .text._close_r
                0x0000000008006964       0x20 /home/yul/toolchain/arm-gnu-toolchain-12.2.rel1-x86_64-arm-none-eabi/bin/../lib/gcc/arm-none-eabi/12.2.1/../../../../arm-none-eabi/lib/thumb/v8-m.main+fp/hard/libc_nano.a(libc_a-closer.o)
                0x0000000008006964                _close_r
 .text.sbrk_aligned
                0x0000000008006984       0x44 /home/yul/toolchain/arm-gnu-toolchain-12.2.rel1-x86_64-arm-none-eabi/bin/../lib/gcc/arm-none-eabi/12.2.1/../../../../arm-none-eabi/lib/thumb/v8-m.main+fp/hard/libc_nano.a(libc_a-mallocr.o)
 .text._malloc_r
                0x00000000080069c8       0xf0 /home/yul/toolchain/arm-gnu-toolchain-12.2.rel1-x86_64-arm-none-eabi/bin/../lib/gcc/arm-none-eabi/12.2.1/../../../../arm-none-eabi/lib/thumb/v8-m.main+fp/hard/libc_nano.a(libc_a-mallocr.o)
                0x00000000080069c8                _malloc_r
 .text._fstat_r
                0x0000000008006ab8       0x24 /home/yul/toolchain/arm-gnu-toolchain-12.2.rel1-x86_64-arm-none-eabi/bin/../lib/gcc/arm-none-eabi/12.2.1/../../../../arm-none-eabi/lib/thumb/v8-m.main+fp/hard/libc_nano.a(libc_a-fstatr.o)
                0x0000000008006ab8                _fstat_r
 .text._isatty_r
                0x0000000008006adc       0x20 /home/yul/toolchain/arm-gnu-toolchain-12.2.rel1-x86_64-arm-none-eabi/bin/../lib/gcc/arm-none-eabi/12.2.1/../../../../arm-none-eabi/lib/thumb/v8-m.main+fp/hard/libc_nano.a(libc_a-isattyr.o)
                0x0000000008006adc                _isatty_r
 .text._lseek_r
                0x0000000008006afc       0x24 /home/yul/toolchain/arm-gnu-toolchain-12.2.rel1-x86_64-arm-none-eabi/bin/../lib/gcc/arm-none-eabi/12.2.1/../../../../arm-none-eabi/lib/thumb/v8-m.main+fp/hard/libc_nano.a(libc_a-lseekr.o)
                0x0000000008006afc                _lseek_r
 .text._read_r  0x0000000008006b20       0x24 /home/yul/toolchain/arm-gnu-toolchain-12.2.rel1-x86_64-arm-none-eabi/bin/../lib/gcc/arm-none-eabi/12.2.1/../../../../arm-none-eabi/lib/thumb/v8-m.main+fp/hard/libc_nano.a(libc_a-readr.o)
                0x0000000008006b20                _read_r
 .text.__malloc_lock
                0x0000000008006b44        0xc /home/yul/toolchain/arm-gnu-toolchain-12.2.rel1-x86_64-arm-none-eabi/bin/../lib/gcc/arm-none-eabi/12.2.1/../../../../arm-none-eabi/lib/thumb/v8-m.main+fp/hard/libc_nano.a(libc_a-mlock.o)
                0x0000000008006b44                __malloc_lock
 .text.__malloc_unlock
                0x0000000008006b50        0xc /home/yul/toolchain/arm-gnu-toolchain-12.2.rel1-x86_64-arm-none-eabi/bin/../lib/gcc/arm-none-eabi/12.2.1/../../../../arm-none-eabi/lib/thumb/v8-m.main+fp/hard/libc_nano.a(libc_a-mlock.o)
                0x0000000008006b50                __malloc_unlock
 .text._sbrk_r  0x0000000008006b5c       0x20 /home/yul/toolchain/arm-gnu-toolchain-12.2.rel1-x86_64-arm-none-eabi/bin/../lib/gcc/arm-none-eabi/12.2.1/../../../../arm-none-eabi/lib/thumb/v8-m.main+fp/hard/libc_nano.a(libc_a-sbrkr.o)
                0x0000000008006b5c                _sbrk_r
 .text._close   0x0000000008006b7c       0x10 /home/yul/toolchain/arm-gnu-toolchain-12.2.rel1-x86_64-arm-none-eabi/bin/../lib/gcc/arm-none-eabi/12.2.1/../../../../arm-none-eabi/lib/thumb/v8-m.main+fp/hard/libnosys.a(close.o)
                0x0000000008006b7c                _close
 .text._fstat   0x0000000008006b8c       0x10 /home/yul/toolchain/arm-gnu-toolchain-12.2.rel1-x86_64-arm-none-eabi/bin/../lib/gcc/arm-none-eabi/12.2.1/../../../../arm-none-eabi/lib/thumb/v8-m.main+fp/hard/libnosys.a(fstat.o)
                0x0000000008006b8c                _fstat
 .text._isatty  0x0000000008006b9c       0x10 /home/yul/toolchain/arm-gnu-toolchain-12.2.rel1-x86_64-arm-none-eabi/bin/../lib/gcc/arm-none-eabi/12.2.1/../../../../arm-none-eabi/lib/thumb/v8-m.main+fp/hard/libnosys.a(isatty.o)
                0x0000000008006b9c                _isatty
 .text._lseek   0x0000000008006bac       0x10 /home/yul/toolchain/arm-gnu-toolchain-12.2.rel1-x86_64-arm-none-eabi/bin/../lib/gcc/arm-none-eabi/12.2.1/../../../../arm-none-eabi/lib/thumb/v8-m.main+fp/hard/libnosys.a(lseek.o)
                0x0000000008006bac                _lseek
 .text._read    0x0000000008006bbc       0x10 /home/yul/toolchain/arm-gnu-toolchain-12.2.rel1-x86_64-arm-none-eabi/bin/../lib/gcc/arm-none-eabi/12.2.1/../../../../arm-none-eabi/lib/thumb/v8-m.main+fp/hard/libnosys.a(read.o)
                0x0000000008006bbc                _read
 .text._sbrk    0x0000000008006bcc       0x20 /home/yul/toolchain/arm-gnu-toolchain-12.2.rel1-x86_64-arm-none-eabi/bin/../lib/gcc/arm-none-eabi/12.2.1/../../../../arm-none-eabi/lib/thumb/v8-m.main+fp/hard/libnosys.a(sbrk.o)
                0x0000000008006bcc                _sbrk
 *(.glue_7)
 .glue_7        0x0000000008006bec        0x0 linker stubs
 *(.glue_7t)
 .glue_7t       0x0000000008006bec        0x0 linker stubs
 *(.eh_frame)
 .eh_frame      0x0000000008006bec        0x0 /home/yul/toolchain/arm-gnu-toolchain-12.2.rel1-x86_64-arm-none-eabi/bin/../lib/gcc/arm-none-eabi/12.2.1/thumb/v8-m.main+fp/hard/crtbegin.o
 *(.init)
 .init          0x0000000008006bec        0x4 /home/yul/toolchain/arm-gnu-toolchain-12.2.rel1-x86_64-arm-none-eabi/bin/../lib/gcc/arm-none-eabi/12.2.1/thumb/v8-m.main+fp/hard/crti.o
                0x0000000008006bec                _init
 .init          0x0000000008006bf0        0x8 /home/yul/toolchain/arm-gnu-toolchain-12.2.rel1-x86_64-arm-none-eabi/bin/../lib/gcc/arm-none-eabi/12.2.1/thumb/v8-m.main+fp/hard/crtn.o
 *(.fini)
 .fini          0x0000000008006bf8        0x4 /home/yul/toolchain/arm-gnu-toolchain-12.2.rel1-x86_64-arm-none-eabi/bin/../lib/gcc/arm-none-eabi/12.2.1/thumb/v8-m.main+fp/hard/crti.o
                0x0000000008006bf8                _fini
 .fini          0x0000000008006bfc        0x8 /home/yul/toolchain/arm-gnu-toolchain-12.2.rel1-x86_64-arm-none-eabi/bin/../lib/gcc/arm-none-eabi/12.2.1/thumb/v8-m.main+fp/hard/crtn.o
                0x0000000008006c08                . = ALIGN (0x8)
 *fill*         0x0000000008006c04        0x4 
                0x0000000008006c08                _etext = .

.vfp11_veneer   0x0000000008006c08        0x0
 .vfp11_veneer  0x0000000008006c08        0x0 linker stubs

.v4_bx          0x0000000008006c08        0x0
 .v4_bx         0x0000000008006c08        0x0 linker stubs

.iplt           0x0000000008006c08        0x0
 .iplt          0x0000000008006c08        0x0 /home/yul/toolchain/arm-gnu-toolchain-12.2.rel1-x86_64-arm-none-eabi/bin/../lib/gcc/arm-none-eabi/12.2.1/thumb/v8-m.main+fp/hard/crtbegin.o

.rodata         0x0000000008006c08      0x170
                0x0000000008006c08                . = ALIGN (0x8)
 *(.rodata)
 *(.rodata*)
 .rodata.main.str1.4
                0x0000000008006c08       0x1a build/main.o
 *fill*         0x0000000008006c22        0x2 
 .rodata.gpio_handler.str1.4
                0x0000000008006c24       0x1e build/shell.o
                                         0x22 (size before relaxing)
 *fill*         0x0000000008006c42        0x2 
 .rodata.i2c_handler.str1.4
                0x0000000008006c44       0x3f build/shell.o
 *fill*         0x0000000008006c83        0x1 
 .rodata.shell_process_cmd.str1.4
                0x0000000008006c84       0x19 build/shell.o
 *fill*         0x0000000008006c9d        0x3 
 .rodata.shell_start.str1.4
                0x0000000008006ca0        0x9 build/shell.o
 *fill*         0x0000000008006ca9        0x3 
 .rodata.USBD_CDC_ProductStrDescriptor.str1.4
                0x0000000008006cac       0x16 build/usbd_desc.o
 *fill*         0x0000000008006cc2        0x2 
 .rodata.USBD_CDC_ManufacturerStrDescriptor.str1.4
                0x0000000008006cc4       0x13 build/usbd_desc.o
 *fill*         0x0000000008006cd7        0x1 
 .rodata.USBD_CDC_ConfigStrDescriptor.str1.4
                0x0000000008006cd8        0xb build/usbd_desc.o
 *fill*         0x0000000008006ce3        0x1 
 .rodata.USBD_CDC_InterfaceStrDescriptor.str1.4
                0x0000000008006ce4        0xe build/usbd_desc.o
 *fill*         0x0000000008006cf2        0x2 
 .rodata.MSIRangeTable
                0x0000000008006cf4       0x40 build/system_stm32l5xx.o
                0x0000000008006cf4                MSIRangeTable
 .rodata.AHBPrescTable
                0x0000000008006d34       0x10 build/system_stm32l5xx.o
                0x0000000008006d34                AHBPrescTable
 .rodata._vfprintf_r.str1.1
                0x0000000008006d44       0x11 /home/yul/toolchain/arm-gnu-toolchain-12.2.rel1-x86_64-arm-none-eabi/bin/../lib/gcc/arm-none-eabi/12.2.1/../../../../arm-none-eabi/lib/thumb/v8-m.main+fp/hard/libc_nano.a(libc_a-nano-vfprintf.o)
 .rodata._printf_i.str1.1
                0x0000000008006d55       0x22 /home/yul/toolchain/arm-gnu-toolchain-12.2.rel1-x86_64-arm-none-eabi/bin/../lib/gcc/arm-none-eabi/12.2.1/../../../../arm-none-eabi/lib/thumb/v8-m.main+fp/hard/libc_nano.a(libc_a-nano-vfprintf_i.o)
                0x0000000008006d78                . = ALIGN (0x8)
 *fill*         0x0000000008006d77        0x1 

.rel.dyn        0x0000000008006d78        0x0
 .rel.iplt      0x0000000008006d78        0x0 /home/yul/toolchain/arm-gnu-toolchain-12.2.rel1-x86_64-arm-none-eabi/bin/../lib/gcc/arm-none-eabi/12.2.1/thumb/v8-m.main+fp/hard/crtbegin.o

.ARM.extab      0x0000000008006d78        0x0
                0x0000000008006d78                . = ALIGN (0x8)
 *(.ARM.extab* .gnu.linkonce.armextab.*)
                0x0000000008006d78                . = ALIGN (0x8)

.ARM            0x0000000008006d78        0x0
                0x0000000008006d78                . = ALIGN (0x8)
                0x0000000008006d78                __exidx_start = .
 *(.ARM.exidx*)
                0x0000000008006d78                __exidx_end = .
                0x0000000008006d78                . = ALIGN (0x8)

.preinit_array  0x0000000008006d78        0x0
                0x0000000008006d78                . = ALIGN (0x8)
                0x0000000008006d78                PROVIDE (__preinit_array_start = .)
 *(.preinit_array*)
                0x0000000008006d78                PROVIDE (__preinit_array_end = .)
                0x0000000008006d78                . = ALIGN (0x8)

.init_array     0x0000000008006d78        0x8
                0x0000000008006d78                . = ALIGN (0x8)
                0x0000000008006d78                PROVIDE (__init_array_start = .)
 *(SORT_BY_NAME(.init_array.*))
 *(.init_array*)
 .init_array    0x0000000008006d78        0x4 /home/yul/toolchain/arm-gnu-toolchain-12.2.rel1-x86_64-arm-none-eabi/bin/../lib/gcc/arm-none-eabi/12.2.1/thumb/v8-m.main+fp/hard/crtbegin.o
                0x0000000008006d7c                PROVIDE (__init_array_end = .)
                0x0000000008006d80                . = ALIGN (0x8)
 *fill*         0x0000000008006d7c        0x4 

.fini_array     0x0000000008006d80        0x8
                0x0000000008006d80                . = ALIGN (0x8)
                [!provide]                        PROVIDE (__fini_array_start = .)
 *(SORT_BY_NAME(.fini_array.*))
 *(.fini_array*)
 .fini_array    0x0000000008006d80        0x4 /home/yul/toolchain/arm-gnu-toolchain-12.2.rel1-x86_64-arm-none-eabi/bin/../lib/gcc/arm-none-eabi/12.2.1/thumb/v8-m.main+fp/hard/crtbegin.o
                [!provide]                        PROVIDE (__fini_array_end = .)
                0x0000000008006d88                . = ALIGN (0x8)
 *fill*         0x0000000008006d84        0x4 
                0x0000000008006d88                _sidata = LOADADDR (.data)

.data           0x0000000020000000      0x158 load address 0x0000000008006d88
                0x0000000020000000                . = ALIGN (0x8)
                0x0000000020000000                _sdata = .
 *(.data)
 *(.data*)
 .data.USBD_StringSerial
                0x0000000020000000       0x1a build/usbd_desc.o
                0x0000000020000000                USBD_StringSerial
 *fill*         0x000000002000001a        0x2 
 .data.USBD_LangIDDesc
                0x000000002000001c        0x4 build/usbd_desc.o
                0x000000002000001c                USBD_LangIDDesc
 .data.USBD_CDC_DeviceDesc
                0x0000000020000020       0x12 build/usbd_desc.o
                0x0000000020000020                USBD_CDC_DeviceDesc
 *fill*         0x0000000020000032        0x2 
 .data.CDC_Desc
                0x0000000020000034       0x20 build/usbd_desc.o
                0x0000000020000034                CDC_Desc
 .data.USBD_Interface_fops_FS
                0x0000000020000054       0x14 build/usbd_cdc_if.o
                0x0000000020000054                USBD_Interface_fops_FS
 .data.uwTickFreq
                0x0000000020000068        0x1 build/stm32l5xx_hal.o
                0x0000000020000068                uwTickFreq
 *fill*         0x0000000020000069        0x3 
 .data.uwTickPrio
                0x000000002000006c        0x4 build/stm32l5xx_hal.o
                0x000000002000006c                uwTickPrio
 .data.SystemCoreClock
                0x0000000020000070        0x4 build/system_stm32l5xx.o
                0x0000000020000070                SystemCoreClock
 .data.USBD_CDC_CfgDesc
                0x0000000020000074       0x43 build/usbd_cdc.o
 *fill*         0x00000000200000b7        0x1 
 .data.USBD_CDC
                0x00000000200000b8       0x38 build/usbd_cdc.o
                0x00000000200000b8                USBD_CDC
 .data.USBD_CDC_DeviceQualifierDesc
                0x00000000200000f0        0xa build/usbd_cdc.o
 *fill*         0x00000000200000fa        0x2 
 .data._impure_ptr
                0x00000000200000fc        0x4 /home/yul/toolchain/arm-gnu-toolchain-12.2.rel1-x86_64-arm-none-eabi/bin/../lib/gcc/arm-none-eabi/12.2.1/../../../../arm-none-eabi/lib/thumb/v8-m.main+fp/hard/libc_nano.a(libc_a-impure.o)
                0x00000000200000fc                _impure_ptr
 .data._impure_data
                0x0000000020000100       0x4c /home/yul/toolchain/arm-gnu-toolchain-12.2.rel1-x86_64-arm-none-eabi/bin/../lib/gcc/arm-none-eabi/12.2.1/../../../../arm-none-eabi/lib/thumb/v8-m.main+fp/hard/libc_nano.a(libc_a-impure.o)
                0x0000000020000100                _impure_data
 .data.__sglue  0x000000002000014c        0xc /home/yul/toolchain/arm-gnu-toolchain-12.2.rel1-x86_64-arm-none-eabi/bin/../lib/gcc/arm-none-eabi/12.2.1/../../../../arm-none-eabi/lib/thumb/v8-m.main+fp/hard/libc_nano.a(libc_a-findfp.o)
                0x000000002000014c                __sglue
                0x0000000020000158                . = ALIGN (0x8)
                0x0000000020000158                _edata = .

.tm_clone_table
                0x0000000020000158        0x0 load address 0x0000000008006ee0
 .tm_clone_table
                0x0000000020000158        0x0 /home/yul/toolchain/arm-gnu-toolchain-12.2.rel1-x86_64-arm-none-eabi/bin/../lib/gcc/arm-none-eabi/12.2.1/thumb/v8-m.main+fp/hard/crtbegin.o
 .tm_clone_table
                0x0000000020000158        0x0 /home/yul/toolchain/arm-gnu-toolchain-12.2.rel1-x86_64-arm-none-eabi/bin/../lib/gcc/arm-none-eabi/12.2.1/thumb/v8-m.main+fp/hard/crtend.o

.igot.plt       0x0000000020000158        0x0 load address 0x0000000008006ee0
 .igot.plt      0x0000000020000158        0x0 /home/yul/toolchain/arm-gnu-toolchain-12.2.rel1-x86_64-arm-none-eabi/bin/../lib/gcc/arm-none-eabi/12.2.1/thumb/v8-m.main+fp/hard/crtbegin.o
                0x0000000020000158                . = ALIGN (0x8)

.bss            0x0000000020000158     0x1c18 load address 0x0000000008006ee0
                0x0000000020000158                _sbss = .
                0x0000000020000158                __bss_start__ = _sbss
 *(.bss)
 *(.bss*)
 .bss.completed.1
                0x0000000020000158        0x1 /home/yul/toolchain/arm-gnu-toolchain-12.2.rel1-x86_64-arm-none-eabi/bin/../lib/gcc/arm-none-eabi/12.2.1/thumb/v8-m.main+fp/hard/crtbegin.o
 *fill*         0x0000000020000159        0x3 
 .bss.object.0  0x000000002000015c       0x18 /home/yul/toolchain/arm-gnu-toolchain-12.2.rel1-x86_64-arm-none-eabi/bin/../lib/gcc/arm-none-eabi/12.2.1/thumb/v8-m.main+fp/hard/crtbegin.o
 .bss.rc.0      0x0000000020000174        0x1 build/main.o
 *fill*         0x0000000020000175        0x3 
 .bss.hi2c2     0x0000000020000178       0x54 build/main.o
                0x0000000020000178                hi2c2
 .bss.hi2c1     0x00000000200001cc       0x54 build/main.o
                0x00000000200001cc                hi2c1
 .bss.mem.0     0x0000000020000220      0x220 build/usbd_conf.o
 .bss.hpcd_USB_FS
                0x0000000020000440      0x2f4 build/usbd_conf.o
                0x0000000020000440                hpcd_USB_FS
 .bss.hUsbDeviceFS
                0x0000000020000734      0x2dc build/usb_device.o
                0x0000000020000734                hUsbDeviceFS
 .bss.USBD_StrDesc
                0x0000000020000a10      0x200 build/usbd_desc.o
                0x0000000020000a10                USBD_StrDesc
 .bss.UserTxBufferFS
                0x0000000020000c10      0x800 build/usbd_cdc_if.o
                0x0000000020000c10                UserTxBufferFS
 .bss.UserRxLength
                0x0000000020001410        0x1 build/usbd_cdc_if.o
 *fill*         0x0000000020001411        0x3 
 .bss.UserRxBufferFS
                0x0000000020001414      0x800 build/usbd_cdc_if.o
                0x0000000020001414                UserRxBufferFS
 .bss.uwTick    0x0000000020001c14        0x4 build/stm32l5xx_hal.o
                0x0000000020001c14                uwTick
 .bss.cfgidx.0  0x0000000020001c18        0x1 build/usbd_ctlreq.o
 *fill*         0x0000000020001c19        0x3 
 .bss.__sf      0x0000000020001c1c      0x138 /home/yul/toolchain/arm-gnu-toolchain-12.2.rel1-x86_64-arm-none-eabi/bin/../lib/gcc/arm-none-eabi/12.2.1/../../../../arm-none-eabi/lib/thumb/v8-m.main+fp/hard/libc_nano.a(libc_a-findfp.o)
                0x0000000020001c1c                __sf
 .bss.__stdio_exit_handler
                0x0000000020001d54        0x4 /home/yul/toolchain/arm-gnu-toolchain-12.2.rel1-x86_64-arm-none-eabi/bin/../lib/gcc/arm-none-eabi/12.2.1/../../../../arm-none-eabi/lib/thumb/v8-m.main+fp/hard/libc_nano.a(libc_a-findfp.o)
                0x0000000020001d54                __stdio_exit_handler
 .bss.__lock___malloc_recursive_mutex
                0x0000000020001d58        0x1 /home/yul/toolchain/arm-gnu-toolchain-12.2.rel1-x86_64-arm-none-eabi/bin/../lib/gcc/arm-none-eabi/12.2.1/../../../../arm-none-eabi/lib/thumb/v8-m.main+fp/hard/libc_nano.a(libc_a-lock.o)
                0x0000000020001d58                __lock___malloc_recursive_mutex
 .bss.__lock___sfp_recursive_mutex
                0x0000000020001d59        0x1 /home/yul/toolchain/arm-gnu-toolchain-12.2.rel1-x86_64-arm-none-eabi/bin/../lib/gcc/arm-none-eabi/12.2.1/../../../../arm-none-eabi/lib/thumb/v8-m.main+fp/hard/libc_nano.a(libc_a-lock.o)
                0x0000000020001d59                __lock___sfp_recursive_mutex
 *fill*         0x0000000020001d5a        0x2 
 .bss.errno     0x0000000020001d5c        0x4 /home/yul/toolchain/arm-gnu-toolchain-12.2.rel1-x86_64-arm-none-eabi/bin/../lib/gcc/arm-none-eabi/12.2.1/../../../../arm-none-eabi/lib/thumb/v8-m.main+fp/hard/libc_nano.a(libc_a-reent.o)
                0x0000000020001d5c                errno
 .bss.__malloc_sbrk_start
                0x0000000020001d60        0x4 /home/yul/toolchain/arm-gnu-toolchain-12.2.rel1-x86_64-arm-none-eabi/bin/../lib/gcc/arm-none-eabi/12.2.1/../../../../arm-none-eabi/lib/thumb/v8-m.main+fp/hard/libc_nano.a(libc_a-mallocr.o)
                0x0000000020001d60                __malloc_sbrk_start
 .bss.__malloc_free_list
                0x0000000020001d64        0x4 /home/yul/toolchain/arm-gnu-toolchain-12.2.rel1-x86_64-arm-none-eabi/bin/../lib/gcc/arm-none-eabi/12.2.1/../../../../arm-none-eabi/lib/thumb/v8-m.main+fp/hard/libc_nano.a(libc_a-mallocr.o)
                0x0000000020001d64                __malloc_free_list
 .bss.heap_end.0
                0x0000000020001d68        0x4 /home/yul/toolchain/arm-gnu-toolchain-12.2.rel1-x86_64-arm-none-eabi/bin/../lib/gcc/arm-none-eabi/12.2.1/../../../../arm-none-eabi/lib/thumb/v8-m.main+fp/hard/libnosys.a(sbrk.o)
 *(COMMON)
                0x0000000020001d70                . = ALIGN (0x8)
 *fill*         0x0000000020001d6c        0x4 
                0x0000000020001d70                _ebss = .
                0x0000000020001d70                __bss_end__ = _ebss

._user_heap_stack
                0x0000000020001d70     0x4200 load address 0x0000000008006ee0
                0x0000000020001d70                . = ALIGN (0x8)
                0x0000000020001d70                PROVIDE (end = .)
                [!provide]                        PROVIDE (_end = .)
                0x0000000020001f70                . = (. + _Min_Heap_Size)
 *fill*         0x0000000020001d70      0x200 
                0x0000000020005f70                . = (. + _Min_Stack_Size)
 *fill*         0x0000000020001f70     0x4000 
                0x0000000020005f70                . = ALIGN (0x8)

/DISCARD/
 libc.a(*)
 libm.a(*)
 libgcc.a(*)

.ARM.attributes
                0x0000000000000000       0x36
 *(.ARM.attributes)
 .ARM.attributes
                0x0000000000000000       0x26 /home/yul/toolchain/arm-gnu-toolchain-12.2.rel1-x86_64-arm-none-eabi/bin/../lib/gcc/arm-none-eabi/12.2.1/thumb/v8-m.main+fp/hard/crti.o
 .ARM.attributes
                0x0000000000000026       0x38 /home/yul/toolchain/arm-gnu-toolchain-12.2.rel1-x86_64-arm-none-eabi/bin/../lib/gcc/arm-none-eabi/12.2.1/thumb/v8-m.main+fp/hard/crtbegin.o
 .ARM.attributes
                0x000000000000005e       0x3a build/main.o
 .ARM.attributes
                0x0000000000000098       0x3a build/shell.o
 .ARM.attributes
                0x00000000000000d2       0x3a build/stm32l5xx_it.o
 .ARM.attributes
                0x000000000000010c       0x3a build/stm32l5xx_hal_msp.o
 .ARM.attributes
                0x0000000000000146       0x3a build/usbd_conf.o
 .ARM.attributes
                0x0000000000000180       0x3a build/usb_device.o
 .ARM.attributes
                0x00000000000001ba       0x3a build/usbd_desc.o
 .ARM.attributes
                0x00000000000001f4       0x3a build/usbd_cdc_if.o
 .ARM.attributes
                0x000000000000022e       0x3a build/stm32l5xx_hal_pcd.o
 .ARM.attributes
                0x0000000000000268       0x3a build/stm32l5xx_hal_pcd_ex.o
 .ARM.attributes
                0x00000000000002a2       0x3a build/stm32l5xx_ll_usb.o
 .ARM.attributes
                0x00000000000002dc       0x3a build/stm32l5xx_hal.o
 .ARM.attributes
                0x0000000000000316       0x3a build/stm32l5xx_hal_i2c.o
 .ARM.attributes
                0x0000000000000350       0x3a build/stm32l5xx_hal_i2c_ex.o
 .ARM.attributes
                0x000000000000038a       0x3a build/stm32l5xx_hal_rcc.o
 .ARM.attributes
                0x00000000000003c4       0x3a build/stm32l5xx_hal_rcc_ex.o
 .ARM.attributes
                0x00000000000003fe       0x3a build/stm32l5xx_hal_gpio.o
 .ARM.attributes
                0x0000000000000438       0x3a build/stm32l5xx_hal_pwr_ex.o
 .ARM.attributes
                0x0000000000000472       0x3a build/stm32l5xx_hal_cortex.o
 .ARM.attributes
                0x00000000000004ac       0x3a build/stm32l5xx_hal_icache.o
 .ARM.attributes
                0x00000000000004e6       0x3a build/system_stm32l5xx.o
 .ARM.attributes
                0x0000000000000520       0x3a build/usbd_core.o
 .ARM.attributes
                0x000000000000055a       0x3a build/usbd_ctlreq.o
 .ARM.attributes
                0x0000000000000594       0x3a build/usbd_ioreq.o
 .ARM.attributes
                0x00000000000005ce       0x3a build/usbd_cdc.o
 .ARM.attributes
                0x0000000000000608       0x24 build/startup_stm32l562xx.o
 .ARM.attributes
                0x000000000000062c       0x38 /home/yul/toolchain/arm-gnu-toolchain-12.2.rel1-x86_64-arm-none-eabi/bin/../lib/gcc/arm-none-eabi/12.2.1/../../../../arm-none-eabi/lib/thumb/v8-m.main+fp/hard/libc_nano.a(libc_a-init.o)
 .ARM.attributes
                0x0000000000000664       0x24 /home/yul/toolchain/arm-gnu-toolchain-12.2.rel1-x86_64-arm-none-eabi/bin/../lib/gcc/arm-none-eabi/12.2.1/../../../../arm-none-eabi/lib/thumb/v8-m.main+fp/hard/libc_nano.a(libc_a-strcmp.o)
 .ARM.attributes
                0x0000000000000688       0x38 /home/yul/toolchain/arm-gnu-toolchain-12.2.rel1-x86_64-arm-none-eabi/bin/../lib/gcc/arm-none-eabi/12.2.1/../../../../arm-none-eabi/lib/thumb/v8-m.main+fp/hard/libc_nano.a(libc_a-printf.o)
 .ARM.attributes
                0x00000000000006c0       0x38 /home/yul/toolchain/arm-gnu-toolchain-12.2.rel1-x86_64-arm-none-eabi/bin/../lib/gcc/arm-none-eabi/12.2.1/../../../../arm-none-eabi/lib/thumb/v8-m.main+fp/hard/libc_nano.a(libc_a-nano-vfprintf.o)
 .ARM.attributes
                0x00000000000006f8       0x38 /home/yul/toolchain/arm-gnu-toolchain-12.2.rel1-x86_64-arm-none-eabi/bin/../lib/gcc/arm-none-eabi/12.2.1/../../../../arm-none-eabi/lib/thumb/v8-m.main+fp/hard/libc_nano.a(libc_a-wbuf.o)
 .ARM.attributes
                0x0000000000000730       0x38 /home/yul/toolchain/arm-gnu-toolchain-12.2.rel1-x86_64-arm-none-eabi/bin/../lib/gcc/arm-none-eabi/12.2.1/../../../../arm-none-eabi/lib/thumb/v8-m.main+fp/hard/libc_nano.a(libc_a-wsetup.o)
 .ARM.attributes
                0x0000000000000768       0x38 /home/yul/toolchain/arm-gnu-toolchain-12.2.rel1-x86_64-arm-none-eabi/bin/../lib/gcc/arm-none-eabi/12.2.1/../../../../arm-none-eabi/lib/thumb/v8-m.main+fp/hard/libc_nano.a(libc_a-putchar.o)
 .ARM.attributes
                0x00000000000007a0       0x38 /home/yul/toolchain/arm-gnu-toolchain-12.2.rel1-x86_64-arm-none-eabi/bin/../lib/gcc/arm-none-eabi/12.2.1/../../../../arm-none-eabi/lib/thumb/v8-m.main+fp/hard/libc_nano.a(libc_a-nano-vfprintf_i.o)
 .ARM.attributes
                0x00000000000007d8       0x38 /home/yul/toolchain/arm-gnu-toolchain-12.2.rel1-x86_64-arm-none-eabi/bin/../lib/gcc/arm-none-eabi/12.2.1/../../../../arm-none-eabi/lib/thumb/v8-m.main+fp/hard/libc_nano.a(libc_a-puts.o)
 .ARM.attributes
                0x0000000000000810       0x38 /home/yul/toolchain/arm-gnu-toolchain-12.2.rel1-x86_64-arm-none-eabi/bin/../lib/gcc/arm-none-eabi/12.2.1/../../../../arm-none-eabi/lib/thumb/v8-m.main+fp/hard/libc_nano.a(libc_a-impure.o)
 .ARM.attributes
                0x0000000000000848       0x38 /home/yul/toolchain/arm-gnu-toolchain-12.2.rel1-x86_64-arm-none-eabi/bin/../lib/gcc/arm-none-eabi/12.2.1/../../../../arm-none-eabi/lib/thumb/v8-m.main+fp/hard/libc_nano.a(libc_a-fflush.o)
 .ARM.attributes
                0x0000000000000880       0x38 /home/yul/toolchain/arm-gnu-toolchain-12.2.rel1-x86_64-arm-none-eabi/bin/../lib/gcc/arm-none-eabi/12.2.1/../../../../arm-none-eabi/lib/thumb/v8-m.main+fp/hard/libc_nano.a(libc_a-memchr-stub.o)
 .ARM.attributes
                0x00000000000008b8       0x38 /home/yul/toolchain/arm-gnu-toolchain-12.2.rel1-x86_64-arm-none-eabi/bin/../lib/gcc/arm-none-eabi/12.2.1/../../../../arm-none-eabi/lib/thumb/v8-m.main+fp/hard/libc_nano.a(libc_a-memcpy-stub.o)
 .ARM.attributes
                0x00000000000008f0       0x38 /home/yul/toolchain/arm-gnu-toolchain-12.2.rel1-x86_64-arm-none-eabi/bin/../lib/gcc/arm-none-eabi/12.2.1/../../../../arm-none-eabi/lib/thumb/v8-m.main+fp/hard/libc_nano.a(libc_a-findfp.o)
 .ARM.attributes
                0x0000000000000928       0x38 /home/yul/toolchain/arm-gnu-toolchain-12.2.rel1-x86_64-arm-none-eabi/bin/../lib/gcc/arm-none-eabi/12.2.1/../../../../arm-none-eabi/lib/thumb/v8-m.main+fp/hard/libc_nano.a(libc_a-stdio.o)
 .ARM.attributes
                0x0000000000000960       0x38 /home/yul/toolchain/arm-gnu-toolchain-12.2.rel1-x86_64-arm-none-eabi/bin/../lib/gcc/arm-none-eabi/12.2.1/../../../../arm-none-eabi/lib/thumb/v8-m.main+fp/hard/libc_nano.a(libc_a-writer.o)
 .ARM.attributes
                0x0000000000000998       0x38 /home/yul/toolchain/arm-gnu-toolchain-12.2.rel1-x86_64-arm-none-eabi/bin/../lib/gcc/arm-none-eabi/12.2.1/../../../../arm-none-eabi/lib/thumb/v8-m.main+fp/hard/libc_nano.a(libc_a-fwalk.o)
 .ARM.attributes
                0x00000000000009d0       0x38 /home/yul/toolchain/arm-gnu-toolchain-12.2.rel1-x86_64-arm-none-eabi/bin/../lib/gcc/arm-none-eabi/12.2.1/../../../../arm-none-eabi/lib/thumb/v8-m.main+fp/hard/libc_nano.a(libc_a-memset.o)
 .ARM.attributes
                0x0000000000000a08       0x38 /home/yul/toolchain/arm-gnu-toolchain-12.2.rel1-x86_64-arm-none-eabi/bin/../lib/gcc/arm-none-eabi/12.2.1/../../../../arm-none-eabi/lib/thumb/v8-m.main+fp/hard/libc_nano.a(libc_a-freer.o)
 .ARM.attributes
                0x0000000000000a40       0x38 /home/yul/toolchain/arm-gnu-toolchain-12.2.rel1-x86_64-arm-none-eabi/bin/../lib/gcc/arm-none-eabi/12.2.1/../../../../arm-none-eabi/lib/thumb/v8-m.main+fp/hard/libc_nano.a(libc_a-lock.o)
 .ARM.attributes
                0x0000000000000a78       0x38 /home/yul/toolchain/arm-gnu-toolchain-12.2.rel1-x86_64-arm-none-eabi/bin/../lib/gcc/arm-none-eabi/12.2.1/../../../../arm-none-eabi/lib/thumb/v8-m.main+fp/hard/libc_nano.a(libc_a-makebuf.o)
 .ARM.attributes
                0x0000000000000ab0       0x38 /home/yul/toolchain/arm-gnu-toolchain-12.2.rel1-x86_64-arm-none-eabi/bin/../lib/gcc/arm-none-eabi/12.2.1/../../../../arm-none-eabi/lib/thumb/v8-m.main+fp/hard/libc_nano.a(libc_a-putc.o)
 .ARM.attributes
                0x0000000000000ae8       0x38 /home/yul/toolchain/arm-gnu-toolchain-12.2.rel1-x86_64-arm-none-eabi/bin/../lib/gcc/arm-none-eabi/12.2.1/../../../../arm-none-eabi/lib/thumb/v8-m.main+fp/hard/libc_nano.a(libc_a-closer.o)
 .ARM.attributes
                0x0000000000000b20       0x38 /home/yul/toolchain/arm-gnu-toolchain-12.2.rel1-x86_64-arm-none-eabi/bin/../lib/gcc/arm-none-eabi/12.2.1/../../../../arm-none-eabi/lib/thumb/v8-m.main+fp/hard/libc_nano.a(libc_a-reent.o)
 .ARM.attributes
                0x0000000000000b58       0x38 /home/yul/toolchain/arm-gnu-toolchain-12.2.rel1-x86_64-arm-none-eabi/bin/../lib/gcc/arm-none-eabi/12.2.1/../../../../arm-none-eabi/lib/thumb/v8-m.main+fp/hard/libc_nano.a(libc_a-mallocr.o)
 .ARM.attributes
                0x0000000000000b90       0x38 /home/yul/toolchain/arm-gnu-toolchain-12.2.rel1-x86_64-arm-none-eabi/bin/../lib/gcc/arm-none-eabi/12.2.1/../../../../arm-none-eabi/lib/thumb/v8-m.main+fp/hard/libc_nano.a(libc_a-fstatr.o)
 .ARM.attributes
                0x0000000000000bc8       0x38 /home/yul/toolchain/arm-gnu-toolchain-12.2.rel1-x86_64-arm-none-eabi/bin/../lib/gcc/arm-none-eabi/12.2.1/../../../../arm-none-eabi/lib/thumb/v8-m.main+fp/hard/libc_nano.a(libc_a-isattyr.o)
 .ARM.attributes
                0x0000000000000c00       0x38 /home/yul/toolchain/arm-gnu-toolchain-12.2.rel1-x86_64-arm-none-eabi/bin/../lib/gcc/arm-none-eabi/12.2.1/../../../../arm-none-eabi/lib/thumb/v8-m.main+fp/hard/libc_nano.a(libc_a-lseekr.o)
 .ARM.attributes
                0x0000000000000c38       0x38 /home/yul/toolchain/arm-gnu-toolchain-12.2.rel1-x86_64-arm-none-eabi/bin/../lib/gcc/arm-none-eabi/12.2.1/../../../../arm-none-eabi/lib/thumb/v8-m.main+fp/hard/libc_nano.a(libc_a-readr.o)
 .ARM.attributes
                0x0000000000000c70       0x38 /home/yul/toolchain/arm-gnu-toolchain-12.2.rel1-x86_64-arm-none-eabi/bin/../lib/gcc/arm-none-eabi/12.2.1/../../../../arm-none-eabi/lib/thumb/v8-m.main+fp/hard/libc_nano.a(libc_a-mlock.o)
 .ARM.attributes
                0x0000000000000ca8       0x38 /home/yul/toolchain/arm-gnu-toolchain-12.2.rel1-x86_64-arm-none-eabi/bin/../lib/gcc/arm-none-eabi/12.2.1/../../../../arm-none-eabi/lib/thumb/v8-m.main+fp/hard/libc_nano.a(libc_a-sbrkr.o)
 .ARM.attributes
                0x0000000000000ce0       0x38 /home/yul/toolchain/arm-gnu-toolchain-12.2.rel1-x86_64-arm-none-eabi/bin/../lib/gcc/arm-none-eabi/12.2.1/../../../../arm-none-eabi/lib/thumb/v8-m.main+fp/hard/libnosys.a(close.o)
 .ARM.attributes
                0x0000000000000d18       0x38 /home/yul/toolchain/arm-gnu-toolchain-12.2.rel1-x86_64-arm-none-eabi/bin/../lib/gcc/arm-none-eabi/12.2.1/../../../../arm-none-eabi/lib/thumb/v8-m.main+fp/hard/libnosys.a(fstat.o)
 .ARM.attributes
                0x0000000000000d50       0x38 /home/yul/toolchain/arm-gnu-toolchain-12.2.rel1-x86_64-arm-none-eabi/bin/../lib/gcc/arm-none-eabi/12.2.1/../../../../arm-none-eabi/lib/thumb/v8-m.main+fp/hard/libnosys.a(isatty.o)
 .ARM.attributes
                0x0000000000000d88       0x38 /home/yul/toolchain/arm-gnu-toolchain-12.2.rel1-x86_64-arm-none-eabi/bin/../lib/gcc/arm-none-eabi/12.2.1/../../../../arm-none-eabi/lib/thumb/v8-m.main+fp/hard/libnosys.a(lseek.o)
 .ARM.attributes
                0x0000000000000dc0       0x38 /home/yul/toolchain/arm-gnu-toolchain-12.2.rel1-x86_64-arm-none-eabi/bin/../lib/gcc/arm-none-eabi/12.2.1/../../../../arm-none-eabi/lib/thumb/v8-m.main+fp/hard/libnosys.a(read.o)
 .ARM.attributes
                0x0000000000000df8       0x38 /home/yul/toolchain/arm-gnu-toolchain-12.2.rel1-x86_64-arm-none-eabi/bin/../lib/gcc/arm-none-eabi/12.2.1/../../../../arm-none-eabi/lib/thumb/v8-m.main+fp/hard/libnosys.a(sbrk.o)
 .ARM.attributes
                0x0000000000000e30       0x38 /home/yul/toolchain/arm-gnu-toolchain-12.2.rel1-x86_64-arm-none-eabi/bin/../lib/gcc/arm-none-eabi/12.2.1/thumb/v8-m.main+fp/hard/crtend.o
 .ARM.attributes
                0x0000000000000e68       0x26 /home/yul/toolchain/arm-gnu-toolchain-12.2.rel1-x86_64-arm-none-eabi/bin/../lib/gcc/arm-none-eabi/12.2.1/thumb/v8-m.main+fp/hard/crtn.o
OUTPUT(build/debug_asus_falchion.elf elf32-littlearm)
LOAD linker stubs
LOAD /home/yul/toolchain/arm-gnu-toolchain-12.2.rel1-x86_64-arm-none-eabi/bin/../lib/gcc/arm-none-eabi/12.2.1/../../../../arm-none-eabi/lib/thumb/v8-m.main+fp/hard/libc.a
LOAD /home/yul/toolchain/arm-gnu-toolchain-12.2.rel1-x86_64-arm-none-eabi/bin/../lib/gcc/arm-none-eabi/12.2.1/../../../../arm-none-eabi/lib/thumb/v8-m.main+fp/hard/libm.a
LOAD /home/yul/toolchain/arm-gnu-toolchain-12.2.rel1-x86_64-arm-none-eabi/bin/../lib/gcc/arm-none-eabi/12.2.1/thumb/v8-m.main+fp/hard/libgcc.a

.debug_info     0x0000000000000000    0x1fc4b
 .debug_info    0x0000000000000000     0x19ef build/main.o
 .debug_info    0x00000000000019ef     0x1cf8 build/shell.o
 .debug_info    0x00000000000036e7      0x774 build/stm32l5xx_it.o
 .debug_info    0x0000000000003e5b     0x1782 build/stm32l5xx_hal_msp.o
 .debug_info    0x00000000000055dd     0x2beb build/usbd_conf.o
 .debug_info    0x00000000000081c8      0x8a4 build/usb_device.o
 .debug_info    0x0000000000008a6c      0x657 build/usbd_desc.o
 .debug_info    0x00000000000090c3      0xc1d build/usbd_cdc_if.o
 .debug_info    0x0000000000009ce0     0x1dbd build/stm32l5xx_hal_pcd.o
 .debug_info    0x000000000000ba9d      0xa9d build/stm32l5xx_hal_pcd_ex.o
 .debug_info    0x000000000000c53a     0x1b43 build/stm32l5xx_ll_usb.o
 .debug_info    0x000000000000e07d      0xf8b build/stm32l5xx_hal.o
 .debug_info    0x000000000000f008     0x45a2 build/stm32l5xx_hal_i2c.o
 .debug_info    0x00000000000135aa      0xdf7 build/stm32l5xx_hal_i2c_ex.o
 .debug_info    0x00000000000143a1     0x154a build/stm32l5xx_hal_rcc.o
 .debug_info    0x00000000000158eb     0x18fb build/stm32l5xx_hal_rcc_ex.o
 .debug_info    0x00000000000171e6      0x728 build/stm32l5xx_hal_gpio.o
 .debug_info    0x000000000001790e     0x109b build/stm32l5xx_hal_pwr_ex.o
 .debug_info    0x00000000000189a9     0x1563 build/stm32l5xx_hal_cortex.o
 .debug_info    0x0000000000019f0c      0x6bf build/stm32l5xx_hal_icache.o
 .debug_info    0x000000000001a5cb      0x8fb build/system_stm32l5xx.o
 .debug_info    0x000000000001aec6     0x144a build/usbd_core.o
 .debug_info    0x000000000001c310     0x1599 build/usbd_ctlreq.o
 .debug_info    0x000000000001d8a9      0x9c2 build/usbd_ioreq.o
 .debug_info    0x000000000001e26b     0x19b0 build/usbd_cdc.o
 .debug_info    0x000000000001fc1b       0x30 build/startup_stm32l562xx.o

.debug_abbrev   0x0000000000000000     0x4208
 .debug_abbrev  0x0000000000000000      0x331 build/main.o
 .debug_abbrev  0x0000000000000331      0x34d build/shell.o
 .debug_abbrev  0x000000000000067e      0x183 build/stm32l5xx_it.o
 .debug_abbrev  0x0000000000000801      0x242 build/stm32l5xx_hal_msp.o
 .debug_abbrev  0x0000000000000a43      0x39d build/usbd_conf.o
 .debug_abbrev  0x0000000000000de0      0x19c build/usb_device.o
 .debug_abbrev  0x0000000000000f7c      0x24b build/usbd_desc.o
 .debug_abbrev  0x00000000000011c7      0x32d build/usbd_cdc_if.o
 .debug_abbrev  0x00000000000014f4      0x300 build/stm32l5xx_hal_pcd.o
 .debug_abbrev  0x00000000000017f4      0x25a build/stm32l5xx_hal_pcd_ex.o
 .debug_abbrev  0x0000000000001a4e      0x309 build/stm32l5xx_ll_usb.o
 .debug_abbrev  0x0000000000001d57      0x2e1 build/stm32l5xx_hal.o
 .debug_abbrev  0x0000000000002038      0x2dd build/stm32l5xx_hal_i2c.o
 .debug_abbrev  0x0000000000002315      0x1c4 build/stm32l5xx_hal_i2c_ex.o
 .debug_abbrev  0x00000000000024d9      0x301 build/stm32l5xx_hal_rcc.o
 .debug_abbrev  0x00000000000027da      0x2ed build/stm32l5xx_hal_rcc_ex.o
 .debug_abbrev  0x0000000000002ac7      0x221 build/stm32l5xx_hal_gpio.o
 .debug_abbrev  0x0000000000002ce8      0x2c7 build/stm32l5xx_hal_pwr_ex.o
 .debug_abbrev  0x0000000000002faf      0x3da build/stm32l5xx_hal_cortex.o
 .debug_abbrev  0x0000000000003389      0x24d build/stm32l5xx_hal_icache.o
 .debug_abbrev  0x00000000000035d6      0x11b build/system_stm32l5xx.o
 .debug_abbrev  0x00000000000036f1      0x2ec build/usbd_core.o
 .debug_abbrev  0x00000000000039dd      0x359 build/usbd_ctlreq.o
 .debug_abbrev  0x0000000000003d36      0x195 build/usbd_ioreq.o
 .debug_abbrev  0x0000000000003ecb      0x320 build/usbd_cdc.o
 .debug_abbrev  0x00000000000041eb       0x1d build/startup_stm32l562xx.o

.debug_loc      0x0000000000000000    0x13e5e
 .debug_loc     0x0000000000000000      0x188 build/main.o
 .debug_loc     0x0000000000000188      0x46e build/shell.o
 .debug_loc     0x00000000000005f6       0x40 build/stm32l5xx_it.o
 .debug_loc     0x0000000000000636      0x240 build/stm32l5xx_hal_msp.o
 .debug_loc     0x0000000000000876     0x1084 build/usbd_conf.o
 .debug_loc     0x00000000000018fa       0x20 build/usb_device.o
 .debug_loc     0x000000000000191a      0x47b build/usbd_desc.o
 .debug_loc     0x0000000000001d95      0x2a1 build/usbd_cdc_if.o
 .debug_loc     0x0000000000002036     0x17e2 build/stm32l5xx_hal_pcd.o
 .debug_loc     0x0000000000003818      0x2b2 build/stm32l5xx_hal_pcd_ex.o
 .debug_loc     0x0000000000003aca     0x1920 build/stm32l5xx_ll_usb.o
 .debug_loc     0x00000000000053ea      0x3af build/stm32l5xx_hal.o
 .debug_loc     0x0000000000005799     0x5888 build/stm32l5xx_hal_i2c.o
 .debug_loc     0x000000000000b021      0x237 build/stm32l5xx_hal_i2c_ex.o
 .debug_loc     0x000000000000b258      0xcd8 build/stm32l5xx_hal_rcc.o
 .debug_loc     0x000000000000bf30     0x278c build/stm32l5xx_hal_rcc_ex.o
 .debug_loc     0x000000000000e6bc      0x432 build/stm32l5xx_hal_gpio.o
 .debug_loc     0x000000000000eaee      0x9fe build/stm32l5xx_hal_pwr_ex.o
 .debug_loc     0x000000000000f4ec      0x913 build/stm32l5xx_hal_cortex.o
 .debug_loc     0x000000000000fdff      0x522 build/stm32l5xx_hal_icache.o
 .debug_loc     0x0000000000010321      0x127 build/system_stm32l5xx.o
 .debug_loc     0x0000000000010448     0x102a build/usbd_core.o
 .debug_loc     0x0000000000011472     0x1a78 build/usbd_ctlreq.o
 .debug_loc     0x0000000000012eea      0x398 build/usbd_ioreq.o
 .debug_loc     0x0000000000013282      0xbdc build/usbd_cdc.o

.debug_aranges  0x0000000000000000     0x11a8
 .debug_aranges
                0x0000000000000000       0x58 build/main.o
 .debug_aranges
                0x0000000000000058       0x50 build/shell.o
 .debug_aranges
                0x00000000000000a8       0x68 build/stm32l5xx_it.o
 .debug_aranges
                0x0000000000000110       0x40 build/stm32l5xx_hal_msp.o
 .debug_aranges
                0x0000000000000150      0x120 build/usbd_conf.o
 .debug_aranges
                0x0000000000000270       0x20 build/usb_device.o
 .debug_aranges
                0x0000000000000290       0x60 build/usbd_desc.o
 .debug_aranges
                0x00000000000002f0       0x50 build/usbd_cdc_if.o
 .debug_aranges
                0x0000000000000340      0x138 build/stm32l5xx_hal_pcd.o
 .debug_aranges
                0x0000000000000478       0x58 build/stm32l5xx_hal_pcd_ex.o
 .debug_aranges
                0x00000000000004d0       0xb8 build/stm32l5xx_ll_usb.o
 .debug_aranges
                0x0000000000000588      0x130 build/stm32l5xx_hal.o
 .debug_aranges
                0x00000000000006b8      0x2a0 build/stm32l5xx_hal_i2c.o
 .debug_aranges
                0x0000000000000958       0x48 build/stm32l5xx_hal_i2c_ex.o
 .debug_aranges
                0x00000000000009a0       0xa8 build/stm32l5xx_hal_rcc.o
 .debug_aranges
                0x0000000000000a48      0x118 build/stm32l5xx_hal_rcc_ex.o
 .debug_aranges
                0x0000000000000b60       0x60 build/stm32l5xx_hal_gpio.o
 .debug_aranges
                0x0000000000000bc0      0x1b8 build/stm32l5xx_hal_pwr_ex.o
 .debug_aranges
                0x0000000000000d78       0xf8 build/stm32l5xx_hal_cortex.o
 .debug_aranges
                0x0000000000000e70       0xa8 build/stm32l5xx_hal_icache.o
 .debug_aranges
                0x0000000000000f18       0x28 build/system_stm32l5xx.o
 .debug_aranges
                0x0000000000000f40       0xd8 build/usbd_core.o
 .debug_aranges
                0x0000000000001018       0x88 build/usbd_ctlreq.o
 .debug_aranges
                0x00000000000010a0       0x50 build/usbd_ioreq.o
 .debug_aranges
                0x00000000000010f0       0x90 build/usbd_cdc.o
 .debug_aranges
                0x0000000000001180       0x28 build/startup_stm32l562xx.o

.debug_ranges   0x0000000000000000     0x1370
 .debug_ranges  0x0000000000000000       0x48 build/main.o
 .debug_ranges  0x0000000000000048       0x58 build/shell.o
 .debug_ranges  0x00000000000000a0       0x58 build/stm32l5xx_it.o
 .debug_ranges  0x00000000000000f8       0x30 build/stm32l5xx_hal_msp.o
 .debug_ranges  0x0000000000000128      0x110 build/usbd_conf.o
 .debug_ranges  0x0000000000000238       0x10 build/usb_device.o
 .debug_ranges  0x0000000000000248       0x50 build/usbd_desc.o
 .debug_ranges  0x0000000000000298       0x40 build/usbd_cdc_if.o
 .debug_ranges  0x00000000000002d8      0x208 build/stm32l5xx_hal_pcd.o
 .debug_ranges  0x00000000000004e0       0x48 build/stm32l5xx_hal_pcd_ex.o
 .debug_ranges  0x0000000000000528      0x2e0 build/stm32l5xx_ll_usb.o